#domain
hospital
#levelname
AlphaMAS
#colors
red:    0, A
blue:   1, B
green:  2, C
orange: 3, D
purple: 4, E
#initial
++++++++++++++++++++
+0 A     +    B  1 +
+   ++++  +  +     +
+ C +        + D   +
+   + ++++++ +     +
+     +    +       +
+ E   +    +   2   +
+   +++++  +       +
+3      +      4   +
+       +          +
+                  +
++++++++++++++++++++
#goal
++++++++++++++++++++
+        +  A      +
+   ++++  +  +     +
+ B +        +     +
+   + ++++++ +     +
+     +    +  D    +
+     +    +       +
+   +++++  +       +
+       +   C      +
+       +      E   +
+                  +
++++++++++++++++++++
#end
#clientname
Dracarys
#actions
12188281500:Move(E)@Move(E)|Move(W)@Move(W)|Move(W)@Move(W)|Move(N)@Move(N)|Move(S)@Move(S)
12188489600:Push(E,E)@Push(E,E)|Move(W)@Move(W)|Move(W)@Move(W)|Move(N)@Move(N)|Move(S)@Move(S)
12188655100:Push(E,E)@Push(E,E)|Push(W,W)@Push(W,W)|Move(N)@Move(N)|Move(N)@Move(N)|Move(W)@Move(W)
12188805400:Push(E,E)@Push(E,E)|NoOp@NoOp|Move(W)@Move(W)|Move(E)@Move(E)|Move(W)@Move(W)
12188962500:Push(E,E)@Push(E,E)|NoOp@NoOp|Move(N)@Move(N)|Move(E)@Move(E)|Move(W)@Move(W)
12189111500:Push(E,E)@Push(E,E)|NoOp@NoOp|Move(N)@Move(N)|Move(E)@Move(E)|Move(W)@Move(W)
12189229800:Push(E,S)@Push(E,S)|NoOp@NoOp|Move(W)@Move(W)|Move(E)@Move(E)|Move(W)@Move(W)
12189351100:NoOp@NoOp|NoOp@NoOp|Move(W)@Move(W)|Move(N)@Move(N)|Move(W)@Move(W)
12189485100:NoOp@NoOp|NoOp@NoOp|Move(W)@Move(W)|Move(N)@Move(N)|Move(W)@Move(W)
12189605300:NoOp@NoOp|NoOp@NoOp|Move(N)@Move(N)|Move(E)@Move(E)|Move(W)@Move(W)
12189725800:NoOp@NoOp|NoOp@NoOp|NoOp@NoOp|Move(E)@Move(E)|Move(N)@Move(N)
12189883800:NoOp@NoOp|NoOp@NoOp|NoOp@NoOp|Move(E)@Move(E)|Move(N)@Move(N)
12190017500:NoOp@NoOp|NoOp@NoOp|NoOp@NoOp|Move(E)@Move(E)|Move(W)@Move(W)
12190137600:Push(S,S)@Push(S,S)|NoOp@NoOp|NoOp@NoOp|Move(E)@Move(E)|Move(W)@Move(W)
12190247000:Push(S,E)@Push(S,E)|NoOp@NoOp|NoOp@NoOp|Move(E)@Move(E)|Move(W)@Move(W)
12190349900:Push(E,E)@Push(E,E)|NoOp@NoOp|Move(W)@Move(W)|Move(E)@Move(E)|Move(W)@Move(W)
12190452300:Push(E,E)@Push(E,E)|NoOp@NoOp|Move(N)@Move(N)|Move(S)@Move(S)|Move(N)@Move(N)
12190563800:Push(E,N)@Push(E,N)|NoOp@NoOp|Move(W)@Move(W)|Move(S)@Move(S)|Move(N)@Move(N)
12190689900:Push(N,N)@Push(N,N)|NoOp@NoOp|Move(W)@Move(W)|Move(E)@Move(E)|Push(W,S)@Push(W,S)
12190803400:Push(N,E)@Push(N,E)|NoOp@NoOp|Move(W)@Move(W)|Move(E)@Move(E)|Push(S,S)@Push(S,S)
12190938800:Pull(S,W)@Pull(S,W)|NoOp@NoOp|Move(W)@Move(W)|Move(N)@Move(N)|Push(S,S)@Push(S,S)
12191079900:Push(N,W)@Push(N,W)|Push(W,W)@Push(W,W)|Move(W)@Move(W)|Move(N)@Move(N)|Push(S,S)@Push(S,S)
12191205900:NoOp@NoOp|Push(W,S)@Push(W,S)|Move(S)@Move(S)|Push(E,S)@Push(E,S)|Push(S,E)@Push(S,E)
12191299900:NoOp@NoOp|NoOp@NoOp|Move(S)@Move(S)|Push(S,S)@Push(S,S)|Push(E,E)@Push(E,E)
12191375300:NoOp@NoOp|NoOp@NoOp|Push(W,N)@Push(W,N)|Push(S,W)@Push(S,W)|Push(E,E)@Push(E,E)
12191461900:NoOp@NoOp|NoOp@NoOp|Push(N,N)@Push(N,N)|NoOp@NoOp|Push(E,E)@Push(E,E)
12191574400:NoOp@NoOp|NoOp@NoOp|Push(N,E)@Push(N,E)|NoOp@NoOp|Push(E,E)@Push(E,E)
12191660100:NoOp@NoOp|NoOp@NoOp|Push(E,E)@Push(E,E)|NoOp@NoOp|Push(E,E)@Push(E,E)
12191731700:NoOp@NoOp|NoOp@NoOp|Push(E,E)@Push(E,E)|NoOp@NoOp|Push(E,E)@Push(E,E)
12191820000:NoOp@NoOp|NoOp@NoOp|Push(E,E)@Push(E,E)|NoOp@NoOp|Push(E,N)@Push(E,N)
12191901900:NoOp@NoOp|NoOp@NoOp|Push(E,E)@Push(E,E)|NoOp@NoOp|Push(N,E)@Push(N,E)
12191970000:NoOp@NoOp|NoOp@NoOp|Push(E,E)@Push(E,E)|NoOp@NoOp|Push(E,E)@Push(E,E)
12192065400:NoOp@NoOp|NoOp@NoOp|Push(E,S)@Push(E,S)|NoOp@NoOp|Push(E,E)@Push(E,E)
12192178700:NoOp@NoOp|NoOp@NoOp|Push(S,S)@Push(S,S)|NoOp@NoOp|Push(E,E)@Push(E,E)
12192285200:NoOp@NoOp|NoOp@NoOp|Push(S,E)@Push(S,E)|NoOp@NoOp|Push(E,E)@Push(E,E)
12192391600:NoOp@NoOp|NoOp@NoOp|Push(E,E)@Push(E,E)|NoOp@NoOp|Push(E,E)@Push(E,E)
12192495500:NoOp@NoOp|NoOp@NoOp|Push(E,E)@Push(E,E)|NoOp@NoOp|NoOp@NoOp
12192602700:NoOp@NoOp|NoOp@NoOp|Push(E,E)@Push(E,E)|NoOp@NoOp|NoOp@NoOp
12192692800:NoOp@NoOp|NoOp@NoOp|Push(E,S)@Push(E,S)|NoOp@NoOp|NoOp@NoOp
12192795100:NoOp@NoOp|NoOp@NoOp|Push(S,S)@Push(S,S)|NoOp@NoOp|NoOp@NoOp
12192904300:NoOp@NoOp|Push(S,S)@Push(S,S)|Push(S,S)@Push(S,S)|NoOp@NoOp|NoOp@NoOp
12192995100:Pull(E,E)@Pull(E,E)|Push(S,W)@Push(S,W)|Push(S,S)@Push(S,S)|NoOp@NoOp|NoOp@NoOp
12193082800:Pull(E,E)@Pull(E,E)|Push(W,W)@Push(W,W)|Push(S,S)@Push(S,S)|NoOp@NoOp|NoOp@NoOp
12193196000:NoOp@NoOp|Push(W,W)@Push(W,W)|NoOp@NoOp|NoOp@NoOp|NoOp@NoOp
12193286300:NoOp@NoOp|Push(W,N)@Push(W,N)|NoOp@NoOp|NoOp@NoOp|NoOp@NoOp
12193391200:NoOp@NoOp|Push(N,W)@Push(N,W)|NoOp@NoOp|NoOp@NoOp|NoOp@NoOp
12193516200:NoOp@NoOp|Push(W,N)@Push(W,N)|NoOp@NoOp|NoOp@NoOp|NoOp@NoOp
12193634300:NoOp@NoOp|Push(N,W)@Push(N,W)|NoOp@NoOp|NoOp@NoOp|NoOp@NoOp
12193728800:NoOp@NoOp|Push(W,W)@Push(W,W)|NoOp@NoOp|NoOp@NoOp|NoOp@NoOp
12193839600:NoOp@NoOp|Push(W,W)@Push(W,W)|NoOp@NoOp|NoOp@NoOp|NoOp@NoOp
12193990400:NoOp@NoOp|Push(W,W)@Push(W,W)|NoOp@NoOp|NoOp@NoOp|NoOp@NoOp
12194119700:NoOp@NoOp|Push(W,W)@Push(W,W)|NoOp@NoOp|NoOp@NoOp|NoOp@NoOp
12194225500:NoOp@NoOp|Push(W,S)@Push(W,S)|NoOp@NoOp|NoOp@NoOp|NoOp@NoOp
12194351700:NoOp@NoOp|Push(S,S)@Push(S,S)|NoOp@NoOp|NoOp@NoOp|NoOp@NoOp
12194460400:NoOp@NoOp|Push(S,W)@Push(S,W)|NoOp@NoOp|NoOp@NoOp|NoOp@NoOp
#end
#solved
true
#numactions
55
#time
12194460400
#end
