#domain
hospital
#levelname
AssertFun
#colors
blue: 0, B
red: 1, A
purple: 2, C
#initial
+++++++++++++++++++++++++++++
+   C                   C   +
+ 1 CCCCCCCCCC CCCCCCCCCC 0 +
+   C  C  C  C C  C  C  C   +
+   C  C  C  C C  C  C  C   +
+  CC  C  C  C C  C  C  CC  +
+      C  C  C C  C  C      +
+      C  C  C C  C  C      +
+  CCCCC  C  C C  C  CCCCC  +
+         C  C C  C         +
+         C  C C  C         +
+  CCCCCCCC  C C  CCCCCCCC  +
+            C C            +
+            C C            +
+  CCCCCCCCCCC CCCCCCCCCCC  +
+  C         C C         C  +
+  C         C C         C  +
+  C         C C         C  +
+  C         C C         C  +
+            C C            +
+  C         C C         C  +
+CCC         C C         CCC+
+        CCCCC CCCCC        +
+        C         C        +
+        C CCCCCCC C        +
+ C      C CBABABC C      C +
+ C C    C CA C AC C    C C +
+ CCCCCCCC CB 2CBC CCCCCCCC +
+          CA C AC          +
+++++++++++++++++++++++++++++
#goal
+++++++++++++++++++++++++++++
+    1                 0    +
+                           +
+                           +
+                           +
+                           +
+                           +
+                           +
+                           +
+                           +
+                           +
+                           +
+                           +
+                           +
+                           +
+                           +
+                           +
+                           +
+                           +
+                           +
+                           +
+                           +
+                           +
+                           +
+                           +
+                           +
+                           +
+                           +
+                           +
+++++++++++++++++++++++++++++
#end
#clientname
Dracarys
#actions
30949100:Move(S)@Move(S)|Move(S)@Move(S)|NoOp@NoOp
31129600:Move(S)@Move(S)|Move(S)@Move(S)|NoOp@NoOp
31234300:Move(S)@Move(S)|Move(S)@Move(S)|NoOp@NoOp
31374400:Move(S)@Move(S)|Move(S)@Move(S)|NoOp@NoOp
31495500:Move(S)@Move(S)|Move(S)@Move(S)|NoOp@NoOp
31604900:Move(S)@Move(S)|Move(S)@Move(S)|NoOp@NoOp
31714500:Move(S)@Move(S)|Move(S)@Move(S)|NoOp@NoOp
31821000:Move(S)@Move(S)|Move(S)@Move(S)|NoOp@NoOp
31941000:Move(S)@Move(S)|Move(S)@Move(S)|NoOp@NoOp
32080100:Move(S)@Move(S)|Move(S)@Move(S)|NoOp@NoOp
32212800:Move(S)@Move(S)|Move(S)@Move(S)|NoOp@NoOp
32319600:Move(S)@Move(S)|Move(S)@Move(S)|NoOp@NoOp
32454500:Move(S)@Move(S)|Move(S)@Move(S)|NoOp@NoOp
32566600:Move(S)@Move(S)|Move(S)@Move(S)|NoOp@NoOp
32666500:Move(S)@Move(S)|Move(S)@Move(S)|NoOp@NoOp
32756300:Move(S)@Move(S)|Move(S)@Move(S)|NoOp@NoOp
32868100:Move(S)@Move(S)|Move(S)@Move(S)|NoOp@NoOp
32988100:Move(W)@Move(W)|Move(E)@Move(E)|NoOp@NoOp
33084000:Move(W)@Move(W)|Move(E)@Move(E)|NoOp@NoOp
33189600:Move(S)@Move(S)|Move(S)@Move(S)|NoOp@NoOp
33281400:Move(S)@Move(S)|Move(S)@Move(S)|NoOp@NoOp
33382900:Move(S)@Move(S)|Move(S)@Move(S)|NoOp@NoOp
33487700:Move(S)@Move(S)|Move(S)@Move(S)|NoOp@NoOp
33593400:Move(S)@Move(S)|Move(S)@Move(S)|NoOp@NoOp
33717000:Move(E)@Move(E)|Move(W)@Move(W)|NoOp@NoOp
33806600:Move(E)@Move(E)|Move(W)@Move(W)|NoOp@NoOp
33889600:Move(E)@Move(E)|Move(W)@Move(W)|NoOp@NoOp
33987400:Move(S)@Move(S)|Move(S)@Move(S)|NoOp@NoOp
34112600:Move(S)@Move(S)|Move(S)@Move(S)|NoOp@NoOp
34212300:Move(S)@Move(S)|Move(S)@Move(S)|NoOp@NoOp
34287800:Move(S)@Move(S)|Move(S)@Move(S)|NoOp@NoOp
34370300:Move(W)@Move(W)|Move(E)@Move(E)|NoOp@NoOp
34462400:Move(W)@Move(W)|Move(E)@Move(E)|NoOp@NoOp
34537600:Move(W)@Move(W)|Move(E)@Move(E)|NoOp@NoOp
34610800:Move(W)@Move(W)|Move(E)@Move(E)|NoOp@NoOp
34698000:Move(W)@Move(W)|Move(E)@Move(E)|NoOp@NoOp
34805900:Move(W)@Move(W)|Move(E)@Move(E)|NoOp@NoOp
34882100:Move(W)@Move(W)|Move(E)@Move(E)|NoOp@NoOp
34975100:Move(W)@Move(W)|Move(E)@Move(E)|NoOp@NoOp
35106400:Move(W)@Move(W)|Move(E)@Move(E)|NoOp@NoOp
35177500:Move(N)@Move(N)|Move(N)@Move(N)|NoOp@NoOp
35270500:Move(N)@Move(N)|Move(N)@Move(N)|NoOp@NoOp
35365500:Move(N)@Move(N)|Move(N)@Move(N)|NoOp@NoOp
35432400:Move(N)@Move(N)|Move(N)@Move(N)|NoOp@NoOp
35491900:Move(N)@Move(N)|Move(N)@Move(N)|NoOp@NoOp
35602200:Move(W)@Move(W)|Move(E)@Move(E)|NoOp@NoOp
35740200:Move(W)@Move(W)|Move(E)@Move(E)|NoOp@NoOp
35846500:Move(W)@Move(W)|Move(E)@Move(E)|NoOp@NoOp
35981100:NoOp@NoOp|Move(E)@Move(E)|NoOp@NoOp
36086300:NoOp@NoOp|Move(N)@Move(N)|NoOp@NoOp
36188800:Move(W)@Move(W)|Move(N)@Move(N)|NoOp@NoOp
36259500:Move(N)@Move(N)|Move(N)@Move(N)|NoOp@NoOp
36361400:Move(N)@Move(N)|Move(N)@Move(N)|NoOp@NoOp
36495300:Move(N)@Move(N)|Move(N)@Move(N)|NoOp@NoOp
37163200:Move(N)@Move(N)|Move(N)@Move(N)|NoOp@NoOp
37906800:Move(N)@Move(N)|Move(N)@Move(N)|NoOp@NoOp
38221500:Move(N)@Move(N)|Move(N)@Move(N)|NoOp@NoOp
38505200:Move(N)@Move(N)|Move(N)@Move(N)|NoOp@NoOp
38607000:Move(N)@Move(N)|Move(N)@Move(N)|NoOp@NoOp
38750900:Move(N)@Move(N)|Move(N)@Move(N)|NoOp@NoOp
38881900:Move(N)@Move(N)|Move(N)@Move(N)|NoOp@NoOp
38993100:Move(N)@Move(N)|Move(N)@Move(N)|NoOp@NoOp
39122200:Move(N)@Move(N)|Move(N)@Move(N)|NoOp@NoOp
39296200:Move(N)@Move(N)|Move(N)@Move(N)|NoOp@NoOp
39416600:Move(N)@Move(N)|Move(N)@Move(N)|NoOp@NoOp
39520100:Move(N)@Move(N)|Move(N)@Move(N)|NoOp@NoOp
39636200:Move(N)@Move(N)|Move(N)@Move(N)|NoOp@NoOp
39762100:Move(N)@Move(N)|Move(N)@Move(N)|NoOp@NoOp
39869400:Move(N)@Move(N)|Move(N)@Move(N)|NoOp@NoOp
39973700:Move(N)@Move(N)|Move(N)@Move(N)|NoOp@NoOp
40065900:Move(N)@Move(N)|Move(N)@Move(N)|NoOp@NoOp
40197200:Move(N)@Move(N)|Move(W)@Move(W)|NoOp@NoOp
40326400:Move(N)@Move(N)|Move(W)@Move(W)|NoOp@NoOp
40427900:Move(E)@Move(E)|Move(W)@Move(W)|NoOp@NoOp
40540700:Move(E)@Move(E)|Move(W)@Move(W)|NoOp@NoOp
40633000:Move(E)@Move(E)|Move(W)@Move(W)|NoOp@NoOp
40730800:Move(E)@Move(E)|Move(W)@Move(W)|NoOp@NoOp
40903800:Move(E)@Move(E)|Move(W)@Move(W)|NoOp@NoOp
41032300:Move(E)@Move(E)|Move(W)@Move(W)|NoOp@NoOp
41181600:Move(E)@Move(E)|Move(W)@Move(W)|NoOp@NoOp
41367100:Move(E)@Move(E)|NoOp@NoOp|NoOp@NoOp
41482700:Move(E)@Move(E)|NoOp@NoOp|NoOp@NoOp
#end
#solved
true
#numactions
82
#time
41482700
#end
