#domain
hospital
#levelname
duckie
#colors
green: C,E,H,K,1
red: U,S,A,D,T,R,0
#initial
++++++++++++++++++++
+                  +
+ CUE SHACK DTU    +
+                  +
+ TREE 01          +
+                  +
++++++++++++++++++++
#goal
++++++++++++++++++++
+                  +
+ THE DUCKS ARE    +
+                  +
+ CUTE 01          +
+                  +
++++++++++++++++++++
#end
#clientname
Dracarys
#actions
12260610300:Move(N)@Move(N)|Move(S)@Move(S)
12260754200:Move(W)@Move(W)|Move(W)@Move(W)
12260869100:Move(W)@Move(W)|Move(W)@Move(W)
12260984800:Move(W)@Move(W)|Move(W)@Move(W)
12261056500:Move(W)@Move(W)|Move(W)@Move(W)
12261158700:Push(N,N)@Push(N,N)|Move(W)@Move(W)
12261247100:Move(S)@Move(S)|Move(W)@Move(W)
12261339300:Pull(N,N)@Pull(N,N)|Move(W)@Move(W)
12261427700:NoOp@NoOp|Move(N)@Move(N)
12261503000:NoOp@NoOp|Move(N)@Move(N)
12261562600:NoOp@NoOp|Move(N)@Move(N)
12261630200:NoOp@NoOp|Push(E,N)@Push(E,N)
12261689700:NoOp@NoOp|Move(S)@Move(S)
12261768400:Move(W)@Move(W)|Move(W)@Move(W)
12261836800:Move(S)@Move(S)|Move(S)@Move(S)
12261915200:Pull(N,N)@Pull(N,N)|Move(S)@Move(S)
12262007400:Pull(E,N)@Pull(E,N)|Move(E)@Move(E)
12262101600:Push(W,W)@Push(W,W)|Move(E)@Move(E)
12262196500:Push(W,N)@Push(W,N)|Move(E)@Move(E)
12262280000:Move(S)@Move(S)|Move(E)@Move(E)
12262365100:Move(S)@Move(S)|Move(E)@Move(E)
12262444900:Move(S)@Move(S)|Move(N)@Move(N)
12262528600:Move(E)@Move(E)|Move(E)@Move(E)
12262599000:Move(E)@Move(E)|Move(E)@Move(E)
12262661700:Move(E)@Move(E)|Move(N)@Move(N)
12262728500:Move(E)@Move(E)|Move(W)@Move(W)
12262793900:Move(E)@Move(E)|Move(W)@Move(W)
12262857700:Move(N)@Move(N)|Move(W)@Move(W)
12262921900:Move(N)@Move(N)|Move(N)@Move(N)
12262986500:Move(E)@Move(E)|Push(W,N)@Push(W,N)
12263051100:NoOp@NoOp|Move(S)@Move(S)
12263115500:NoOp@NoOp|Move(E)@Move(E)
12263180000:NoOp@NoOp|Move(E)@Move(E)
12263243900:Move(S)@Move(S)|NoOp@NoOp
12263307900:NoOp@NoOp|Move(E)@Move(E)
12263372200:NoOp@NoOp|Push(N,N)@Push(N,N)
12263445700:Move(N)@Move(N)|Push(N,W)@Push(N,W)
12263510300:NoOp@NoOp|Push(W,W)@Push(W,W)
12263582500:NoOp@NoOp|Push(W,S)@Push(W,S)
12263654200:NoOp@NoOp|Push(S,W)@Push(S,W)
12263718500:NoOp@NoOp|Push(W,W)@Push(W,W)
12263782600:NoOp@NoOp|Move(S)@Move(S)
12263846400:NoOp@NoOp|Move(E)@Move(E)
12263909800:NoOp@NoOp|Move(E)@Move(E)
12263973400:Move(N)@Move(N)|NoOp@NoOp
12264037100:Push(E,N)@Push(E,N)|Move(E)@Move(E)
12264101400:Move(W)@Move(W)|Move(E)@Move(E)
12264165500:Push(W,N)@Push(W,N)|Move(E)@Move(E)
12264236400:Move(E)@Move(E)|Move(E)@Move(E)
12264310500:Move(E)@Move(E)|Push(N,N)@Push(N,N)
12264382400:NoOp@NoOp|Move(S)@Move(S)
12264447800:NoOp@NoOp|Move(N)@Move(N)
12264513000:NoOp@NoOp|Push(W,S)@Push(W,S)
12264587500:NoOp@NoOp|Push(S,S)@Push(S,S)
12264652900:Move(E)@Move(E)|Push(S,S)@Push(S,S)
12264717900:Move(E)@Move(E)|Push(S,W)@Push(S,W)
12264782800:Move(E)@Move(E)|Push(W,W)@Push(W,W)
12264855300:Pull(W,W)@Pull(W,W)|Push(W,W)@Push(W,W)
12264920400:Pull(W,W)@Pull(W,W)|Push(W,W)@Push(W,W)
12264985700:Pull(W,W)@Pull(W,W)|Push(W,W)@Push(W,W)
12265050200:Pull(W,W)@Pull(W,W)|Push(W,W)@Push(W,W)
12265114500:Pull(W,W)@Pull(W,W)|Push(W,N)@Push(W,N)
12265178900:Pull(W,W)@Pull(W,W)|Push(N,W)@Push(N,W)
12265243800:Move(S)@Move(S)|Push(E,N)@Push(E,N)
12265308300:Move(E)@Move(E)|NoOp@NoOp
12265380300:Move(E)@Move(E)|Push(N,E)@Push(N,E)
12265452300:Move(E)@Move(E)|Push(E,E)@Push(E,E)
12265517400:Move(E)@Move(E)|Push(E,E)@Push(E,E)
12265586000:Move(E)@Move(E)|NoOp@NoOp
12265650400:Move(E)@Move(E)|NoOp@NoOp
12265714300:Move(E)@Move(E)|NoOp@NoOp
12265778100:Move(E)@Move(E)|NoOp@NoOp
12265841900:Move(E)@Move(E)|NoOp@NoOp
12265908300:Push(N,N)@Push(N,N)|NoOp@NoOp
12265973000:Push(N,W)@Push(N,W)|NoOp@NoOp
12266037100:Push(W,W)@Push(W,W)|NoOp@NoOp
12266101500:Push(W,S)@Push(W,S)|NoOp@NoOp
12266165600:Push(S,W)@Push(S,W)|NoOp@NoOp
12266230000:Push(W,W)@Push(W,W)|NoOp@NoOp
12266294300:Push(W,W)@Push(W,W)|NoOp@NoOp
12266358100:Push(W,W)@Push(W,W)|NoOp@NoOp
12266422200:Push(W,W)@Push(W,W)|NoOp@NoOp
12266486200:Move(S)@Move(S)|NoOp@NoOp
12266550200:Move(S)@Move(S)|NoOp@NoOp
12266614500:Move(W)@Move(W)|Push(E,E)@Push(E,E)
12266678800:NoOp@NoOp|Push(E,E)@Push(E,E)
12266743100:Move(N)@Move(N)|Push(E,E)@Push(E,E)
12266807200:Move(E)@Move(E)|Push(E,E)@Push(E,E)
12266871800:Move(N)@Move(N)|Push(E,E)@Push(E,E)
12266936700:Move(E)@Move(E)|Push(E,E)@Push(E,E)
12267001300:Move(E)@Move(E)|Push(E,E)@Push(E,E)
12267065800:Move(E)@Move(E)|Push(E,N)@Push(E,N)
12267130300:Move(E)@Move(E)|Move(W)@Move(W)
12267194800:NoOp@NoOp|Move(W)@Move(W)
12267266200:Push(E,S)@Push(E,S)|Move(W)@Move(W)
12267330800:Push(S,W)@Push(S,W)|Move(W)@Move(W)
12267395200:Push(W,W)@Push(W,W)|Move(W)@Move(W)
12267459600:Push(W,W)@Push(W,W)|Move(W)@Move(W)
12267523700:Push(W,W)@Push(W,W)|Move(W)@Move(W)
12267588000:Push(W,W)@Push(W,W)|Move(W)@Move(W)
12267652200:Push(W,W)@Push(W,W)|Move(W)@Move(W)
12267716100:Push(W,W)@Push(W,W)|Move(N)@Move(N)
12267780400:Push(W,W)@Push(W,W)|Move(N)@Move(N)
12267844600:Push(W,W)@Push(W,W)|Push(W,S)@Push(W,S)
12267909100:Push(W,S)@Push(W,S)|Move(E)@Move(E)
12267973500:Move(E)@Move(E)|Move(S)@Move(S)
12268062400:Move(E)@Move(E)|NoOp@NoOp
12268126900:Move(S)@Move(S)|Move(S)@Move(S)
12268190700:Move(S)@Move(S)|Move(E)@Move(E)
12268258400:Move(W)@Move(W)|Move(S)@Move(S)
12268322400:Move(W)@Move(W)|Move(S)@Move(S)
12268386500:Move(W)@Move(W)|Move(W)@Move(W)
12268450300:Move(W)@Move(W)|Move(W)@Move(W)
12268514200:Move(W)@Move(W)|Move(W)@Move(W)
12268578100:Move(N)@Move(N)|Move(W)@Move(W)
12268642500:Move(N)@Move(N)|Move(W)@Move(W)
12268706300:Move(N)@Move(N)|Move(N)@Move(N)
12268778400:Pull(S,S)@Pull(S,S)|NoOp@NoOp
12268842800:Push(N,E)@Push(N,E)|NoOp@NoOp
12268914900:Pull(S,W)@Pull(S,W)|NoOp@NoOp
12268979300:Push(N,N)@Push(N,N)|NoOp@NoOp
12269043800:NoOp@NoOp|Move(N)@Move(N)
12269107800:NoOp@NoOp|Move(E)@Move(E)
12269171900:Move(S)@Move(S)|Move(N)@Move(N)
12269236000:Move(S)@Move(S)|Pull(S,S)@Pull(S,S)
12269308000:Move(S)@Move(S)|Pull(W,S)@Pull(W,S)
12269372900:Move(E)@Move(E)|Pull(S,W)@Pull(S,W)
12269437400:Move(E)@Move(E)|Pull(S,S)@Pull(S,S)
12269509400:Move(E)@Move(E)|Pull(E,S)@Pull(E,S)
12269581400:Move(E)@Move(E)|Pull(E,E)@Pull(E,E)
12269646100:Move(E)@Move(E)|Pull(E,E)@Pull(E,E)
12269739100:Move(N)@Move(N)|Pull(E,E)@Pull(E,E)
12269803400:Move(N)@Move(N)|Pull(E,E)@Pull(E,E)
12269868300:Move(W)@Move(W)|Pull(E,E)@Pull(E,E)
12269932800:Move(N)@Move(N)|Push(W,N)@Push(W,N)
12269997600:Move(N)@Move(N)|Push(N,N)@Push(N,N)
12270062100:Pull(W,W)@Pull(W,W)|Push(N,E)@Push(N,E)
12270126600:Push(E,S)@Push(E,S)|Push(E,E)@Push(E,E)
12270209600:Push(S,S)@Push(S,S)|Push(E,N)@Push(E,N)
12270282300:Push(S,E)@Push(S,E)|Move(E)@Move(E)
12270347600:Push(E,E)@Push(E,E)|Move(N)@Move(N)
12270412300:Push(E,E)@Push(E,E)|Move(N)@Move(N)
12270478900:Push(E,E)@Push(E,E)|Push(E,S)@Push(E,S)
12270543700:NoOp@NoOp|Push(S,W)@Push(S,W)
12270608700:NoOp@NoOp|Move(S)@Move(S)
12270673200:NoOp@NoOp|Move(S)@Move(S)
12270737400:Push(E,E)@Push(E,E)|Move(W)@Move(W)
12270802000:Push(E,N)@Push(E,N)|Move(W)@Move(W)
12270866200:Move(E)@Move(E)|NoOp@NoOp
12270930200:Move(N)@Move(N)|NoOp@NoOp
12270994100:Move(N)@Move(N)|NoOp@NoOp
12271057900:Move(W)@Move(W)|NoOp@NoOp
12271142300:Move(W)@Move(W)|NoOp@NoOp
12271224400:Pull(E,E)@Pull(E,E)|NoOp@NoOp
12271287800:Pull(E,E)@Pull(E,E)|NoOp@NoOp
12271353300:Pull(E,E)@Pull(E,E)|NoOp@NoOp
12271417400:Push(W,S)@Push(W,S)|NoOp@NoOp
12271481700:Push(S,E)@Push(S,E)|NoOp@NoOp
12271545800:Move(S)@Move(S)|NoOp@NoOp
12271609600:Move(W)@Move(W)|NoOp@NoOp
12271673300:Move(W)@Move(W)|NoOp@NoOp
12271737200:Move(W)@Move(W)|NoOp@NoOp
12271800800:Move(W)@Move(W)|NoOp@NoOp
12271864400:Move(W)@Move(W)|NoOp@NoOp
12271931300:Move(W)@Move(W)|NoOp@NoOp
12271995300:Move(W)@Move(W)|NoOp@NoOp
12272059500:Pull(E,E)@Pull(E,E)|NoOp@NoOp
12272123700:Pull(E,E)@Pull(E,E)|NoOp@NoOp
12272187900:Pull(E,E)@Pull(E,E)|NoOp@NoOp
12272251800:Pull(E,E)@Pull(E,E)|NoOp@NoOp
12272315900:Pull(E,E)@Pull(E,E)|NoOp@NoOp
12272379800:Pull(E,E)@Pull(E,E)|NoOp@NoOp
12272443500:Pull(E,E)@Pull(E,E)|NoOp@NoOp
12272506900:Pull(E,E)@Pull(E,E)|NoOp@NoOp
12272570800:Pull(E,E)@Pull(E,E)|NoOp@NoOp
12272634400:Pull(E,E)@Pull(E,E)|NoOp@NoOp
12272698100:Push(W,N)@Push(W,N)|NoOp@NoOp
12272762000:Move(W)@Move(W)|NoOp@NoOp
12272825600:Move(W)@Move(W)|NoOp@NoOp
12272889400:Move(N)@Move(N)|NoOp@NoOp
12272953300:Move(N)@Move(N)|NoOp@NoOp
12273060000:Move(W)@Move(W)|NoOp@NoOp
12273146700:Move(W)@Move(W)|NoOp@NoOp
12273227700:Move(W)@Move(W)|NoOp@NoOp
12273324000:Move(W)@Move(W)|NoOp@NoOp
12273426300:Move(W)@Move(W)|NoOp@NoOp
12273514800:Move(W)@Move(W)|NoOp@NoOp
12273606900:Move(W)@Move(W)|NoOp@NoOp
12273700900:Push(W,W)@Push(W,W)|NoOp@NoOp
12273788800:Push(W,S)@Push(W,S)|NoOp@NoOp
12273884200:Push(S,S)@Push(S,S)|NoOp@NoOp
12273966700:Push(S,E)@Push(S,E)|NoOp@NoOp
12274034800:Push(E,S)@Push(E,S)|NoOp@NoOp
12274092900:Move(W)@Move(W)|NoOp@NoOp
12274149800:Move(N)@Move(N)|NoOp@NoOp
12274205700:Move(N)@Move(N)|NoOp@NoOp
12274274300:Push(W,S)@Push(W,S)|NoOp@NoOp
12274338800:Push(S,E)@Push(S,E)|NoOp@NoOp
12274397000:Move(S)@Move(S)|NoOp@NoOp
12274470200:Move(E)@Move(E)|NoOp@NoOp
12274538700:Move(E)@Move(E)|NoOp@NoOp
12274602500:Move(E)@Move(E)|NoOp@NoOp
12274678800:Move(E)@Move(E)|NoOp@NoOp
12274779300:Move(E)@Move(E)|NoOp@NoOp
12274857200:Move(S)@Move(S)|NoOp@NoOp
12274942000:Move(E)@Move(E)|NoOp@NoOp
#end
#solved
true
#numactions
206
#time
12274942000
#end
