#domain
hospital
#levelname
GHandDirt
#colors
blue: 0,A
purple: 1,B
green: 2,C
brown: W
#initial
+++++++++++++++++++
+0        W   W   +
+        W   W  W +
+       W   W  W  +
+      W   W  W   +
+  A  W   W  W   W+
+ A  W   W  W   W +
+    W  W  W   W  +
+    W W  W   W   +
+   WWW  W   W    +
+  W  2WW   W     +
+ W     WW W      +
+W   CC  WW       +
+   A    WWW      +
+  AAA  WBBBWWW   +
+   A  W          +
+     W           +
+   WW1           +
+++++++++++++++++++
#goal
+++++++++++++++++++
+        A        +
+       A         +
+                 +
+                 +
+                 +
+                 +
+                 +
+                 +
+                 +
+                 +
+                 +
+                 +
+   A       BBB   +
+  AAA            +
+   A             +
+                 +
+CC2              +
+++++++++++++++++++
#end
#clientname
Dracarys
#actions
44839800:Move(S)@Move(S)|Move(E)@Move(E)|Move(S)@Move(S)
44961100:Move(S)@Move(S)|Move(N)@Move(N)|Move(W)@Move(W)
45046100:Move(S)@Move(S)|Move(E)@Move(E)|Push(S,W)@Push(S,W)
45143200:Move(S)@Move(S)|Move(N)@Move(N)|Push(W,W)@Push(W,W)
45231100:Move(E)@Move(E)|Move(E)@Move(E)|Push(W,S)@Push(W,S)
45325900:Push(E,N)@Push(E,N)|Pull(S,S)@Pull(S,S)|Push(S,W)@Push(S,W)
45427700:Push(N,N)@Push(N,N)|Push(N,E)@Push(N,E)|Push(W,S)@Push(W,S)
45582300:Push(N,N)@Push(N,N)|Push(E,E)@Push(E,E)|Push(S,S)@Push(S,S)
45689500:Push(N,N)@Push(N,N)|Push(E,E)@Push(E,E)|Push(S,S)@Push(S,S)
45797300:Push(N,E)@Push(N,E)|Push(E,E)@Push(E,E)|Push(S,S)@Push(S,S)
45963200:Push(E,E)@Push(E,E)|Push(E,E)@Push(E,E)|Push(S,W)@Push(S,W)
46199800:Push(E,E)@Push(E,E)|Push(E,E)@Push(E,E)|Move(E)@Move(E)
46380000:Push(E,E)@Push(E,E)|Push(E,N)@Push(E,N)|Move(N)@Move(N)
46629600:Push(E,E)@Push(E,E)|Push(N,N)@Push(N,N)|Move(E)@Move(E)
46862000:Push(E,E)@Push(E,E)|Push(N,W)@Push(N,W)|Move(E)@Move(E)
47111300:Move(S)@Move(S)|Move(S)@Move(S)|Move(N)@Move(N)
47427900:Move(W)@Move(W)|Move(S)@Move(S)|Move(E)@Move(E)
47667700:Move(S)@Move(S)|Move(W)@Move(W)|Move(N)@Move(N)
47795700:Move(W)@Move(W)|Move(W)@Move(W)|Move(N)@Move(N)
47909800:Move(S)@Move(S)|Move(W)@Move(W)|Push(N,W)@Push(N,W)
48000400:Move(W)@Move(W)|Move(W)@Move(W)|Push(W,W)@Push(W,W)
48092200:Move(S)@Move(S)|Move(W)@Move(W)|Push(W,W)@Push(W,W)
48176200:Move(W)@Move(W)|Pull(S,S)@Pull(S,S)|Push(W,S)@Push(W,S)
48255800:Move(S)@Move(S)|Push(N,E)@Push(N,E)|Push(S,W)@Push(S,W)
48338500:Move(W)@Move(W)|Push(E,E)@Push(E,E)|Push(W,S)@Push(W,S)
48432200:Push(W,N)@Push(W,N)|Push(E,E)@Push(E,E)|Push(S,S)@Push(S,S)
48507700:Push(N,N)@Push(N,N)|Push(E,E)@Push(E,E)|Push(S,S)@Push(S,S)
48581900:Push(N,N)@Push(N,N)|Push(E,E)@Push(E,E)|Push(S,S)@Push(S,S)
48664100:Push(N,N)@Push(N,N)|Push(E,N)@Push(E,N)|Move(E)@Move(E)
48749500:Push(N,E)@Push(N,E)|Push(N,N)@Push(N,N)|Move(S)@Move(S)
48827700:Push(E,E)@Push(E,E)|Push(N,N)@Push(N,N)|NoOp@NoOp
48899300:Push(E,E)@Push(E,E)|Push(N,W)@Push(N,W)|NoOp@NoOp
48969200:Push(E,E)@Push(E,E)|Push(W,W)@Push(W,W)|NoOp@NoOp
49039400:Push(E,E)@Push(E,E)|Push(W,S)@Push(W,S)|NoOp@NoOp
49101700:Push(E,E)@Push(E,E)|Move(E)@Move(E)|NoOp@NoOp
49169500:NoOp@NoOp|Move(E)@Move(E)|NoOp@NoOp
49232800:NoOp@NoOp|Move(S)@Move(S)|NoOp@NoOp
49299500:NoOp@NoOp|Move(S)@Move(S)|NoOp@NoOp
49363700:NoOp@NoOp|Move(S)@Move(S)|NoOp@NoOp
49427800:NoOp@NoOp|Move(W)@Move(W)|NoOp@NoOp
49492500:NoOp@NoOp|Move(W)@Move(W)|NoOp@NoOp
49556900:NoOp@NoOp|Move(W)@Move(W)|NoOp@NoOp
49624100:NoOp@NoOp|Move(W)@Move(W)|NoOp@NoOp
49729100:NoOp@NoOp|Pull(S,S)@Pull(S,S)|NoOp@NoOp
49799900:NoOp@NoOp|Push(N,E)@Push(N,E)|NoOp@NoOp
49866800:NoOp@NoOp|Push(E,E)@Push(E,E)|NoOp@NoOp
49932600:NoOp@NoOp|Push(E,E)@Push(E,E)|NoOp@NoOp
49997100:NoOp@NoOp|Push(E,E)@Push(E,E)|NoOp@NoOp
50060600:NoOp@NoOp|Push(E,N)@Push(E,N)|NoOp@NoOp
50124900:NoOp@NoOp|Push(N,N)@Push(N,N)|NoOp@NoOp
50188700:NoOp@NoOp|Push(N,N)@Push(N,N)|NoOp@NoOp
50252400:NoOp@NoOp|Push(N,W)@Push(N,W)|NoOp@NoOp
50316300:NoOp@NoOp|Push(W,W)@Push(W,W)|NoOp@NoOp
50380400:NoOp@NoOp|Push(W,W)@Push(W,W)|NoOp@NoOp
50443800:NoOp@NoOp|Push(W,S)@Push(W,S)|NoOp@NoOp
#end
#solved
true
#numactions
55
#time
50443800
#end
