#domain
hospital
#levelname
lilchal
#colors
blue: 0,A
red: 2,B,C,D,1
#initial
++++++++++++++++
+0  2+ +++++++ +
+++ ++ +A    + +
+++ ++         +
+++ ++ + BBC + +
+   +  +   D + +
+++ ++ ++++  + +
++   +    +  + +
++ +++ ++ ++ + +
+    +++  + 1+ +
+++ ++       + +
+    + + + + + +
+    + + + + + +
+    +++++++++ +
+              +
++++++++++++++++
#goal
++++++++++++++++
+    + +++++++ +
+++ ++ +    A+ +
+++ ++         +
+++ ++ +     + +
+   +  +     + +
+++ ++ ++++  + +
++D C+    +  + +
++ +++ ++ ++ + +
+    +++  +  + +
+++ ++       + +
+    + + + + + +
+    + + + + + +
+    +++++++++ +
+BB            +
++++++++++++++++
#end
#clientname
Dracarys
#actions
12232460100:Move(E)@Move(E)|Move(S)@Move(S)|NoOp@NoOp
12232569100:Move(E)@Move(E)|Move(W)@Move(W)|NoOp@NoOp
12232660600:Move(S)@Move(S)|Move(W)@Move(W)|NoOp@NoOp
12232767300:Move(S)@Move(S)|Move(W)@Move(W)|NoOp@NoOp
12232846400:Move(S)@Move(S)|Move(N)@Move(N)|NoOp@NoOp
12232927200:Move(S)@Move(S)|Move(N)@Move(N)|NoOp@NoOp
12233007100:Move(S)@Move(S)|Move(N)@Move(N)|NoOp@NoOp
12233085900:Move(S)@Move(S)|Move(W)@Move(W)|NoOp@NoOp
12233165700:Move(W)@Move(W)|Move(W)@Move(W)|NoOp@NoOp
12233248700:Move(S)@Move(S)|Move(W)@Move(W)|NoOp@NoOp
12233326900:Move(S)@Move(S)|Move(N)@Move(N)|NoOp@NoOp
12233406700:Move(E)@Move(E)|Move(N)@Move(N)|NoOp@NoOp
12233485900:Move(S)@Move(S)|Move(N)@Move(N)|NoOp@NoOp
12233566100:Move(S)@Move(S)|Move(N)@Move(N)|NoOp@NoOp
12233648300:Move(S)@Move(S)|Move(E)@Move(E)|NoOp@NoOp
12233727000:Move(S)@Move(S)|Move(E)@Move(E)|NoOp@NoOp
12233809400:Move(S)@Move(S)|Move(E)@Move(E)|NoOp@NoOp
12233888400:Move(E)@Move(E)|Move(E)@Move(E)|NoOp@NoOp
12233962200:Move(E)@Move(E)|Move(E)@Move(E)|NoOp@NoOp
12234076600:Move(E)@Move(E)|NoOp@NoOp|NoOp@NoOp
12234274600:Move(E)@Move(E)|NoOp@NoOp|NoOp@NoOp
12234339300:Move(E)@Move(E)|NoOp@NoOp|NoOp@NoOp
12234394000:Move(E)@Move(E)|NoOp@NoOp|NoOp@NoOp
12234468700:Move(E)@Move(E)|NoOp@NoOp|NoOp@NoOp
12234544100:Move(E)@Move(E)|NoOp@NoOp|NoOp@NoOp
12234614900:Move(E)@Move(E)|NoOp@NoOp|NoOp@NoOp
12234688700:Move(E)@Move(E)|NoOp@NoOp|NoOp@NoOp
12234758700:Move(E)@Move(E)|NoOp@NoOp|NoOp@NoOp
12234835600:Move(N)@Move(N)|NoOp@NoOp|NoOp@NoOp
12234912000:Move(N)@Move(N)|NoOp@NoOp|NoOp@NoOp
12234978400:Move(N)@Move(N)|NoOp@NoOp|NoOp@NoOp
12235041000:Move(N)@Move(N)|NoOp@NoOp|NoOp@NoOp
12235094000:Move(N)@Move(N)|NoOp@NoOp|NoOp@NoOp
12235145600:Move(N)@Move(N)|NoOp@NoOp|NoOp@NoOp
12235214300:Move(N)@Move(N)|NoOp@NoOp|NoOp@NoOp
12235277500:Move(N)@Move(N)|NoOp@NoOp|NoOp@NoOp
12235338000:Move(N)@Move(N)|NoOp@NoOp|NoOp@NoOp
12235401200:Move(N)@Move(N)|NoOp@NoOp|NoOp@NoOp
12235460400:Move(N)@Move(N)|NoOp@NoOp|NoOp@NoOp
12235512700:Move(W)@Move(W)|NoOp@NoOp|NoOp@NoOp
12235563800:Move(W)@Move(W)|NoOp@NoOp|NoOp@NoOp
12235649200:Move(N)@Move(N)|NoOp@NoOp|NoOp@NoOp
12235723800:Move(W)@Move(W)|NoOp@NoOp|NoOp@NoOp
12235797200:Move(W)@Move(W)|NoOp@NoOp|NoOp@NoOp
12235870900:Move(W)@Move(W)|NoOp@NoOp|NoOp@NoOp
12235944700:Pull(E,E)@Pull(E,E)|NoOp@NoOp|NoOp@NoOp
12236025300:Pull(E,E)@Pull(E,E)|NoOp@NoOp|NoOp@NoOp
12236098600:Pull(E,E)@Pull(E,E)|NoOp@NoOp|NoOp@NoOp
12236181800:Pull(S,E)@Pull(S,E)|NoOp@NoOp|NoOp@NoOp
12236256200:Move(S)@Move(S)|NoOp@NoOp|NoOp@NoOp
12236330500:Move(S)@Move(S)|NoOp@NoOp|NoOp@NoOp
12236404600:NoOp@NoOp|Push(S,E)@Push(S,E)|NoOp@NoOp
12236478000:NoOp@NoOp|Push(E,N)@Push(E,N)|NoOp@NoOp
12236552500:NoOp@NoOp|Push(N,E)@Push(N,E)|NoOp@NoOp
12236626900:Move(N)@Move(N)|Push(E,E)@Push(E,E)|NoOp@NoOp
12236716300:NoOp@NoOp|Push(E,S)@Push(E,S)|NoOp@NoOp
12236806300:NoOp@NoOp|Push(S,S)@Push(S,S)|NoOp@NoOp
12236896500:NoOp@NoOp|Push(S,S)@Push(S,S)|NoOp@NoOp
12236986400:NoOp@NoOp|Push(S,S)@Push(S,S)|NoOp@NoOp
12237075700:NoOp@NoOp|Push(S,S)@Push(S,S)|NoOp@NoOp
12237165400:NoOp@NoOp|Push(S,S)@Push(S,S)|NoOp@NoOp
12237255800:NoOp@NoOp|Push(S,S)@Push(S,S)|NoOp@NoOp
12237349000:NoOp@NoOp|Push(S,S)@Push(S,S)|NoOp@NoOp
12237444400:NoOp@NoOp|Push(S,S)@Push(S,S)|NoOp@NoOp
12237534000:NoOp@NoOp|Push(S,S)@Push(S,S)|NoOp@NoOp
12237624000:NoOp@NoOp|Push(S,S)@Push(S,S)|NoOp@NoOp
12237713900:NoOp@NoOp|Push(S,W)@Push(S,W)|NoOp@NoOp
12237812100:NoOp@NoOp|Push(W,W)@Push(W,W)|NoOp@NoOp
12237885900:NoOp@NoOp|Push(W,W)@Push(W,W)|NoOp@NoOp
12237959700:NoOp@NoOp|Push(W,W)@Push(W,W)|NoOp@NoOp
12238033200:NoOp@NoOp|Push(W,W)@Push(W,W)|NoOp@NoOp
12238106700:NoOp@NoOp|Push(W,W)@Push(W,W)|NoOp@NoOp
12238181000:NoOp@NoOp|Push(W,W)@Push(W,W)|NoOp@NoOp
12238254600:NoOp@NoOp|Push(W,W)@Push(W,W)|NoOp@NoOp
12238328800:NoOp@NoOp|Push(W,W)@Push(W,W)|NoOp@NoOp
12238402500:NoOp@NoOp|Push(W,W)@Push(W,W)|NoOp@NoOp
12238476200:NoOp@NoOp|Push(W,N)@Push(W,N)|NoOp@NoOp
12238550200:NoOp@NoOp|Push(N,N)@Push(N,N)|NoOp@NoOp
12238623700:NoOp@NoOp|Push(N,N)@Push(N,N)|NoOp@NoOp
12238699900:NoOp@NoOp|Push(N,W)@Push(N,W)|NoOp@NoOp
12238795700:NoOp@NoOp|Push(W,N)@Push(W,N)|NoOp@NoOp
12238877700:NoOp@NoOp|Push(N,N)@Push(N,N)|NoOp@NoOp
12238960100:NoOp@NoOp|Push(N,W)@Push(N,W)|NoOp@NoOp
12239042900:NoOp@NoOp|Push(W,N)@Push(W,N)|NoOp@NoOp
12239125000:NoOp@NoOp|Push(N,N)@Push(N,N)|NoOp@NoOp
12239207300:NoOp@NoOp|Push(N,E)@Push(N,E)|NoOp@NoOp
12239289000:NoOp@NoOp|Push(E,E)@Push(E,E)|NoOp@NoOp
12239371500:NoOp@NoOp|Move(W)@Move(W)|NoOp@NoOp
12239453700:NoOp@NoOp|Move(S)@Move(S)|NoOp@NoOp
12239535200:NoOp@NoOp|Move(S)@Move(S)|NoOp@NoOp
12239616900:NoOp@NoOp|Move(E)@Move(E)|NoOp@NoOp
12239699200:NoOp@NoOp|Move(S)@Move(S)|NoOp@NoOp
12239791400:NoOp@NoOp|Move(S)@Move(S)|NoOp@NoOp
12239869700:NoOp@NoOp|Move(S)@Move(S)|NoOp@NoOp
12239947700:NoOp@NoOp|Move(S)@Move(S)|NoOp@NoOp
12240025800:NoOp@NoOp|Move(S)@Move(S)|NoOp@NoOp
12240103700:NoOp@NoOp|Move(E)@Move(E)|NoOp@NoOp
12240181100:NoOp@NoOp|Move(E)@Move(E)|NoOp@NoOp
12240258300:NoOp@NoOp|Move(E)@Move(E)|NoOp@NoOp
12240334900:NoOp@NoOp|Move(E)@Move(E)|NoOp@NoOp
12240412600:NoOp@NoOp|Move(E)@Move(E)|NoOp@NoOp
12240567300:NoOp@NoOp|Move(E)@Move(E)|NoOp@NoOp
12240665300:NoOp@NoOp|Move(E)@Move(E)|NoOp@NoOp
12240773200:NoOp@NoOp|Move(E)@Move(E)|NoOp@NoOp
12240857700:NoOp@NoOp|Move(E)@Move(E)|NoOp@NoOp
12240961300:NoOp@NoOp|Move(E)@Move(E)|NoOp@NoOp
12241051500:NoOp@NoOp|Move(E)@Move(E)|NoOp@NoOp
12241137600:NoOp@NoOp|Move(N)@Move(N)|NoOp@NoOp
12241233600:NoOp@NoOp|Move(N)@Move(N)|NoOp@NoOp
12241328300:NoOp@NoOp|Move(N)@Move(N)|NoOp@NoOp
12241433700:NoOp@NoOp|Move(N)@Move(N)|NoOp@NoOp
12241529200:NoOp@NoOp|Move(N)@Move(N)|NoOp@NoOp
12241635100:NoOp@NoOp|Move(N)@Move(N)|NoOp@NoOp
12241733800:NoOp@NoOp|Move(N)@Move(N)|NoOp@NoOp
12241836400:NoOp@NoOp|Move(N)@Move(N)|NoOp@NoOp
12241917800:NoOp@NoOp|Move(N)@Move(N)|NoOp@NoOp
12241997400:NoOp@NoOp|Move(N)@Move(N)|NoOp@NoOp
12242121800:NoOp@NoOp|Move(N)@Move(N)|NoOp@NoOp
12242215600:NoOp@NoOp|Move(W)@Move(W)|NoOp@NoOp
12242293900:NoOp@NoOp|Move(W)@Move(W)|NoOp@NoOp
12242372900:Move(S)@Move(S)|NoOp@NoOp|NoOp@NoOp
12242452400:NoOp@NoOp|Move(S)@Move(S)|NoOp@NoOp
12242529900:NoOp@NoOp|Move(W)@Move(W)|NoOp@NoOp
12242613500:NoOp@NoOp|Push(W,N)@Push(W,N)|NoOp@NoOp
12242692900:NoOp@NoOp|Push(N,E)@Push(N,E)|NoOp@NoOp
12242819000:NoOp@NoOp|Push(E,E)@Push(E,E)|NoOp@NoOp
12242910700:NoOp@NoOp|Push(E,E)@Push(E,E)|NoOp@NoOp
12243000800:NoOp@NoOp|Push(E,E)@Push(E,E)|NoOp@NoOp
12243090200:NoOp@NoOp|Push(E,S)@Push(E,S)|NoOp@NoOp
12243180700:NoOp@NoOp|Push(S,S)@Push(S,S)|NoOp@NoOp
12243263700:NoOp@NoOp|Push(S,S)@Push(S,S)|NoOp@NoOp
12243348500:NoOp@NoOp|Push(S,S)@Push(S,S)|NoOp@NoOp
12243439800:NoOp@NoOp|Push(S,S)@Push(S,S)|NoOp@NoOp
12243523000:NoOp@NoOp|Push(S,S)@Push(S,S)|NoOp@NoOp
12243614100:NoOp@NoOp|Push(S,S)@Push(S,S)|NoOp@NoOp
12243714700:NoOp@NoOp|Push(S,S)@Push(S,S)|NoOp@NoOp
12243791300:NoOp@NoOp|Push(S,S)@Push(S,S)|NoOp@NoOp
12243867800:NoOp@NoOp|Push(S,S)@Push(S,S)|NoOp@NoOp
12243944000:NoOp@NoOp|Push(S,S)@Push(S,S)|NoOp@NoOp
12244025500:NoOp@NoOp|Push(S,W)@Push(S,W)|NoOp@NoOp
12244117000:NoOp@NoOp|Push(W,W)@Push(W,W)|NoOp@NoOp
12244197800:NoOp@NoOp|Push(W,W)@Push(W,W)|NoOp@NoOp
12244274600:NoOp@NoOp|Push(W,W)@Push(W,W)|NoOp@NoOp
12244347300:NoOp@NoOp|Push(W,W)@Push(W,W)|NoOp@NoOp
12244410100:NoOp@NoOp|Push(W,W)@Push(W,W)|NoOp@NoOp
12244464700:NoOp@NoOp|Push(W,W)@Push(W,W)|NoOp@NoOp
12244543200:NoOp@NoOp|Push(W,W)@Push(W,W)|NoOp@NoOp
12244626700:NoOp@NoOp|Push(W,W)@Push(W,W)|NoOp@NoOp
12244701000:NoOp@NoOp|Push(W,W)@Push(W,W)|NoOp@NoOp
12244797300:NoOp@NoOp|Push(W,W)@Push(W,W)|NoOp@NoOp
12244881300:NoOp@NoOp|Push(W,W)@Push(W,W)|NoOp@NoOp
12244964400:NoOp@NoOp|Push(W,W)@Push(W,W)|NoOp@NoOp
12245047700:NoOp@NoOp|Move(E)@Move(E)|NoOp@NoOp
12245130900:NoOp@NoOp|Move(E)@Move(E)|NoOp@NoOp
12245213000:NoOp@NoOp|Move(E)@Move(E)|NoOp@NoOp
12245296200:NoOp@NoOp|Move(E)@Move(E)|NoOp@NoOp
12245387600:NoOp@NoOp|Move(E)@Move(E)|NoOp@NoOp
12245471200:NoOp@NoOp|Move(E)@Move(E)|NoOp@NoOp
12245554500:NoOp@NoOp|Move(E)@Move(E)|NoOp@NoOp
12245635900:NoOp@NoOp|Move(E)@Move(E)|NoOp@NoOp
12245712200:NoOp@NoOp|Move(E)@Move(E)|NoOp@NoOp
12245791700:NoOp@NoOp|Move(E)@Move(E)|NoOp@NoOp
12245875800:NoOp@NoOp|Move(E)@Move(E)|NoOp@NoOp
12245960700:NoOp@NoOp|Move(E)@Move(E)|NoOp@NoOp
12246050200:NoOp@NoOp|Move(N)@Move(N)|NoOp@NoOp
12246135500:NoOp@NoOp|Move(N)@Move(N)|NoOp@NoOp
12246219100:NoOp@NoOp|Move(N)@Move(N)|NoOp@NoOp
12246292900:NoOp@NoOp|Move(N)@Move(N)|NoOp@NoOp
12246363800:NoOp@NoOp|Move(N)@Move(N)|NoOp@NoOp
12246435600:NoOp@NoOp|Move(N)@Move(N)|NoOp@NoOp
12246517200:NoOp@NoOp|Move(N)@Move(N)|NoOp@NoOp
12246595400:NoOp@NoOp|Move(N)@Move(N)|NoOp@NoOp
12246662900:NoOp@NoOp|Move(N)@Move(N)|NoOp@NoOp
12246767100:NoOp@NoOp|Move(N)@Move(N)|NoOp@NoOp
12246839000:NoOp@NoOp|Move(N)@Move(N)|NoOp@NoOp
12246919200:NoOp@NoOp|Move(W)@Move(W)|NoOp@NoOp
12246994700:NoOp@NoOp|Move(W)@Move(W)|NoOp@NoOp
12247075000:NoOp@NoOp|Move(W)@Move(W)|NoOp@NoOp
12247160200:NoOp@NoOp|Move(S)@Move(S)|NoOp@NoOp
12247236200:NoOp@NoOp|Pull(N,N)@Pull(N,N)|NoOp@NoOp
12247317100:NoOp@NoOp|Pull(N,N)@Pull(N,N)|NoOp@NoOp
12247390200:NoOp@NoOp|Push(S,E)@Push(S,E)|NoOp@NoOp
12247509500:NoOp@NoOp|Push(E,E)@Push(E,E)|NoOp@NoOp
12247651000:NoOp@NoOp|Push(E,E)@Push(E,E)|NoOp@NoOp
12247740100:NoOp@NoOp|Push(E,S)@Push(E,S)|NoOp@NoOp
12247849400:NoOp@NoOp|Push(S,S)@Push(S,S)|NoOp@NoOp
12247951000:NoOp@NoOp|Push(S,S)@Push(S,S)|NoOp@NoOp
12248049500:NoOp@NoOp|Push(S,S)@Push(S,S)|NoOp@NoOp
12248160400:NoOp@NoOp|Push(S,S)@Push(S,S)|NoOp@NoOp
12248368100:NoOp@NoOp|Push(S,S)@Push(S,S)|NoOp@NoOp
12248578900:NoOp@NoOp|Push(S,S)@Push(S,S)|NoOp@NoOp
12248786800:NoOp@NoOp|Push(S,S)@Push(S,S)|NoOp@NoOp
12248987800:NoOp@NoOp|Push(S,S)@Push(S,S)|NoOp@NoOp
12249229100:NoOp@NoOp|Push(S,S)@Push(S,S)|NoOp@NoOp
12249477200:NoOp@NoOp|Push(S,S)@Push(S,S)|NoOp@NoOp
12249652200:NoOp@NoOp|Push(S,W)@Push(S,W)|NoOp@NoOp
12249783600:NoOp@NoOp|Push(W,W)@Push(W,W)|NoOp@NoOp
12249871300:NoOp@NoOp|Push(W,W)@Push(W,W)|NoOp@NoOp
12249950600:NoOp@NoOp|Push(W,W)@Push(W,W)|NoOp@NoOp
12250031400:NoOp@NoOp|Push(W,W)@Push(W,W)|NoOp@NoOp
12250109400:NoOp@NoOp|Push(W,W)@Push(W,W)|NoOp@NoOp
12250181600:NoOp@NoOp|Push(W,W)@Push(W,W)|NoOp@NoOp
12250239500:NoOp@NoOp|Push(W,W)@Push(W,W)|NoOp@NoOp
12250318700:NoOp@NoOp|Push(W,W)@Push(W,W)|NoOp@NoOp
12250401200:NoOp@NoOp|Push(W,W)@Push(W,W)|NoOp@NoOp
12250489600:NoOp@NoOp|Push(W,N)@Push(W,N)|NoOp@NoOp
12250585400:NoOp@NoOp|Push(N,N)@Push(N,N)|NoOp@NoOp
12250671300:NoOp@NoOp|Push(N,N)@Push(N,N)|NoOp@NoOp
12250780400:NoOp@NoOp|Push(N,W)@Push(N,W)|NoOp@NoOp
12250864700:NoOp@NoOp|Push(W,N)@Push(W,N)|NoOp@NoOp
12250956700:NoOp@NoOp|Push(N,N)@Push(N,N)|NoOp@NoOp
12251057300:NoOp@NoOp|Push(N,W)@Push(N,W)|NoOp@NoOp
12251194000:NoOp@NoOp|Push(W,N)@Push(W,N)|NoOp@NoOp
12251300700:NoOp@NoOp|Push(N,N)@Push(N,N)|NoOp@NoOp
12251374300:NoOp@NoOp|Move(S)@Move(S)|NoOp@NoOp
12251435500:NoOp@NoOp|Move(E)@Move(E)|NoOp@NoOp
12251512400:NoOp@NoOp|Move(S)@Move(S)|NoOp@NoOp
12251584100:NoOp@NoOp|Move(S)@Move(S)|NoOp@NoOp
12251662500:NoOp@NoOp|Move(S)@Move(S)|NoOp@NoOp
12251736400:NoOp@NoOp|Move(S)@Move(S)|NoOp@NoOp
12251810700:NoOp@NoOp|Move(S)@Move(S)|NoOp@NoOp
12251872000:NoOp@NoOp|Move(E)@Move(E)|NoOp@NoOp
12251933100:NoOp@NoOp|Move(E)@Move(E)|NoOp@NoOp
12251993300:NoOp@NoOp|Move(E)@Move(E)|NoOp@NoOp
12252053400:NoOp@NoOp|Move(E)@Move(E)|NoOp@NoOp
12252113500:NoOp@NoOp|Move(E)@Move(E)|NoOp@NoOp
12252173700:NoOp@NoOp|Move(E)@Move(E)|NoOp@NoOp
12252233600:NoOp@NoOp|Move(E)@Move(E)|NoOp@NoOp
12252293300:NoOp@NoOp|Move(E)@Move(E)|NoOp@NoOp
12252353300:NoOp@NoOp|Move(E)@Move(E)|NoOp@NoOp
12252413200:NoOp@NoOp|Move(E)@Move(E)|NoOp@NoOp
12252472700:NoOp@NoOp|Move(E)@Move(E)|NoOp@NoOp
12252532800:NoOp@NoOp|Move(N)@Move(N)|NoOp@NoOp
12252592400:NoOp@NoOp|Move(N)@Move(N)|NoOp@NoOp
12252652200:NoOp@NoOp|Move(N)@Move(N)|NoOp@NoOp
12252726600:NoOp@NoOp|Move(N)@Move(N)|NoOp@NoOp
12252789700:NoOp@NoOp|Move(N)@Move(N)|NoOp@NoOp
12252852300:NoOp@NoOp|Move(N)@Move(N)|NoOp@NoOp
12252915400:NoOp@NoOp|Move(N)@Move(N)|NoOp@NoOp
12252978200:NoOp@NoOp|Move(N)@Move(N)|NoOp@NoOp
12253041100:NoOp@NoOp|Move(N)@Move(N)|NoOp@NoOp
12253103900:NoOp@NoOp|Move(N)@Move(N)|NoOp@NoOp
12253167000:NoOp@NoOp|Move(N)@Move(N)|NoOp@NoOp
12253230200:NoOp@NoOp|Move(W)@Move(W)|NoOp@NoOp
12253293200:NoOp@NoOp|Move(W)@Move(W)|NoOp@NoOp
12253356000:NoOp@NoOp|Move(W)@Move(W)|NoOp@NoOp
12253419200:NoOp@NoOp|Move(S)@Move(S)|NoOp@NoOp
12253488900:NoOp@NoOp|Move(W)@Move(W)|NoOp@NoOp
12253552900:NoOp@NoOp|Push(W,N)@Push(W,N)|NoOp@NoOp
12253616500:NoOp@NoOp|Push(N,E)@Push(N,E)|NoOp@NoOp
12253680000:NoOp@NoOp|Push(E,E)@Push(E,E)|NoOp@NoOp
12253756500:NoOp@NoOp|Push(E,E)@Push(E,E)|NoOp@NoOp
12253816500:NoOp@NoOp|Push(E,E)@Push(E,E)|NoOp@NoOp
12253876500:NoOp@NoOp|Push(E,E)@Push(E,E)|NoOp@NoOp
12253936700:NoOp@NoOp|Push(E,S)@Push(E,S)|NoOp@NoOp
12254000400:NoOp@NoOp|Push(S,S)@Push(S,S)|NoOp@NoOp
12254063000:NoOp@NoOp|Push(S,S)@Push(S,S)|NoOp@NoOp
12254123900:NoOp@NoOp|Push(S,S)@Push(S,S)|NoOp@NoOp
12254197000:NoOp@NoOp|Push(S,S)@Push(S,S)|NoOp@NoOp
12254299700:NoOp@NoOp|Push(S,S)@Push(S,S)|NoOp@NoOp
12254468900:NoOp@NoOp|Push(S,S)@Push(S,S)|NoOp@NoOp
12254710700:NoOp@NoOp|Push(S,S)@Push(S,S)|NoOp@NoOp
12254925500:NoOp@NoOp|Push(S,S)@Push(S,S)|NoOp@NoOp
12255149900:NoOp@NoOp|Push(S,S)@Push(S,S)|NoOp@NoOp
12255359600:NoOp@NoOp|Push(S,S)@Push(S,S)|NoOp@NoOp
12255490300:NoOp@NoOp|Push(S,W)@Push(S,W)|NoOp@NoOp
12255602700:NoOp@NoOp|Push(W,W)@Push(W,W)|NoOp@NoOp
12255707800:NoOp@NoOp|Push(W,W)@Push(W,W)|NoOp@NoOp
12255796400:NoOp@NoOp|Push(W,W)@Push(W,W)|NoOp@NoOp
12255870500:NoOp@NoOp|Push(W,W)@Push(W,W)|NoOp@NoOp
12255951000:NoOp@NoOp|Push(W,W)@Push(W,W)|NoOp@NoOp
12256023400:NoOp@NoOp|Push(W,W)@Push(W,W)|NoOp@NoOp
12256099200:NoOp@NoOp|Push(W,W)@Push(W,W)|NoOp@NoOp
12256166600:NoOp@NoOp|Push(W,W)@Push(W,W)|NoOp@NoOp
12256227200:NoOp@NoOp|Push(W,W)@Push(W,W)|NoOp@NoOp
12256286200:NoOp@NoOp|Push(W,W)@Push(W,W)|NoOp@NoOp
12256345200:NoOp@NoOp|Push(W,W)@Push(W,W)|NoOp@NoOp
#end
#solved
true
#numactions
277
#time
12256345200
#end
