#domain
hospital
#levelname
logo
#colors
red: D,T,U
purple: B,1
blue: 0,A
#initial
+++++++++++++++
+DD+++TTT++U+U+
+D+D+++T+++U+U+
+D+D+++T+++U+U+
+DD++++T++++U++
+++++++++++++++
++++ +++++ ++++
+++   +++   +++
+   B     1   +
+++   +++   +++
++++ +++++ ++++
++++ ++++++++++
++++ +++++ ++++
+++   +++   +++
+             +
+++   +++   +++
++++ +++++ ++++
++++++++++ ++++
++++ +++++ ++++
+++   +++   +++
+   0     A   +
+++   +++   +++
++++ +++++ ++++
+++++++++++++++
#goal
+++++++++++++++
+  +++   ++ + +
+ + +++ +++ + +
+ + +++ +++ + +
+  ++++ ++++ ++
+++++++++++++++
++++ +++++A++++
+++   +++   +++
+             +
+++   +++   +++
++++ +++++ ++++
++++ ++++++++++
++++ +++++ ++++
+++   +++   +++
+             +
+++   +++   +++
++++ +++++ ++++
++++++++++ ++++
++++ +++++ ++++
+++   +++   +++
+             +
+++   +++   +++
++++ +++++B++++
+++++++++++++++
#end
#clientname
Dracarys
#actions
233559100:Move(E)@Move(E)|Move(W)@Move(W)
233707200:Move(E)@Move(E)|Move(W)@Move(W)
233828400:Move(E)@Move(E)|Move(W)@Move(W)
233930500:Move(E)@Move(E)|Move(W)@Move(W)
234055900:Move(E)@Move(E)|Move(W)@Move(W)
234194500:Push(E,N)@Push(E,N)|Push(W,S)@Push(W,S)
234316000:Push(N,N)@Push(N,N)|Push(S,S)@Push(S,S)
234426800:Push(N,N)@Push(N,N)|Push(S,S)@Push(S,S)
234529500:Push(N,N)@Push(N,N)|Push(S,S)@Push(S,S)
234661800:Push(N,N)@Push(N,N)|Push(S,S)@Push(S,S)
234766100:Push(N,W)@Push(N,W)|Push(S,S)@Push(S,S)
234901100:Push(W,N)@Push(W,N)|Push(S,E)@Push(S,E)
235008900:Push(N,W)@Push(N,W)|Push(E,E)@Push(E,E)
235116400:Push(W,W)@Push(W,W)|Pull(S,W)@Pull(S,W)
235230200:Push(W,W)@Push(W,W)|Pull(W,S)@Pull(W,S)
235341300:Push(W,W)@Push(W,W)|NoOp@NoOp
235409800:Push(W,W)@Push(W,W)|NoOp@NoOp
235464300:Push(W,N)@Push(W,N)|NoOp@NoOp
235517700:Push(N,N)@Push(N,N)|Push(E,N)@Push(E,N)
235571100:Push(N,N)@Push(N,N)|Push(N,E)@Push(N,E)
235622600:Push(N,N)@Push(N,N)|Push(E,E)@Push(E,E)
235672900:Push(N,N)@Push(N,N)|Push(E,E)@Push(E,E)
235743700:Push(N,N)@Push(N,N)|Push(E,E)@Push(E,E)
235801700:Push(N,E)@Push(N,E)|Push(E,S)@Push(E,S)
235857900:Push(E,E)@Push(E,E)|Push(S,E)@Push(S,E)
235908000:Push(E,E)@Push(E,E)|Push(E,S)@Push(E,S)
235999800:Push(E,E)@Push(E,E)|Push(S,S)@Push(S,S)
236059500:Push(E,E)@Push(E,E)|Push(S,S)@Push(S,S)
236128600:Push(E,N)@Push(E,N)|Push(S,S)@Push(S,S)
236192500:Push(N,E)@Push(N,E)|Push(S,S)@Push(S,S)
236251900:Push(E,N)@Push(E,N)|Push(S,S)@Push(S,S)
236312800:Move(E)@Move(E)|Push(S,S)@Push(S,S)
#end
#solved
true
#numactions
32
#time
236312800
#end
