#domain
hospital
#levelname
MAgic
#colors
orange: 0, A
purple: 1, B
cyan: 2, C
green: 3, D
#initial
++++++++++++++++++++++++++++++++
+  ++++++++D           ++      +
+ +        ++            +     +
++    0      +            +    +
+             +         1 +    +
+             +           +    +
+              +          +    +
+              +          +    +
+     +    +   +          +    +
+    +    +B+  +         +     +
+    + +  +   +         ++     +
+   +  +   +++         ++A     +
+   +  +              ++       +
+   +  +   +         ++        +
+  +    +   +++++++++          +
+  +    ++                     +
+  +     ++                    +
+   +     +++           2      +
+   +  3    +++          +++   +
+ C  +         ++++++++++      +
+     +                        +
++++++++++++++++++++++++++++++++
#goal
++++++++++++++++++++++++++++++++
+  ++++++++            ++      +
+ +  C     ++            +     +
++           +         A  +    +
+             +           +    +
+             +           +    +
+              +          +    +
+              +          +    +
+     +01  +   +          +    +
+    + 23 + +  +         +     +
+    + +  +   +         ++     +
+   +  +   +++         ++      +
+   +  +              ++       +
+   +  +   +         ++        +
+  +    +   +++++++++          +
+  +    ++                     +
+  +     ++              D     +
+   +     +++                  +
+   +       +++          +++   +
+    +  B      ++++++++++      +
+     +                        +
++++++++++++++++++++++++++++++++
#end
#clientname
SearchClient
#actions
40810625:NoOp@NoOp|NoOp@NoOp|Move(N)@Move(N)|NoOp@NoOp
40851208:NoOp@NoOp|NoOp@NoOp|Move(N)@Move(N)|NoOp@NoOp
40871083:NoOp@NoOp|NoOp@NoOp|Move(W)@Move(W)|NoOp@NoOp
40891458:NoOp@NoOp|NoOp@NoOp|Move(W)@Move(W)|NoOp@NoOp
40913000:NoOp@NoOp|NoOp@NoOp|Move(W)@Move(W)|NoOp@NoOp
40925667:NoOp@NoOp|NoOp@NoOp|Move(W)@Move(W)|NoOp@NoOp
40941000:NoOp@NoOp|NoOp@NoOp|Move(W)@Move(W)|NoOp@NoOp
40955958:NoOp@NoOp|NoOp@NoOp|Move(W)@Move(W)|NoOp@NoOp
40971125:NoOp@NoOp|NoOp@NoOp|Move(W)@Move(W)|NoOp@NoOp
40981208:NoOp@NoOp|NoOp@NoOp|Move(W)@Move(W)|NoOp@NoOp
40992625:NoOp@NoOp|NoOp@NoOp|Move(W)@Move(W)|NoOp@NoOp
41010333:NoOp@NoOp|NoOp@NoOp|Move(W)@Move(W)|NoOp@NoOp
41021042:NoOp@NoOp|NoOp@NoOp|Move(W)@Move(W)|NoOp@NoOp
41033583:NoOp@NoOp|NoOp@NoOp|Move(W)@Move(W)|NoOp@NoOp
41047667:NoOp@NoOp|NoOp@NoOp|Move(W)@Move(W)|NoOp@NoOp
41057917:NoOp@NoOp|NoOp@NoOp|Move(N)@Move(N)|NoOp@NoOp
41068750:NoOp@NoOp|NoOp@NoOp|Move(W)@Move(W)|NoOp@NoOp
41082125:NoOp@NoOp|NoOp@NoOp|Move(N)@Move(N)|NoOp@NoOp
41091708:NoOp@NoOp|NoOp@NoOp|Move(N)@Move(N)|NoOp@NoOp
41103375:NoOp@NoOp|NoOp@NoOp|Move(N)@Move(N)|NoOp@NoOp
41114917:NoOp@NoOp|NoOp@NoOp|Move(W)@Move(W)|NoOp@NoOp
41128375:NoOp@NoOp|NoOp@NoOp|Move(N)@Move(N)|NoOp@NoOp
41138375:NoOp@NoOp|NoOp@NoOp|Move(N)@Move(N)|NoOp@NoOp
41150125:NoOp@NoOp|NoOp@NoOp|Move(N)@Move(N)|NoOp@NoOp
41162792:NoOp@NoOp|NoOp@NoOp|Move(N)@Move(N)|NoOp@NoOp
41172708:NoOp@NoOp|NoOp@NoOp|Move(W)@Move(W)|NoOp@NoOp
41184250:NoOp@NoOp|NoOp@NoOp|Move(W)@Move(W)|NoOp@NoOp
41193375:NoOp@NoOp|NoOp@NoOp|Move(W)@Move(W)|NoOp@NoOp
41205125:NoOp@NoOp|NoOp@NoOp|Move(W)@Move(W)|NoOp@NoOp
41217833:NoOp@NoOp|NoOp@NoOp|Move(S)@Move(S)|NoOp@NoOp
41228500:NoOp@NoOp|NoOp@NoOp|Move(W)@Move(W)|NoOp@NoOp
41241208:NoOp@NoOp|NoOp@NoOp|Move(S)@Move(S)|NoOp@NoOp
41250417:NoOp@NoOp|NoOp@NoOp|Move(S)@Move(S)|NoOp@NoOp
41260792:NoOp@NoOp|NoOp@NoOp|Move(W)@Move(W)|NoOp@NoOp
41270500:NoOp@NoOp|NoOp@NoOp|Move(S)@Move(S)|NoOp@NoOp
41281250:NoOp@NoOp|NoOp@NoOp|Move(S)@Move(S)|NoOp@NoOp
41290458:NoOp@NoOp|NoOp@NoOp|Move(S)@Move(S)|NoOp@NoOp
41301167:NoOp@NoOp|NoOp@NoOp|Move(W)@Move(W)|NoOp@NoOp
41309375:NoOp@NoOp|NoOp@NoOp|Move(S)@Move(S)|NoOp@NoOp
41320083:NoOp@NoOp|NoOp@NoOp|Move(S)@Move(S)|NoOp@NoOp
41329250:NoOp@NoOp|NoOp@NoOp|Move(S)@Move(S)|NoOp@NoOp
41339917:NoOp@NoOp|NoOp@NoOp|Move(S)@Move(S)|NoOp@NoOp
41349167:NoOp@NoOp|NoOp@NoOp|Move(S)@Move(S)|NoOp@NoOp
41360333:NoOp@NoOp|NoOp@NoOp|Pull(N,N)@Pull(N,N)|NoOp@NoOp
41369333:NoOp@NoOp|NoOp@NoOp|Pull(N,N)@Pull(N,N)|NoOp@NoOp
41380750:NoOp@NoOp|NoOp@NoOp|Pull(N,N)@Pull(N,N)|NoOp@NoOp
41390375:NoOp@NoOp|NoOp@NoOp|Pull(N,N)@Pull(N,N)|NoOp@NoOp
41400333:NoOp@NoOp|NoOp@NoOp|Pull(N,N)@Pull(N,N)|NoOp@NoOp
41410208:NoOp@NoOp|NoOp@NoOp|Pull(N,N)@Pull(N,N)|NoOp@NoOp
41420625:NoOp@NoOp|NoOp@NoOp|Push(S,E)@Push(S,E)|NoOp@NoOp
41431042:NoOp@NoOp|NoOp@NoOp|Push(E,N)@Push(E,N)|NoOp@NoOp
41441583:NoOp@NoOp|NoOp@NoOp|Push(N,N)@Push(N,N)|NoOp@NoOp
41452167:NoOp@NoOp|NoOp@NoOp|Push(N,N)@Push(N,N)|NoOp@NoOp
41462500:NoOp@NoOp|NoOp@NoOp|Push(N,N)@Push(N,N)|NoOp@NoOp
41471792:NoOp@NoOp|NoOp@NoOp|Push(N,N)@Push(N,N)|NoOp@NoOp
41482750:NoOp@NoOp|NoOp@NoOp|Push(N,N)@Push(N,N)|NoOp@NoOp
41493792:NoOp@NoOp|NoOp@NoOp|Push(N,N)@Push(N,N)|NoOp@NoOp
41502958:NoOp@NoOp|NoOp@NoOp|Push(N,N)@Push(N,N)|NoOp@NoOp
41513917:NoOp@NoOp|NoOp@NoOp|Push(N,N)@Push(N,N)|NoOp@NoOp
41523333:NoOp@NoOp|NoOp@NoOp|Push(N,N)@Push(N,N)|NoOp@NoOp
41532958:NoOp@NoOp|NoOp@NoOp|Push(N,N)@Push(N,N)|NoOp@NoOp
41544625:NoOp@NoOp|NoOp@NoOp|Push(N,E)@Push(N,E)|NoOp@NoOp
41554208:NoOp@NoOp|NoOp@NoOp|Push(E,E)@Push(E,E)|NoOp@NoOp
41565250:Move(S)@Move(S)|NoOp@NoOp|NoOp@NoOp|NoOp@NoOp
41574417:Move(S)@Move(S)|NoOp@NoOp|NoOp@NoOp|NoOp@NoOp
41585417:Move(S)@Move(S)|NoOp@NoOp|NoOp@NoOp|NoOp@NoOp
41594708:Move(S)@Move(S)|NoOp@NoOp|NoOp@NoOp|NoOp@NoOp
41605500:Move(E)@Move(E)|NoOp@NoOp|NoOp@NoOp|NoOp@NoOp
41614958:Move(S)@Move(S)|NoOp@NoOp|NoOp@NoOp|NoOp@NoOp
41624333:Move(S)@Move(S)|NoOp@NoOp|NoOp@NoOp|NoOp@NoOp
41635333:Move(E)@Move(E)|NoOp@NoOp|NoOp@NoOp|NoOp@NoOp
41644625:Move(S)@Move(S)|NoOp@NoOp|NoOp@NoOp|NoOp@NoOp
41655458:Move(S)@Move(S)|NoOp@NoOp|NoOp@NoOp|NoOp@NoOp
41667583:Move(S)@Move(S)|NoOp@NoOp|NoOp@NoOp|NoOp@NoOp
41679625:Move(S)@Move(S)|NoOp@NoOp|NoOp@NoOp|NoOp@NoOp
41689667:Move(E)@Move(E)|NoOp@NoOp|NoOp@NoOp|NoOp@NoOp
41701333:Move(S)@Move(S)|NoOp@NoOp|NoOp@NoOp|NoOp@NoOp
41710750:Move(E)@Move(E)|NoOp@NoOp|NoOp@NoOp|NoOp@NoOp
41721708:Move(S)@Move(S)|NoOp@NoOp|NoOp@NoOp|NoOp@NoOp
41730833:Move(E)@Move(E)|NoOp@NoOp|NoOp@NoOp|NoOp@NoOp
41741500:Move(E)@Move(E)|NoOp@NoOp|NoOp@NoOp|NoOp@NoOp
41750458:Move(E)@Move(E)|NoOp@NoOp|NoOp@NoOp|NoOp@NoOp
41761458:Move(E)@Move(E)|NoOp@NoOp|NoOp@NoOp|NoOp@NoOp
41770083:Move(E)@Move(E)|NoOp@NoOp|NoOp@NoOp|NoOp@NoOp
41781042:Move(E)@Move(E)|NoOp@NoOp|NoOp@NoOp|NoOp@NoOp
41790167:Move(E)@Move(E)|NoOp@NoOp|NoOp@NoOp|NoOp@NoOp
41800958:Move(E)@Move(E)|NoOp@NoOp|NoOp@NoOp|NoOp@NoOp
41810333:Move(E)@Move(E)|NoOp@NoOp|NoOp@NoOp|NoOp@NoOp
41821292:Move(E)@Move(E)|NoOp@NoOp|NoOp@NoOp|NoOp@NoOp
41831042:Move(E)@Move(E)|NoOp@NoOp|NoOp@NoOp|NoOp@NoOp
41841458:Move(N)@Move(N)|NoOp@NoOp|NoOp@NoOp|NoOp@NoOp
41852542:Move(E)@Move(E)|NoOp@NoOp|NoOp@NoOp|NoOp@NoOp
41862167:Move(E)@Move(E)|NoOp@NoOp|NoOp@NoOp|NoOp@NoOp
41873167:Move(N)@Move(N)|NoOp@NoOp|NoOp@NoOp|NoOp@NoOp
41883458:Move(E)@Move(E)|NoOp@NoOp|NoOp@NoOp|NoOp@NoOp
41893292:Move(N)@Move(N)|NoOp@NoOp|NoOp@NoOp|NoOp@NoOp
41902292:Move(E)@Move(E)|NoOp@NoOp|NoOp@NoOp|NoOp@NoOp
41913417:Pull(S,S)@Pull(S,S)|NoOp@NoOp|NoOp@NoOp|NoOp@NoOp
41923125:Push(N,W)@Push(N,W)|NoOp@NoOp|NoOp@NoOp|NoOp@NoOp
41932667:Push(W,S)@Push(W,S)|NoOp@NoOp|NoOp@NoOp|NoOp@NoOp
41943167:Push(S,S)@Push(S,S)|NoOp@NoOp|NoOp@NoOp|NoOp@NoOp
41953667:Push(S,S)@Push(S,S)|NoOp@NoOp|NoOp@NoOp|NoOp@NoOp
41965250:Push(S,W)@Push(S,W)|NoOp@NoOp|NoOp@NoOp|NoOp@NoOp
41974667:Push(W,W)@Push(W,W)|NoOp@NoOp|NoOp@NoOp|NoOp@NoOp
41986292:Push(W,W)@Push(W,W)|NoOp@NoOp|NoOp@NoOp|NoOp@NoOp
41996083:Push(W,W)@Push(W,W)|NoOp@NoOp|NoOp@NoOp|NoOp@NoOp
42006792:Push(W,W)@Push(W,W)|NoOp@NoOp|NoOp@NoOp|NoOp@NoOp
42017667:Push(W,W)@Push(W,W)|NoOp@NoOp|NoOp@NoOp|NoOp@NoOp
42027042:Push(W,W)@Push(W,W)|NoOp@NoOp|NoOp@NoOp|NoOp@NoOp
42038083:Push(W,W)@Push(W,W)|NoOp@NoOp|NoOp@NoOp|NoOp@NoOp
42047375:Push(W,W)@Push(W,W)|NoOp@NoOp|NoOp@NoOp|NoOp@NoOp
42057125:Push(W,W)@Push(W,W)|NoOp@NoOp|NoOp@NoOp|NoOp@NoOp
42067167:Push(W,W)@Push(W,W)|NoOp@NoOp|NoOp@NoOp|NoOp@NoOp
42077833:Push(W,W)@Push(W,W)|NoOp@NoOp|NoOp@NoOp|NoOp@NoOp
42087875:Push(W,W)@Push(W,W)|NoOp@NoOp|NoOp@NoOp|NoOp@NoOp
42098417:Push(W,N)@Push(W,N)|NoOp@NoOp|NoOp@NoOp|NoOp@NoOp
42108667:Push(N,W)@Push(N,W)|NoOp@NoOp|NoOp@NoOp|NoOp@NoOp
42118833:Push(W,N)@Push(W,N)|NoOp@NoOp|NoOp@NoOp|NoOp@NoOp
42129083:Push(N,N)@Push(N,N)|NoOp@NoOp|NoOp@NoOp|NoOp@NoOp
42139583:Push(N,E)@Push(N,E)|NoOp@NoOp|NoOp@NoOp|NoOp@NoOp
42150958:Push(E,E)@Push(E,E)|NoOp@NoOp|NoOp@NoOp|NoOp@NoOp
42162667:Push(E,E)@Push(E,E)|NoOp@NoOp|NoOp@NoOp|NoOp@NoOp
42172833:Push(E,E)@Push(E,E)|NoOp@NoOp|NoOp@NoOp|NoOp@NoOp
42183042:Push(E,N)@Push(E,N)|NoOp@NoOp|NoOp@NoOp|NoOp@NoOp
42193625:Push(N,E)@Push(N,E)|NoOp@NoOp|NoOp@NoOp|NoOp@NoOp
42204667:Push(E,N)@Push(E,N)|NoOp@NoOp|NoOp@NoOp|NoOp@NoOp
42215417:Push(N,E)@Push(N,E)|NoOp@NoOp|NoOp@NoOp|NoOp@NoOp
42225917:Push(E,N)@Push(E,N)|NoOp@NoOp|NoOp@NoOp|NoOp@NoOp
42235875:Push(N,N)@Push(N,N)|NoOp@NoOp|NoOp@NoOp|NoOp@NoOp
42244958:Push(N,N)@Push(N,N)|NoOp@NoOp|NoOp@NoOp|NoOp@NoOp
42254833:Push(N,N)@Push(N,N)|NoOp@NoOp|NoOp@NoOp|NoOp@NoOp
42264458:Push(N,N)@Push(N,N)|NoOp@NoOp|NoOp@NoOp|NoOp@NoOp
42275083:Push(N,N)@Push(N,N)|NoOp@NoOp|NoOp@NoOp|NoOp@NoOp
42285208:Push(N,N)@Push(N,N)|NoOp@NoOp|NoOp@NoOp|NoOp@NoOp
42296000:Push(N,E)@Push(N,E)|NoOp@NoOp|NoOp@NoOp|NoOp@NoOp
42306583:Push(E,E)@Push(E,E)|NoOp@NoOp|NoOp@NoOp|NoOp@NoOp
42316583:Push(E,E)@Push(E,E)|NoOp@NoOp|NoOp@NoOp|NoOp@NoOp
42326792:Push(E,E)@Push(E,E)|NoOp@NoOp|NoOp@NoOp|NoOp@NoOp
42337458:Push(E,E)@Push(E,E)|NoOp@NoOp|NoOp@NoOp|NoOp@NoOp
42350667:Push(E,E)@Push(E,E)|NoOp@NoOp|NoOp@NoOp|NoOp@NoOp
42359667:Push(E,E)@Push(E,E)|NoOp@NoOp|NoOp@NoOp|NoOp@NoOp
42370750:NoOp@NoOp|NoOp@NoOp|NoOp@NoOp|Move(N)@Move(N)
42379667:NoOp@NoOp|NoOp@NoOp|NoOp@NoOp|Move(N)@Move(N)
42390708:NoOp@NoOp|NoOp@NoOp|NoOp@NoOp|Move(N)@Move(N)
42399792:NoOp@NoOp|NoOp@NoOp|NoOp@NoOp|Move(N)@Move(N)
42410667:NoOp@NoOp|NoOp@NoOp|NoOp@NoOp|Move(W)@Move(W)
42419708:NoOp@NoOp|NoOp@NoOp|NoOp@NoOp|Move(N)@Move(N)
42430792:NoOp@NoOp|NoOp@NoOp|NoOp@NoOp|Move(N)@Move(N)
42439708:NoOp@NoOp|NoOp@NoOp|NoOp@NoOp|Move(N)@Move(N)
42450958:NoOp@NoOp|NoOp@NoOp|NoOp@NoOp|Move(N)@Move(N)
42460333:NoOp@NoOp|NoOp@NoOp|NoOp@NoOp|Move(N)@Move(N)
42469083:NoOp@NoOp|NoOp@NoOp|NoOp@NoOp|Move(E)@Move(E)
42478792:NoOp@NoOp|NoOp@NoOp|NoOp@NoOp|Move(E)@Move(E)
42487875:NoOp@NoOp|NoOp@NoOp|NoOp@NoOp|Move(S)@Move(S)
42498833:NoOp@NoOp|NoOp@NoOp|NoOp@NoOp|Move(S)@Move(S)
42508417:NoOp@NoOp|NoOp@NoOp|NoOp@NoOp|Move(S)@Move(S)
42518500:NoOp@NoOp|NoOp@NoOp|NoOp@NoOp|Move(E)@Move(E)
42528042:NoOp@NoOp|NoOp@NoOp|NoOp@NoOp|Move(E)@Move(E)
42538833:NoOp@NoOp|NoOp@NoOp|NoOp@NoOp|Move(E)@Move(E)
42548583:NoOp@NoOp|NoOp@NoOp|NoOp@NoOp|Move(E)@Move(E)
42559292:NoOp@NoOp|NoOp@NoOp|NoOp@NoOp|Move(E)@Move(E)
42569458:NoOp@NoOp|NoOp@NoOp|NoOp@NoOp|Move(E)@Move(E)
42580000:NoOp@NoOp|NoOp@NoOp|NoOp@NoOp|Move(N)@Move(N)
42590083:NoOp@NoOp|NoOp@NoOp|NoOp@NoOp|Move(E)@Move(E)
42600583:NoOp@NoOp|NoOp@NoOp|NoOp@NoOp|Move(N)@Move(N)
42610667:NoOp@NoOp|NoOp@NoOp|NoOp@NoOp|Move(E)@Move(E)
42621042:NoOp@NoOp|NoOp@NoOp|NoOp@NoOp|Move(N)@Move(N)
42631333:NoOp@NoOp|NoOp@NoOp|NoOp@NoOp|Move(N)@Move(N)
42641833:NoOp@NoOp|NoOp@NoOp|NoOp@NoOp|Move(N)@Move(N)
42652167:NoOp@NoOp|NoOp@NoOp|NoOp@NoOp|Move(N)@Move(N)
42662292:NoOp@NoOp|NoOp@NoOp|NoOp@NoOp|Move(N)@Move(N)
42672708:NoOp@NoOp|NoOp@NoOp|NoOp@NoOp|Move(N)@Move(N)
42683208:NoOp@NoOp|NoOp@NoOp|NoOp@NoOp|Move(N)@Move(N)
42693417:NoOp@NoOp|NoOp@NoOp|NoOp@NoOp|Move(N)@Move(N)
42703708:NoOp@NoOp|NoOp@NoOp|NoOp@NoOp|Move(N)@Move(N)
42714000:NoOp@NoOp|NoOp@NoOp|NoOp@NoOp|Move(W)@Move(W)
42724042:NoOp@NoOp|NoOp@NoOp|NoOp@NoOp|Move(W)@Move(W)
42734250:NoOp@NoOp|NoOp@NoOp|NoOp@NoOp|Move(W)@Move(W)
42744958:NoOp@NoOp|NoOp@NoOp|NoOp@NoOp|Move(W)@Move(W)
42756167:NoOp@NoOp|NoOp@NoOp|NoOp@NoOp|Pull(E,E)@Pull(E,E)
42765000:NoOp@NoOp|NoOp@NoOp|NoOp@NoOp|Pull(E,E)@Pull(E,E)
42777583:NoOp@NoOp|NoOp@NoOp|NoOp@NoOp|Push(W,S)@Push(W,S)
42786708:NoOp@NoOp|NoOp@NoOp|NoOp@NoOp|Push(S,E)@Push(S,E)
42797917:NoOp@NoOp|NoOp@NoOp|NoOp@NoOp|Push(E,S)@Push(E,S)
42807958:NoOp@NoOp|NoOp@NoOp|NoOp@NoOp|Push(S,E)@Push(S,E)
42817250:NoOp@NoOp|NoOp@NoOp|NoOp@NoOp|Push(E,S)@Push(E,S)
42827250:NoOp@NoOp|NoOp@NoOp|NoOp@NoOp|Push(S,S)@Push(S,S)
42837167:NoOp@NoOp|NoOp@NoOp|NoOp@NoOp|Push(S,E)@Push(S,E)
42846833:NoOp@NoOp|NoOp@NoOp|NoOp@NoOp|Push(E,S)@Push(E,S)
42857750:NoOp@NoOp|NoOp@NoOp|NoOp@NoOp|Push(S,S)@Push(S,S)
42867250:NoOp@NoOp|NoOp@NoOp|NoOp@NoOp|Push(S,S)@Push(S,S)
42878000:NoOp@NoOp|NoOp@NoOp|NoOp@NoOp|Push(S,S)@Push(S,S)
42888167:NoOp@NoOp|NoOp@NoOp|NoOp@NoOp|Push(S,S)@Push(S,S)
42898833:NoOp@NoOp|NoOp@NoOp|NoOp@NoOp|Push(S,S)@Push(S,S)
42909000:NoOp@NoOp|NoOp@NoOp|NoOp@NoOp|Push(S,S)@Push(S,S)
42919708:NoOp@NoOp|NoOp@NoOp|NoOp@NoOp|Push(S,W)@Push(S,W)
42928625:NoOp@NoOp|NoOp@NoOp|NoOp@NoOp|Push(W,W)@Push(W,W)
42939500:NoOp@NoOp|NoOp@NoOp|NoOp@NoOp|Push(W,W)@Push(W,W)
42948500:NoOp@NoOp|NoOp@NoOp|NoOp@NoOp|Push(W,W)@Push(W,W)
42959708:NoOp@NoOp|NoOp@NoOp|NoOp@NoOp|Push(W,W)@Push(W,W)
42968792:NoOp@NoOp|NoOp@NoOp|NoOp@NoOp|Push(W,W)@Push(W,W)
42979833:NoOp@NoOp|NoOp@NoOp|NoOp@NoOp|Push(W,S)@Push(W,S)
42990667:NoOp@NoOp|NoOp@NoOp|NoOp@NoOp|Push(S,S)@Push(S,S)
43001917:NoOp@NoOp|NoOp@NoOp|NoOp@NoOp|Push(S,S)@Push(S,S)
43011542:NoOp@NoOp|NoOp@NoOp|NoOp@NoOp|Push(S,E)@Push(S,E)
43018208:NoOp@NoOp|NoOp@NoOp|NoOp@NoOp|Push(E,S)@Push(E,S)
43025042:NoOp@NoOp|NoOp@NoOp|NoOp@NoOp|Push(S,E)@Push(S,E)
43031708:NoOp@NoOp|NoOp@NoOp|NoOp@NoOp|Push(E,E)@Push(E,E)
43038125:NoOp@NoOp|NoOp@NoOp|NoOp@NoOp|Push(E,E)@Push(E,E)
43044833:NoOp@NoOp|NoOp@NoOp|NoOp@NoOp|Push(E,E)@Push(E,E)
43051250:NoOp@NoOp|NoOp@NoOp|NoOp@NoOp|Push(E,E)@Push(E,E)
43057792:NoOp@NoOp|NoOp@NoOp|NoOp@NoOp|Push(E,E)@Push(E,E)
43064333:NoOp@NoOp|NoOp@NoOp|NoOp@NoOp|Push(E,E)@Push(E,E)
43072000:NoOp@NoOp|NoOp@NoOp|NoOp@NoOp|Push(E,E)@Push(E,E)
43080208:NoOp@NoOp|NoOp@NoOp|NoOp@NoOp|Push(E,E)@Push(E,E)
43087833:NoOp@NoOp|NoOp@NoOp|NoOp@NoOp|Push(E,E)@Push(E,E)
43095375:NoOp@NoOp|NoOp@NoOp|NoOp@NoOp|Push(E,E)@Push(E,E)
43101875:NoOp@NoOp|NoOp@NoOp|NoOp@NoOp|Push(E,E)@Push(E,E)
43110000:NoOp@NoOp|NoOp@NoOp|NoOp@NoOp|Push(E,E)@Push(E,E)
43118333:NoOp@NoOp|NoOp@NoOp|NoOp@NoOp|Push(E,E)@Push(E,E)
43124917:NoOp@NoOp|Move(S)@Move(S)|NoOp@NoOp|NoOp@NoOp
43132250:NoOp@NoOp|Move(S)@Move(S)|NoOp@NoOp|NoOp@NoOp
43140208:NoOp@NoOp|Move(S)@Move(S)|NoOp@NoOp|NoOp@NoOp
43148333:NoOp@NoOp|Move(S)@Move(S)|NoOp@NoOp|NoOp@NoOp
43155000:NoOp@NoOp|Move(S)@Move(S)|NoOp@NoOp|NoOp@NoOp
43161667:NoOp@NoOp|Move(W)@Move(W)|NoOp@NoOp|NoOp@NoOp
43167958:NoOp@NoOp|Move(S)@Move(S)|NoOp@NoOp|NoOp@NoOp
43174583:NoOp@NoOp|Move(W)@Move(W)|NoOp@NoOp|NoOp@NoOp
43181250:NoOp@NoOp|Move(S)@Move(S)|NoOp@NoOp|NoOp@NoOp
43187917:NoOp@NoOp|Move(W)@Move(W)|NoOp@NoOp|NoOp@NoOp
43194458:NoOp@NoOp|Move(S)@Move(S)|NoOp@NoOp|NoOp@NoOp
43200917:NoOp@NoOp|Move(W)@Move(W)|NoOp@NoOp|NoOp@NoOp
43207625:NoOp@NoOp|Move(W)@Move(W)|NoOp@NoOp|NoOp@NoOp
43213958:NoOp@NoOp|Move(W)@Move(W)|NoOp@NoOp|NoOp@NoOp
43220417:NoOp@NoOp|Move(W)@Move(W)|NoOp@NoOp|NoOp@NoOp
43226708:NoOp@NoOp|Move(W)@Move(W)|NoOp@NoOp|NoOp@NoOp
43233250:NoOp@NoOp|Move(W)@Move(W)|NoOp@NoOp|NoOp@NoOp
43239917:NoOp@NoOp|Move(W)@Move(W)|NoOp@NoOp|NoOp@NoOp
43246292:NoOp@NoOp|Move(W)@Move(W)|NoOp@NoOp|NoOp@NoOp
43252667:NoOp@NoOp|Move(W)@Move(W)|NoOp@NoOp|NoOp@NoOp
43259167:NoOp@NoOp|Move(W)@Move(W)|NoOp@NoOp|NoOp@NoOp
43266208:NoOp@NoOp|Move(W)@Move(W)|NoOp@NoOp|NoOp@NoOp
43272542:NoOp@NoOp|Move(N)@Move(N)|NoOp@NoOp|NoOp@NoOp
43278958:NoOp@NoOp|Move(W)@Move(W)|NoOp@NoOp|NoOp@NoOp
43285375:NoOp@NoOp|Move(N)@Move(N)|NoOp@NoOp|NoOp@NoOp
43291958:NoOp@NoOp|Move(N)@Move(N)|NoOp@NoOp|NoOp@NoOp
43298375:NoOp@NoOp|Move(N)@Move(N)|NoOp@NoOp|NoOp@NoOp
43304917:NoOp@NoOp|Move(N)@Move(N)|NoOp@NoOp|NoOp@NoOp
43311167:NoOp@NoOp|Move(E)@Move(E)|NoOp@NoOp|NoOp@NoOp
43317542:NoOp@NoOp|Move(E)@Move(E)|NoOp@NoOp|NoOp@NoOp
43324083:NoOp@NoOp|Move(E)@Move(E)|NoOp@NoOp|NoOp@NoOp
43330583:NoOp@NoOp|Move(S)@Move(S)|NoOp@NoOp|NoOp@NoOp
43337167:NoOp@NoOp|Move(E)@Move(E)|NoOp@NoOp|NoOp@NoOp
43344042:NoOp@NoOp|Move(S)@Move(S)|NoOp@NoOp|NoOp@NoOp
43352083:NoOp@NoOp|Move(S)@Move(S)|NoOp@NoOp|NoOp@NoOp
43360417:NoOp@NoOp|Move(W)@Move(W)|NoOp@NoOp|NoOp@NoOp
43366792:NoOp@NoOp|Move(W)@Move(W)|NoOp@NoOp|NoOp@NoOp
43373708:NoOp@NoOp|Pull(E,S)@Pull(E,S)|NoOp@NoOp|NoOp@NoOp
43381958:NoOp@NoOp|Pull(E,E)@Pull(E,E)|NoOp@NoOp|NoOp@NoOp
43392125:NoOp@NoOp|Pull(N,E)@Pull(N,E)|NoOp@NoOp|NoOp@NoOp
43399167:NoOp@NoOp|Pull(N,N)@Pull(N,N)|NoOp@NoOp|NoOp@NoOp
43405792:NoOp@NoOp|Pull(N,N)@Pull(N,N)|NoOp@NoOp|NoOp@NoOp
43412375:NoOp@NoOp|Push(S,W)@Push(S,W)|NoOp@NoOp|NoOp@NoOp
43418833:NoOp@NoOp|Push(W,N)@Push(W,N)|NoOp@NoOp|NoOp@NoOp
43425125:NoOp@NoOp|Push(N,W)@Push(N,W)|NoOp@NoOp|NoOp@NoOp
43431708:NoOp@NoOp|Push(W,W)@Push(W,W)|NoOp@NoOp|NoOp@NoOp
43438250:NoOp@NoOp|Push(W,S)@Push(W,S)|NoOp@NoOp|NoOp@NoOp
43447375:NoOp@NoOp|Push(S,W)@Push(S,W)|NoOp@NoOp|NoOp@NoOp
43454958:NoOp@NoOp|Push(W,S)@Push(W,S)|NoOp@NoOp|NoOp@NoOp
43461583:NoOp@NoOp|Push(S,W)@Push(S,W)|NoOp@NoOp|NoOp@NoOp
43468167:NoOp@NoOp|Push(W,W)@Push(W,W)|NoOp@NoOp|NoOp@NoOp
43474500:NoOp@NoOp|Push(W,W)@Push(W,W)|NoOp@NoOp|NoOp@NoOp
43480917:NoOp@NoOp|Push(W,S)@Push(W,S)|NoOp@NoOp|NoOp@NoOp
43487417:NoOp@NoOp|Push(S,S)@Push(S,S)|NoOp@NoOp|NoOp@NoOp
43494000:NoOp@NoOp|Push(S,S)@Push(S,S)|NoOp@NoOp|NoOp@NoOp
43500500:NoOp@NoOp|Push(S,S)@Push(S,S)|NoOp@NoOp|NoOp@NoOp
43506875:NoOp@NoOp|Push(S,S)@Push(S,S)|NoOp@NoOp|NoOp@NoOp
43513292:NoOp@NoOp|Push(S,S)@Push(S,S)|NoOp@NoOp|NoOp@NoOp
43519625:NoOp@NoOp|Push(S,S)@Push(S,S)|NoOp@NoOp|NoOp@NoOp
43526208:NoOp@NoOp|Push(S,S)@Push(S,S)|NoOp@NoOp|NoOp@NoOp
43532667:NoOp@NoOp|Push(S,S)@Push(S,S)|NoOp@NoOp|NoOp@NoOp
43539208:NoOp@NoOp|Push(S,S)@Push(S,S)|NoOp@NoOp|NoOp@NoOp
43545667:NoOp@NoOp|Push(S,E)@Push(S,E)|NoOp@NoOp|NoOp@NoOp
43552208:NoOp@NoOp|Push(E,E)@Push(E,E)|NoOp@NoOp|NoOp@NoOp
43558792:Move(S)@Move(S)|NoOp@NoOp|NoOp@NoOp|NoOp@NoOp
43565500:Move(S)@Move(S)|NoOp@NoOp|NoOp@NoOp|NoOp@NoOp
43572125:Move(S)@Move(S)|NoOp@NoOp|NoOp@NoOp|NoOp@NoOp
43578583:Move(S)@Move(S)|NoOp@NoOp|NoOp@NoOp|NoOp@NoOp
43584833:Move(S)@Move(S)|NoOp@NoOp|NoOp@NoOp|NoOp@NoOp
43590875:Move(S)@Move(S)|NoOp@NoOp|NoOp@NoOp|NoOp@NoOp
43597375:Move(S)@Move(S)|NoOp@NoOp|NoOp@NoOp|NoOp@NoOp
43604667:Move(S)@Move(S)|NoOp@NoOp|NoOp@NoOp|NoOp@NoOp
43611042:Move(W)@Move(W)|NoOp@NoOp|NoOp@NoOp|NoOp@NoOp
43617583:Move(S)@Move(S)|NoOp@NoOp|NoOp@NoOp|NoOp@NoOp
43624083:Move(W)@Move(W)|NoOp@NoOp|NoOp@NoOp|NoOp@NoOp
43630417:Move(W)@Move(W)|NoOp@NoOp|NoOp@NoOp|NoOp@NoOp
43637042:Move(W)@Move(W)|NoOp@NoOp|NoOp@NoOp|NoOp@NoOp
43643500:Move(W)@Move(W)|NoOp@NoOp|NoOp@NoOp|NoOp@NoOp
43649750:Move(W)@Move(W)|NoOp@NoOp|NoOp@NoOp|NoOp@NoOp
43656125:Move(W)@Move(W)|NoOp@NoOp|NoOp@NoOp|NoOp@NoOp
43663167:Move(W)@Move(W)|NoOp@NoOp|NoOp@NoOp|NoOp@NoOp
43670417:Move(W)@Move(W)|NoOp@NoOp|NoOp@NoOp|NoOp@NoOp
43677250:Move(W)@Move(W)|NoOp@NoOp|NoOp@NoOp|NoOp@NoOp
43683792:Move(W)@Move(W)|NoOp@NoOp|NoOp@NoOp|NoOp@NoOp
43691917:Move(W)@Move(W)|NoOp@NoOp|NoOp@NoOp|NoOp@NoOp
43699708:Move(N)@Move(N)|NoOp@NoOp|NoOp@NoOp|NoOp@NoOp
43707333:Move(W)@Move(W)|NoOp@NoOp|NoOp@NoOp|NoOp@NoOp
43713625:Move(N)@Move(N)|NoOp@NoOp|NoOp@NoOp|NoOp@NoOp
43720208:Move(N)@Move(N)|NoOp@NoOp|NoOp@NoOp|NoOp@NoOp
43727375:Move(N)@Move(N)|NoOp@NoOp|NoOp@NoOp|NoOp@NoOp
43733708:Move(W)@Move(W)|NoOp@NoOp|NoOp@NoOp|NoOp@NoOp
43740208:Move(W)@Move(W)|NoOp@NoOp|NoOp@NoOp|NoOp@NoOp
43746792:NoOp@NoOp|NoOp@NoOp|Move(S)@Move(S)|NoOp@NoOp
43753333:NoOp@NoOp|NoOp@NoOp|Move(S)@Move(S)|NoOp@NoOp
43759917:NoOp@NoOp|NoOp@NoOp|Move(S)@Move(S)|NoOp@NoOp
43766500:NoOp@NoOp|NoOp@NoOp|Move(S)@Move(S)|NoOp@NoOp
43773083:NoOp@NoOp|NoOp@NoOp|Move(S)@Move(S)|NoOp@NoOp
43779583:NoOp@NoOp|NoOp@NoOp|Move(E)@Move(E)|NoOp@NoOp
43786458:NoOp@NoOp|NoOp@NoOp|Move(E)@Move(E)|NoOp@NoOp
43793208:NoOp@NoOp|NoOp@NoOp|Move(E)@Move(E)|NoOp@NoOp
43799500:NoOp@NoOp|NoOp@NoOp|Move(E)@Move(E)|NoOp@NoOp
43805792:NoOp@NoOp|NoOp@NoOp|Move(S)@Move(S)|NoOp@NoOp
43812333:NoOp@NoOp|NoOp@NoOp|Move(S)@Move(S)|NoOp@NoOp
43818417:NoOp@NoOp|NoOp@NoOp|Move(W)@Move(W)|NoOp@NoOp
43824958:NoOp@NoOp|Move(S)@Move(S)|NoOp@NoOp|NoOp@NoOp
43831500:NoOp@NoOp|Move(E)@Move(E)|NoOp@NoOp|NoOp@NoOp
43837917:NoOp@NoOp|Move(E)@Move(E)|NoOp@NoOp|NoOp@NoOp
43845042:NoOp@NoOp|Move(E)@Move(E)|NoOp@NoOp|NoOp@NoOp
43851500:NoOp@NoOp|Move(E)@Move(E)|NoOp@NoOp|NoOp@NoOp
43857875:NoOp@NoOp|Move(E)@Move(E)|NoOp@NoOp|NoOp@NoOp
43864208:NoOp@NoOp|Move(E)@Move(E)|NoOp@NoOp|NoOp@NoOp
43870583:NoOp@NoOp|Move(E)@Move(E)|NoOp@NoOp|NoOp@NoOp
43877083:NoOp@NoOp|Move(E)@Move(E)|NoOp@NoOp|NoOp@NoOp
43883708:NoOp@NoOp|Move(E)@Move(E)|NoOp@NoOp|NoOp@NoOp
43890125:NoOp@NoOp|Move(E)@Move(E)|NoOp@NoOp|NoOp@NoOp
43896458:NoOp@NoOp|Move(E)@Move(E)|NoOp@NoOp|NoOp@NoOp
43902875:NoOp@NoOp|Move(E)@Move(E)|NoOp@NoOp|NoOp@NoOp
43909625:NoOp@NoOp|Move(E)@Move(E)|NoOp@NoOp|NoOp@NoOp
43916042:NoOp@NoOp|Move(E)@Move(E)|NoOp@NoOp|NoOp@NoOp
43922250:NoOp@NoOp|Move(E)@Move(E)|NoOp@NoOp|NoOp@NoOp
43928583:NoOp@NoOp|Move(E)@Move(E)|NoOp@NoOp|NoOp@NoOp
43935083:NoOp@NoOp|Move(E)@Move(E)|NoOp@NoOp|NoOp@NoOp
43941458:NoOp@NoOp|Move(E)@Move(E)|NoOp@NoOp|NoOp@NoOp
43947833:NoOp@NoOp|Move(N)@Move(N)|NoOp@NoOp|NoOp@NoOp
43954375:NoOp@NoOp|Move(E)@Move(E)|NoOp@NoOp|NoOp@NoOp
43960792:NoOp@NoOp|Move(E)@Move(E)|NoOp@NoOp|NoOp@NoOp
43967708:NoOp@NoOp|Move(E)@Move(E)|NoOp@NoOp|NoOp@NoOp
43974083:NoOp@NoOp|Move(N)@Move(N)|NoOp@NoOp|NoOp@NoOp
43980542:NoOp@NoOp|Move(N)@Move(N)|NoOp@NoOp|NoOp@NoOp
43987083:NoOp@NoOp|Move(N)@Move(N)|NoOp@NoOp|NoOp@NoOp
43993583:NoOp@NoOp|Move(N)@Move(N)|NoOp@NoOp|NoOp@NoOp
44000083:NoOp@NoOp|Move(W)@Move(W)|NoOp@NoOp|NoOp@NoOp
44006625:NoOp@NoOp|Move(W)@Move(W)|NoOp@NoOp|NoOp@NoOp
44013000:NoOp@NoOp|Move(W)@Move(W)|NoOp@NoOp|NoOp@NoOp
44019417:NoOp@NoOp|Move(W)@Move(W)|NoOp@NoOp|NoOp@NoOp
44026167:NoOp@NoOp|Move(W)@Move(W)|NoOp@NoOp|NoOp@NoOp
44032375:NoOp@NoOp|Move(W)@Move(W)|NoOp@NoOp|NoOp@NoOp
44038667:NoOp@NoOp|Move(W)@Move(W)|NoOp@NoOp|NoOp@NoOp
44044958:NoOp@NoOp|Move(W)@Move(W)|NoOp@NoOp|NoOp@NoOp
44051250:NoOp@NoOp|Move(W)@Move(W)|NoOp@NoOp|NoOp@NoOp
44057750:NoOp@NoOp|Move(W)@Move(W)|NoOp@NoOp|NoOp@NoOp
44064125:NoOp@NoOp|Move(W)@Move(W)|NoOp@NoOp|NoOp@NoOp
44071167:NoOp@NoOp|Move(W)@Move(W)|NoOp@NoOp|NoOp@NoOp
44077667:NoOp@NoOp|Move(W)@Move(W)|NoOp@NoOp|NoOp@NoOp
44084750:NoOp@NoOp|Move(W)@Move(W)|NoOp@NoOp|NoOp@NoOp
44091000:NoOp@NoOp|Move(W)@Move(W)|NoOp@NoOp|NoOp@NoOp
44097333:NoOp@NoOp|Move(W)@Move(W)|NoOp@NoOp|NoOp@NoOp
44103750:NoOp@NoOp|Move(W)@Move(W)|NoOp@NoOp|NoOp@NoOp
44110083:NoOp@NoOp|Move(N)@Move(N)|NoOp@NoOp|NoOp@NoOp
44116375:NoOp@NoOp|Move(W)@Move(W)|NoOp@NoOp|NoOp@NoOp
44122792:NoOp@NoOp|Move(N)@Move(N)|NoOp@NoOp|NoOp@NoOp
44129208:NoOp@NoOp|Move(N)@Move(N)|NoOp@NoOp|NoOp@NoOp
44135500:NoOp@NoOp|Move(N)@Move(N)|NoOp@NoOp|NoOp@NoOp
44142375:NoOp@NoOp|Move(W)@Move(W)|NoOp@NoOp|NoOp@NoOp
44148708:NoOp@NoOp|Move(N)@Move(N)|NoOp@NoOp|NoOp@NoOp
44155208:NoOp@NoOp|Move(N)@Move(N)|NoOp@NoOp|NoOp@NoOp
44161583:NoOp@NoOp|Move(N)@Move(N)|NoOp@NoOp|NoOp@NoOp
44168167:NoOp@NoOp|Move(W)@Move(W)|NoOp@NoOp|NoOp@NoOp
44174625:NoOp@NoOp|NoOp@NoOp|NoOp@NoOp|Move(N)@Move(N)
44181083:NoOp@NoOp|NoOp@NoOp|NoOp@NoOp|Move(W)@Move(W)
44187500:NoOp@NoOp|NoOp@NoOp|NoOp@NoOp|Move(W)@Move(W)
44193833:NoOp@NoOp|NoOp@NoOp|NoOp@NoOp|Move(W)@Move(W)
44200750:NoOp@NoOp|NoOp@NoOp|NoOp@NoOp|Move(W)@Move(W)
44207125:NoOp@NoOp|NoOp@NoOp|NoOp@NoOp|Move(W)@Move(W)
44213458:NoOp@NoOp|NoOp@NoOp|NoOp@NoOp|Move(W)@Move(W)
44219833:NoOp@NoOp|NoOp@NoOp|NoOp@NoOp|Move(W)@Move(W)
44226375:NoOp@NoOp|NoOp@NoOp|NoOp@NoOp|Move(W)@Move(W)
44232833:NoOp@NoOp|NoOp@NoOp|NoOp@NoOp|Move(W)@Move(W)
44239208:NoOp@NoOp|NoOp@NoOp|NoOp@NoOp|Move(W)@Move(W)
44245625:NoOp@NoOp|NoOp@NoOp|NoOp@NoOp|Move(W)@Move(W)
44252000:NoOp@NoOp|NoOp@NoOp|NoOp@NoOp|Move(W)@Move(W)
44258875:NoOp@NoOp|NoOp@NoOp|NoOp@NoOp|Move(W)@Move(W)
44265333:NoOp@NoOp|NoOp@NoOp|NoOp@NoOp|Move(N)@Move(N)
44271750:NoOp@NoOp|NoOp@NoOp|NoOp@NoOp|Move(W)@Move(W)
44278125:NoOp@NoOp|NoOp@NoOp|NoOp@NoOp|Move(N)@Move(N)
44285500:NoOp@NoOp|NoOp@NoOp|NoOp@NoOp|Move(N)@Move(N)
44293250:NoOp@NoOp|NoOp@NoOp|NoOp@NoOp|Move(N)@Move(N)
44301333:NoOp@NoOp|NoOp@NoOp|NoOp@NoOp|Move(W)@Move(W)
44307958:NoOp@NoOp|NoOp@NoOp|NoOp@NoOp|Move(N)@Move(N)
44314625:NoOp@NoOp|NoOp@NoOp|NoOp@NoOp|Move(N)@Move(N)
44322083:NoOp@NoOp|NoOp@NoOp|NoOp@NoOp|Move(W)@Move(W)
#end
#solved
true
#numactions
401
#time
44322083
#end
