#domain
hospital
#levelname
MAmaMASS
#colors
red: 0, A, B, C, D
orange: 1
#initial
++++++++++
++++++++ +
+  ++++  +
+  +++   +
+  ++  A +
+ ++++ B +
+  +++  ++
+ C 0   D+
+ 1    +++
++++++++++
#goal
++++++++++
++++++++ +
+  ++++  +
+  +++ C +
+  ++    +
+ ++++   +
+ A+++  ++
+B       +
+    D1+++
++++++++++
#end
#clientname
Dracarys
#actions
96849600:Move(E)@Move(E)|Move(E)@Move(E)
96938300:Move(E)@Move(E)|Move(E)@Move(E)
97015600:Move(E)@Move(E)|Move(E)@Move(E)
97083700:Pull(N,W)@Pull(N,W)|Move(E)@Move(E)
97145400:Push(N,W)@Push(N,W)|NoOp@NoOp
97197200:Pull(S,S)@Pull(S,S)|NoOp@NoOp
97255200:Pull(W,S)@Pull(W,S)|NoOp@NoOp
97306000:Pull(S,W)@Pull(S,W)|NoOp@NoOp
97373400:Pull(W,W)@Pull(W,W)|NoOp@NoOp
97442200:Pull(W,W)@Pull(W,W)|NoOp@NoOp
97497300:Push(E,S)@Push(E,S)|NoOp@NoOp
97565800:Move(E)@Move(E)|NoOp@NoOp
97643100:Pull(W,S)@Pull(W,S)|NoOp@NoOp
97737200:Pull(W,W)@Pull(W,W)|NoOp@NoOp
97805900:Pull(W,W)@Pull(W,W)|NoOp@NoOp
97932300:Pull(S,E)@Pull(S,E)|NoOp@NoOp
98032800:Pull(E,S)@Pull(E,S)|NoOp@NoOp
98092000:Push(N,W)@Push(N,W)|NoOp@NoOp
98154000:Push(W,W)@Push(W,W)|NoOp@NoOp
98206800:Pull(E,N)@Pull(E,N)|NoOp@NoOp
98278000:Pull(E,E)@Pull(E,E)|NoOp@NoOp
98341500:Pull(E,E)@Pull(E,E)|NoOp@NoOp
98405400:Pull(N,E)@Pull(N,E)|NoOp@NoOp
98482900:Push(S,E)@Push(S,E)|NoOp@NoOp
98545700:Push(E,N)@Push(E,N)|NoOp@NoOp
98605100:Move(W)@Move(W)|NoOp@NoOp
98666500:Move(N)@Move(N)|NoOp@NoOp
98720500:Pull(S,S)@Pull(S,S)|NoOp@NoOp
98786900:Pull(W,S)@Pull(W,S)|NoOp@NoOp
98846000:Pull(W,W)@Pull(W,W)|NoOp@NoOp
98898400:Pull(W,W)@Pull(W,W)|NoOp@NoOp
98948400:Push(W,N)@Push(W,N)|NoOp@NoOp
99012100:Move(E)@Move(E)|NoOp@NoOp
99077700:Push(E,S)@Push(E,S)|NoOp@NoOp
99144100:Pull(E,N)@Pull(E,N)|NoOp@NoOp
99204400:Push(W,W)@Push(W,W)|NoOp@NoOp
99265500:Push(W,W)@Push(W,W)|NoOp@NoOp
99326000:Push(W,W)@Push(W,W)|NoOp@NoOp
99383600:Move(E)@Move(E)|NoOp@NoOp
99440800:Move(E)@Move(E)|NoOp@NoOp
99497900:Move(E)@Move(E)|NoOp@NoOp
99555000:Move(E)@Move(E)|NoOp@NoOp
99612000:Move(E)@Move(E)|NoOp@NoOp
99670800:Push(N,N)@Push(N,N)|NoOp@NoOp
99725800:Push(N,N)@Push(N,N)|NoOp@NoOp
99783200:Push(N,N)@Push(N,N)|NoOp@NoOp
#end
#solved
true
#numactions
46
#time
99783200
#end
