#domain
hospital
#levelname
MazeRun
#colors
blue: 0,D
red: 1,T
green: 2,U,K
#initial
++++++++++++++++++++++++++++++++++++++
++++++++DTU+++++++++++++++++++++++++++
++++++++   +++++++++++++++++++++++++++
++++++++   +++++++++++++++++++++++++++
++++++++   +++++++++++++++++++++++++++
++++++++   +++++++++++++++++++++++++++
++++++++   +++++++++++++++++++++++++++
+0                                   +
+1                                   +  
+2                                   +
++++++++   +++++++++++++++++++++++++++
++++++++   +++++++++++++++++++++++++++
++++++++   +++++++++++++++++++++++++++
++++++++   +++++++++++++++++++++++++++
++++++++   +++++++++++++++++++++++++++
++++++++ DK+++++++++++++++++++++++++++
++++++++++++++++++++++++++++++++++++++
#goal
++++++++++++++++++++++++++++++++++++++
++++++++   +++++++++++++++++++++++++++
++++++++   +++++++++++++++++++++++++++
++++++++   +++++++++++++++++++++++++++
++++++++   +++++++++++++++++++++++++++
++++++++   +++++++++++++++++++++++++++
++++++++   +++++++++++++++++++++++++++
+                                 DTU+
+       012                          +  
+                                  DK+
++++++++   +++++++++++++++++++++++++++
++++++++   +++++++++++++++++++++++++++
++++++++   +++++++++++++++++++++++++++
++++++++   +++++++++++++++++++++++++++
++++++++   +++++++++++++++++++++++++++
++++++++   +++++++++++++++++++++++++++
++++++++++++++++++++++++++++++++++++++
#end
#clientname
Dracarys
#actions
12250015500:NoOp@NoOp|NoOp@NoOp|Move(E)@Move(E)
12250107300:NoOp@NoOp|NoOp@NoOp|Move(N)@Move(N)
12250223700:NoOp@NoOp|NoOp@NoOp|Move(N)@Move(N)
12250329200:NoOp@NoOp|NoOp@NoOp|Move(E)@Move(E)
12250434800:NoOp@NoOp|NoOp@NoOp|Move(E)@Move(E)
12250509200:NoOp@NoOp|NoOp@NoOp|Move(E)@Move(E)
12250576500:NoOp@NoOp|NoOp@NoOp|Move(E)@Move(E)
12250638400:NoOp@NoOp|NoOp@NoOp|Move(E)@Move(E)
12250692400:NoOp@NoOp|NoOp@NoOp|Move(E)@Move(E)
12250767300:NoOp@NoOp|NoOp@NoOp|Move(N)@Move(N)
12250833900:NoOp@NoOp|NoOp@NoOp|Move(N)@Move(N)
12250893700:NoOp@NoOp|NoOp@NoOp|Move(N)@Move(N)
12250946000:NoOp@NoOp|NoOp@NoOp|Move(N)@Move(N)
12251009700:NoOp@NoOp|NoOp@NoOp|Move(N)@Move(N)
12251077200:NoOp@NoOp|NoOp@NoOp|Move(E)@Move(E)
12251136800:NoOp@NoOp|NoOp@NoOp|Move(E)@Move(E)
12251196200:NoOp@NoOp|NoOp@NoOp|Pull(S,S)@Pull(S,S)
12251261200:NoOp@NoOp|NoOp@NoOp|Pull(S,S)@Pull(S,S)
12251322300:NoOp@NoOp|NoOp@NoOp|Pull(S,S)@Pull(S,S)
12251378300:NoOp@NoOp|NoOp@NoOp|Pull(S,S)@Pull(S,S)
12251436400:NoOp@NoOp|NoOp@NoOp|Pull(S,S)@Pull(S,S)
12251495000:NoOp@NoOp|NoOp@NoOp|Pull(S,S)@Pull(S,S)
12251553900:NoOp@NoOp|NoOp@NoOp|Push(N,E)@Push(N,E)
12251612500:NoOp@NoOp|NoOp@NoOp|Push(E,E)@Push(E,E)
12251670700:NoOp@NoOp|NoOp@NoOp|Push(E,E)@Push(E,E)
12251728500:NoOp@NoOp|NoOp@NoOp|Push(E,E)@Push(E,E)
12251786500:NoOp@NoOp|NoOp@NoOp|Push(E,E)@Push(E,E)
12251844600:NoOp@NoOp|NoOp@NoOp|Push(E,E)@Push(E,E)
12251902600:NoOp@NoOp|NoOp@NoOp|Push(E,E)@Push(E,E)
12251960600:NoOp@NoOp|NoOp@NoOp|Push(E,E)@Push(E,E)
12252018400:NoOp@NoOp|NoOp@NoOp|Push(E,E)@Push(E,E)
12252076400:NoOp@NoOp|NoOp@NoOp|Push(E,E)@Push(E,E)
12252134600:NoOp@NoOp|NoOp@NoOp|Push(E,E)@Push(E,E)
12252192500:NoOp@NoOp|NoOp@NoOp|Push(E,E)@Push(E,E)
12252250600:NoOp@NoOp|NoOp@NoOp|Push(E,E)@Push(E,E)
12252478500:NoOp@NoOp|NoOp@NoOp|Push(E,E)@Push(E,E)
12252573200:NoOp@NoOp|NoOp@NoOp|Push(E,E)@Push(E,E)
12252646500:NoOp@NoOp|NoOp@NoOp|Push(E,E)@Push(E,E)
12252711800:NoOp@NoOp|NoOp@NoOp|Push(E,E)@Push(E,E)
12252767000:NoOp@NoOp|NoOp@NoOp|Push(E,E)@Push(E,E)
12252831300:NoOp@NoOp|NoOp@NoOp|Push(E,E)@Push(E,E)
12252890400:NoOp@NoOp|NoOp@NoOp|Push(E,E)@Push(E,E)
12252948800:NoOp@NoOp|NoOp@NoOp|Push(E,E)@Push(E,E)
12253007000:NoOp@NoOp|NoOp@NoOp|Push(E,E)@Push(E,E)
12253065200:NoOp@NoOp|NoOp@NoOp|Push(E,E)@Push(E,E)
12253123300:NoOp@NoOp|NoOp@NoOp|Push(E,E)@Push(E,E)
12253181300:NoOp@NoOp|NoOp@NoOp|Push(E,E)@Push(E,E)
12253239600:NoOp@NoOp|NoOp@NoOp|Push(E,E)@Push(E,E)
12253302200:NoOp@NoOp|NoOp@NoOp|Move(S)@Move(S)
12253360800:NoOp@NoOp|NoOp@NoOp|Move(S)@Move(S)
12253419000:NoOp@NoOp|NoOp@NoOp|Move(W)@Move(W)
12253477100:NoOp@NoOp|NoOp@NoOp|Move(W)@Move(W)
12253535200:NoOp@NoOp|NoOp@NoOp|Move(W)@Move(W)
12253593000:NoOp@NoOp|NoOp@NoOp|Move(W)@Move(W)
12253650800:NoOp@NoOp|NoOp@NoOp|Move(W)@Move(W)
12253708800:NoOp@NoOp|NoOp@NoOp|Move(W)@Move(W)
12253766800:NoOp@NoOp|NoOp@NoOp|Move(W)@Move(W)
12253824500:NoOp@NoOp|NoOp@NoOp|Move(W)@Move(W)
12253882300:NoOp@NoOp|NoOp@NoOp|Move(W)@Move(W)
12253940300:NoOp@NoOp|NoOp@NoOp|Move(W)@Move(W)
12253998100:NoOp@NoOp|NoOp@NoOp|Move(W)@Move(W)
12254056000:NoOp@NoOp|NoOp@NoOp|Move(W)@Move(W)
12254113800:NoOp@NoOp|NoOp@NoOp|Move(W)@Move(W)
12254171900:NoOp@NoOp|NoOp@NoOp|Move(W)@Move(W)
12254229700:NoOp@NoOp|NoOp@NoOp|Move(W)@Move(W)
12254287600:NoOp@NoOp|NoOp@NoOp|Move(W)@Move(W)
12254348600:NoOp@NoOp|NoOp@NoOp|Move(W)@Move(W)
12254407500:NoOp@NoOp|NoOp@NoOp|Move(W)@Move(W)
12254465600:NoOp@NoOp|NoOp@NoOp|Move(W)@Move(W)
12254523800:NoOp@NoOp|NoOp@NoOp|Move(W)@Move(W)
12254581900:NoOp@NoOp|NoOp@NoOp|Move(W)@Move(W)
12254639700:NoOp@NoOp|NoOp@NoOp|Move(W)@Move(W)
12254697800:NoOp@NoOp|NoOp@NoOp|Move(W)@Move(W)
12254755800:NoOp@NoOp|NoOp@NoOp|Move(W)@Move(W)
12254813700:NoOp@NoOp|NoOp@NoOp|Move(W)@Move(W)
12254871700:NoOp@NoOp|NoOp@NoOp|Move(S)@Move(S)
12254929800:NoOp@NoOp|NoOp@NoOp|Move(S)@Move(S)
12254987800:NoOp@NoOp|NoOp@NoOp|Move(S)@Move(S)
12255045800:NoOp@NoOp|NoOp@NoOp|Move(S)@Move(S)
12255103900:NoOp@NoOp|NoOp@NoOp|Move(S)@Move(S)
12255162300:NoOp@NoOp|NoOp@NoOp|Pull(N,N)@Pull(N,N)
12255220700:NoOp@NoOp|NoOp@NoOp|Pull(N,N)@Pull(N,N)
12255279400:NoOp@NoOp|NoOp@NoOp|Pull(N,N)@Pull(N,N)
12255340600:NoOp@NoOp|NoOp@NoOp|Pull(N,N)@Pull(N,N)
12255449700:NoOp@NoOp|NoOp@NoOp|Pull(N,N)@Pull(N,N)
12255529100:NoOp@NoOp|NoOp@NoOp|Pull(N,N)@Pull(N,N)
12255598400:NoOp@NoOp|NoOp@NoOp|Push(S,E)@Push(S,E)
12255668200:NoOp@NoOp|NoOp@NoOp|Push(E,E)@Push(E,E)
12255733600:NoOp@NoOp|NoOp@NoOp|Push(E,E)@Push(E,E)
12255801400:NoOp@NoOp|NoOp@NoOp|Push(E,E)@Push(E,E)
12255862400:NoOp@NoOp|NoOp@NoOp|Push(E,E)@Push(E,E)
12255945500:NoOp@NoOp|NoOp@NoOp|Push(E,E)@Push(E,E)
12256029600:NoOp@NoOp|NoOp@NoOp|Push(E,E)@Push(E,E)
12256110100:NoOp@NoOp|NoOp@NoOp|Push(E,E)@Push(E,E)
12256185500:NoOp@NoOp|NoOp@NoOp|Push(E,E)@Push(E,E)
12256270900:NoOp@NoOp|NoOp@NoOp|Push(E,E)@Push(E,E)
12256339700:NoOp@NoOp|NoOp@NoOp|Push(E,E)@Push(E,E)
12256400700:NoOp@NoOp|NoOp@NoOp|Push(E,E)@Push(E,E)
12256452500:NoOp@NoOp|NoOp@NoOp|Push(E,E)@Push(E,E)
12256528300:NoOp@NoOp|NoOp@NoOp|Push(E,E)@Push(E,E)
12256606900:NoOp@NoOp|NoOp@NoOp|Push(E,E)@Push(E,E)
12256684200:NoOp@NoOp|NoOp@NoOp|Push(E,E)@Push(E,E)
12256754900:NoOp@NoOp|NoOp@NoOp|Push(E,E)@Push(E,E)
12256814300:NoOp@NoOp|NoOp@NoOp|Push(E,E)@Push(E,E)
12256874300:NoOp@NoOp|NoOp@NoOp|Push(E,E)@Push(E,E)
12256938500:NoOp@NoOp|NoOp@NoOp|Push(E,E)@Push(E,E)
12256999100:NoOp@NoOp|NoOp@NoOp|Push(E,E)@Push(E,E)
12257069300:NoOp@NoOp|NoOp@NoOp|Push(E,E)@Push(E,E)
12257130300:NoOp@NoOp|NoOp@NoOp|Push(E,E)@Push(E,E)
12257190300:NoOp@NoOp|NoOp@NoOp|Push(E,E)@Push(E,E)
12257249800:NoOp@NoOp|NoOp@NoOp|Push(E,E)@Push(E,E)
12257309500:NoOp@NoOp|NoOp@NoOp|Push(E,E)@Push(E,E)
12257369200:NoOp@NoOp|Move(E)@Move(E)|NoOp@NoOp
12257428900:NoOp@NoOp|Move(N)@Move(N)|NoOp@NoOp
12257488500:NoOp@NoOp|Move(E)@Move(E)|NoOp@NoOp
12257547700:NoOp@NoOp|Move(E)@Move(E)|NoOp@NoOp
12257606900:NoOp@NoOp|Move(E)@Move(E)|NoOp@NoOp
12257665900:NoOp@NoOp|Move(E)@Move(E)|NoOp@NoOp
12257725300:NoOp@NoOp|Move(E)@Move(E)|NoOp@NoOp
12257784600:NoOp@NoOp|Move(E)@Move(E)|NoOp@NoOp
12257843600:NoOp@NoOp|Move(N)@Move(N)|NoOp@NoOp
12257902600:NoOp@NoOp|Move(N)@Move(N)|NoOp@NoOp
12257961800:NoOp@NoOp|Move(N)@Move(N)|NoOp@NoOp
12258021100:NoOp@NoOp|Move(N)@Move(N)|NoOp@NoOp
12258080100:NoOp@NoOp|Move(N)@Move(N)|NoOp@NoOp
12258139100:NoOp@NoOp|Move(E)@Move(E)|NoOp@NoOp
12258198800:NoOp@NoOp|Push(N,E)@Push(N,E)|NoOp@NoOp
12258264800:NoOp@NoOp|Push(E,S)@Push(E,S)|NoOp@NoOp
12258326200:NoOp@NoOp|Push(S,S)@Push(S,S)|NoOp@NoOp
12258385900:NoOp@NoOp|Push(S,S)@Push(S,S)|NoOp@NoOp
12258470100:NoOp@NoOp|Push(S,S)@Push(S,S)|NoOp@NoOp
12258552200:NoOp@NoOp|Push(S,S)@Push(S,S)|NoOp@NoOp
12258633400:NoOp@NoOp|Push(S,S)@Push(S,S)|NoOp@NoOp
12258710800:NoOp@NoOp|Push(S,E)@Push(S,E)|NoOp@NoOp
12258777300:NoOp@NoOp|Push(E,E)@Push(E,E)|NoOp@NoOp
12258847900:NoOp@NoOp|Push(E,E)@Push(E,E)|NoOp@NoOp
12258907500:NoOp@NoOp|Push(E,E)@Push(E,E)|NoOp@NoOp
12258959400:NoOp@NoOp|Push(E,E)@Push(E,E)|NoOp@NoOp
12259023600:NoOp@NoOp|Push(E,E)@Push(E,E)|NoOp@NoOp
12259083100:NoOp@NoOp|Push(E,E)@Push(E,E)|NoOp@NoOp
12259135800:NoOp@NoOp|Push(E,E)@Push(E,E)|NoOp@NoOp
12259199900:NoOp@NoOp|Push(E,E)@Push(E,E)|NoOp@NoOp
12259258800:NoOp@NoOp|Push(E,E)@Push(E,E)|NoOp@NoOp
12259311000:NoOp@NoOp|Push(E,E)@Push(E,E)|NoOp@NoOp
12259362300:NoOp@NoOp|Push(E,E)@Push(E,E)|NoOp@NoOp
12259425000:NoOp@NoOp|Push(E,E)@Push(E,E)|NoOp@NoOp
12259513300:NoOp@NoOp|Push(E,E)@Push(E,E)|NoOp@NoOp
12259596600:NoOp@NoOp|Push(E,E)@Push(E,E)|NoOp@NoOp
12259671000:NoOp@NoOp|Push(E,E)@Push(E,E)|NoOp@NoOp
12259747800:NoOp@NoOp|Push(E,E)@Push(E,E)|NoOp@NoOp
12259827200:NoOp@NoOp|Push(E,E)@Push(E,E)|NoOp@NoOp
12259887600:NoOp@NoOp|Push(E,E)@Push(E,E)|NoOp@NoOp
12259955800:NoOp@NoOp|Push(E,E)@Push(E,E)|NoOp@NoOp
12260016500:NoOp@NoOp|Push(E,E)@Push(E,E)|NoOp@NoOp
12260069500:NoOp@NoOp|Push(E,E)@Push(E,E)|NoOp@NoOp
12260128800:NoOp@NoOp|Push(E,E)@Push(E,E)|NoOp@NoOp
12260189800:NoOp@NoOp|Push(E,E)@Push(E,E)|NoOp@NoOp
12260249700:NoOp@NoOp|Push(E,E)@Push(E,E)|NoOp@NoOp
12260309200:NoOp@NoOp|NoOp@NoOp|Move(N)@Move(N)
12260369300:NoOp@NoOp|NoOp@NoOp|Move(W)@Move(W)
12260421900:NoOp@NoOp|NoOp@NoOp|Move(W)@Move(W)
12260473700:NoOp@NoOp|NoOp@NoOp|Move(W)@Move(W)
12260537000:NoOp@NoOp|NoOp@NoOp|Move(W)@Move(W)
12260602600:NoOp@NoOp|NoOp@NoOp|Move(W)@Move(W)
12260670900:NoOp@NoOp|NoOp@NoOp|Move(W)@Move(W)
12260735100:NoOp@NoOp|NoOp@NoOp|Move(W)@Move(W)
12260796400:NoOp@NoOp|NoOp@NoOp|Move(W)@Move(W)
12260855600:NoOp@NoOp|NoOp@NoOp|Move(W)@Move(W)
12260914300:NoOp@NoOp|NoOp@NoOp|Move(W)@Move(W)
12260972400:NoOp@NoOp|NoOp@NoOp|Move(W)@Move(W)
12261031000:NoOp@NoOp|NoOp@NoOp|Move(W)@Move(W)
12261089200:NoOp@NoOp|NoOp@NoOp|Move(W)@Move(W)
12261147500:NoOp@NoOp|NoOp@NoOp|Move(W)@Move(W)
12261205400:NoOp@NoOp|NoOp@NoOp|Move(W)@Move(W)
12261263500:NoOp@NoOp|NoOp@NoOp|Move(W)@Move(W)
12261327300:NoOp@NoOp|NoOp@NoOp|Move(W)@Move(W)
12261385500:NoOp@NoOp|NoOp@NoOp|Move(W)@Move(W)
12261443800:NoOp@NoOp|NoOp@NoOp|Move(W)@Move(W)
12261501600:NoOp@NoOp|NoOp@NoOp|Move(W)@Move(W)
12261559500:NoOp@NoOp|NoOp@NoOp|Move(W)@Move(W)
12261617500:NoOp@NoOp|NoOp@NoOp|Move(W)@Move(W)
12261675300:NoOp@NoOp|NoOp@NoOp|Move(W)@Move(W)
12261733300:NoOp@NoOp|NoOp@NoOp|Move(W)@Move(W)
12261791400:NoOp@NoOp|NoOp@NoOp|Move(W)@Move(W)
12261849700:Move(E)@Move(E)|NoOp@NoOp|NoOp@NoOp
12261907900:Move(E)@Move(E)|NoOp@NoOp|NoOp@NoOp
12261965800:Move(E)@Move(E)|NoOp@NoOp|NoOp@NoOp
12262023900:Move(E)@Move(E)|NoOp@NoOp|NoOp@NoOp
12262089900:Move(E)@Move(E)|NoOp@NoOp|NoOp@NoOp
12262148200:Move(E)@Move(E)|NoOp@NoOp|NoOp@NoOp
12262206300:Move(E)@Move(E)|NoOp@NoOp|NoOp@NoOp
12262264400:Move(N)@Move(N)|NoOp@NoOp|NoOp@NoOp
12262327300:Move(N)@Move(N)|NoOp@NoOp|NoOp@NoOp
12262385500:Move(N)@Move(N)|NoOp@NoOp|NoOp@NoOp
12262443400:Move(N)@Move(N)|NoOp@NoOp|NoOp@NoOp
12262501600:Move(N)@Move(N)|NoOp@NoOp|NoOp@NoOp
12262559700:Push(N,E)@Push(N,E)|NoOp@NoOp|NoOp@NoOp
12262618400:Push(E,S)@Push(E,S)|NoOp@NoOp|NoOp@NoOp
12262676800:Push(S,S)@Push(S,S)|NoOp@NoOp|NoOp@NoOp
12262735300:Push(S,S)@Push(S,S)|NoOp@NoOp|NoOp@NoOp
12262793600:Push(S,S)@Push(S,S)|NoOp@NoOp|NoOp@NoOp
12262851800:Push(S,S)@Push(S,S)|NoOp@NoOp|NoOp@NoOp
12262910200:Push(S,S)@Push(S,S)|NoOp@NoOp|NoOp@NoOp
12262968600:Push(S,S)@Push(S,S)|NoOp@NoOp|NoOp@NoOp
12263026700:Push(S,S)@Push(S,S)|NoOp@NoOp|NoOp@NoOp
12263085000:Push(S,E)@Push(S,E)|NoOp@NoOp|NoOp@NoOp
12263143300:Push(E,E)@Push(E,E)|NoOp@NoOp|NoOp@NoOp
12263201500:Push(E,E)@Push(E,E)|NoOp@NoOp|NoOp@NoOp
12263259800:Push(E,E)@Push(E,E)|NoOp@NoOp|NoOp@NoOp
12263321800:Push(E,E)@Push(E,E)|NoOp@NoOp|NoOp@NoOp
12263380000:Push(E,E)@Push(E,E)|NoOp@NoOp|NoOp@NoOp
12263438100:Push(E,E)@Push(E,E)|NoOp@NoOp|NoOp@NoOp
12263496000:Push(E,E)@Push(E,E)|NoOp@NoOp|NoOp@NoOp
12263554400:Push(E,E)@Push(E,E)|NoOp@NoOp|NoOp@NoOp
12263617700:Push(E,E)@Push(E,E)|NoOp@NoOp|NoOp@NoOp
12263675900:Push(E,E)@Push(E,E)|NoOp@NoOp|NoOp@NoOp
12263734000:Push(E,E)@Push(E,E)|NoOp@NoOp|NoOp@NoOp
12263792100:Push(E,E)@Push(E,E)|NoOp@NoOp|NoOp@NoOp
12263850300:Push(E,E)@Push(E,E)|NoOp@NoOp|NoOp@NoOp
12263908700:Push(E,E)@Push(E,E)|NoOp@NoOp|NoOp@NoOp
12263966900:Push(E,E)@Push(E,E)|NoOp@NoOp|NoOp@NoOp
12264025000:Push(E,E)@Push(E,E)|NoOp@NoOp|NoOp@NoOp
12264083000:Push(E,E)@Push(E,E)|NoOp@NoOp|NoOp@NoOp
12264141200:Push(E,E)@Push(E,E)|NoOp@NoOp|NoOp@NoOp
12264199400:Push(E,E)@Push(E,E)|NoOp@NoOp|NoOp@NoOp
12264257300:Push(E,E)@Push(E,E)|NoOp@NoOp|NoOp@NoOp
12264315700:Push(E,E)@Push(E,E)|NoOp@NoOp|NoOp@NoOp
12264374100:Push(E,E)@Push(E,E)|NoOp@NoOp|NoOp@NoOp
12264432300:Push(E,E)@Push(E,E)|NoOp@NoOp|NoOp@NoOp
12264490100:Push(E,E)@Push(E,E)|NoOp@NoOp|NoOp@NoOp
12264548400:Push(E,E)@Push(E,E)|NoOp@NoOp|NoOp@NoOp
12264606600:NoOp@NoOp|Move(W)@Move(W)|NoOp@NoOp
12264665000:NoOp@NoOp|Move(W)@Move(W)|NoOp@NoOp
12264723100:NoOp@NoOp|Move(W)@Move(W)|NoOp@NoOp
12264781500:NoOp@NoOp|Move(W)@Move(W)|NoOp@NoOp
12264839700:NoOp@NoOp|Move(W)@Move(W)|NoOp@NoOp
12264897900:NoOp@NoOp|Move(W)@Move(W)|NoOp@NoOp
12264956200:NoOp@NoOp|Move(W)@Move(W)|NoOp@NoOp
12265014200:NoOp@NoOp|Move(W)@Move(W)|NoOp@NoOp
12265072600:NoOp@NoOp|Move(W)@Move(W)|NoOp@NoOp
12265130900:NoOp@NoOp|Move(W)@Move(W)|NoOp@NoOp
12265188900:NoOp@NoOp|Move(W)@Move(W)|NoOp@NoOp
12265247100:NoOp@NoOp|Move(W)@Move(W)|NoOp@NoOp
12265306100:NoOp@NoOp|Move(W)@Move(W)|NoOp@NoOp
12265364200:NoOp@NoOp|Move(W)@Move(W)|NoOp@NoOp
12265423000:NoOp@NoOp|Move(W)@Move(W)|NoOp@NoOp
12265481200:NoOp@NoOp|Move(W)@Move(W)|NoOp@NoOp
12265539400:NoOp@NoOp|Move(W)@Move(W)|NoOp@NoOp
12265597600:NoOp@NoOp|Move(W)@Move(W)|NoOp@NoOp
12265659500:NoOp@NoOp|Move(W)@Move(W)|NoOp@NoOp
12265717800:NoOp@NoOp|Move(W)@Move(W)|NoOp@NoOp
12265780100:NoOp@NoOp|Move(W)@Move(W)|NoOp@NoOp
12265838600:NoOp@NoOp|Move(W)@Move(W)|NoOp@NoOp
12265896500:NoOp@NoOp|Move(W)@Move(W)|NoOp@NoOp
12265954500:NoOp@NoOp|Move(W)@Move(W)|NoOp@NoOp
12266012900:NoOp@NoOp|Move(W)@Move(W)|NoOp@NoOp
12266071600:NoOp@NoOp|Move(S)@Move(S)|NoOp@NoOp
12266129900:NoOp@NoOp|Move(W)@Move(W)|NoOp@NoOp
12266187900:Move(W)@Move(W)|NoOp@NoOp|NoOp@NoOp
12266246100:Move(W)@Move(W)|NoOp@NoOp|NoOp@NoOp
12266304200:Move(W)@Move(W)|NoOp@NoOp|NoOp@NoOp
12266361200:Move(W)@Move(W)|NoOp@NoOp|NoOp@NoOp
12266419400:Move(W)@Move(W)|NoOp@NoOp|NoOp@NoOp
12266477200:Move(W)@Move(W)|NoOp@NoOp|NoOp@NoOp
12266535100:Move(W)@Move(W)|NoOp@NoOp|NoOp@NoOp
12266592800:Move(W)@Move(W)|NoOp@NoOp|NoOp@NoOp
12266650800:Move(W)@Move(W)|NoOp@NoOp|NoOp@NoOp
12266708600:Move(W)@Move(W)|NoOp@NoOp|NoOp@NoOp
12266766300:Move(W)@Move(W)|NoOp@NoOp|NoOp@NoOp
12266824500:Move(W)@Move(W)|NoOp@NoOp|NoOp@NoOp
12266882500:Move(W)@Move(W)|NoOp@NoOp|NoOp@NoOp
12266940500:Move(W)@Move(W)|NoOp@NoOp|NoOp@NoOp
12266998600:Move(W)@Move(W)|NoOp@NoOp|NoOp@NoOp
12267056700:Move(W)@Move(W)|NoOp@NoOp|NoOp@NoOp
12267114700:Move(W)@Move(W)|NoOp@NoOp|NoOp@NoOp
12267172600:Move(W)@Move(W)|NoOp@NoOp|NoOp@NoOp
12267230700:Move(W)@Move(W)|NoOp@NoOp|NoOp@NoOp
12267288700:Move(W)@Move(W)|NoOp@NoOp|NoOp@NoOp
12267354300:Move(W)@Move(W)|NoOp@NoOp|NoOp@NoOp
12267412900:Move(W)@Move(W)|NoOp@NoOp|NoOp@NoOp
12267470900:Move(W)@Move(W)|NoOp@NoOp|NoOp@NoOp
12267529000:Move(W)@Move(W)|NoOp@NoOp|NoOp@NoOp
12267587200:Move(S)@Move(S)|NoOp@NoOp|NoOp@NoOp
12267645300:Move(S)@Move(S)|NoOp@NoOp|NoOp@NoOp
12267703600:Move(S)@Move(S)|NoOp@NoOp|NoOp@NoOp
12267761600:Move(S)@Move(S)|NoOp@NoOp|NoOp@NoOp
12267819400:Move(S)@Move(S)|NoOp@NoOp|NoOp@NoOp
12267877700:Move(S)@Move(S)|NoOp@NoOp|NoOp@NoOp
12267936200:Push(W,N)@Push(W,N)|NoOp@NoOp|NoOp@NoOp
12267994600:Push(N,N)@Push(N,N)|NoOp@NoOp|NoOp@NoOp
12268053200:Push(N,N)@Push(N,N)|NoOp@NoOp|NoOp@NoOp
12268111500:Push(N,N)@Push(N,N)|NoOp@NoOp|NoOp@NoOp
12268169600:Push(N,N)@Push(N,N)|NoOp@NoOp|NoOp@NoOp
12268228000:Push(N,N)@Push(N,N)|NoOp@NoOp|NoOp@NoOp
12268286100:Push(N,N)@Push(N,N)|NoOp@NoOp|NoOp@NoOp
12268415100:Push(N,N)@Push(N,N)|NoOp@NoOp|NoOp@NoOp
12268500800:Push(N,E)@Push(N,E)|NoOp@NoOp|NoOp@NoOp
12268573300:Push(E,E)@Push(E,E)|NoOp@NoOp|NoOp@NoOp
12268636100:Push(E,E)@Push(E,E)|NoOp@NoOp|NoOp@NoOp
12268712900:Push(E,E)@Push(E,E)|NoOp@NoOp|NoOp@NoOp
12268796500:Push(E,E)@Push(E,E)|NoOp@NoOp|NoOp@NoOp
12268872500:Push(E,E)@Push(E,E)|NoOp@NoOp|NoOp@NoOp
12268944500:Push(E,E)@Push(E,E)|NoOp@NoOp|NoOp@NoOp
12269012100:Push(E,E)@Push(E,E)|NoOp@NoOp|NoOp@NoOp
12269076700:Push(E,E)@Push(E,E)|NoOp@NoOp|NoOp@NoOp
12269136100:Push(E,E)@Push(E,E)|NoOp@NoOp|NoOp@NoOp
12269210600:Push(E,E)@Push(E,E)|NoOp@NoOp|NoOp@NoOp
12269272900:Push(E,E)@Push(E,E)|NoOp@NoOp|NoOp@NoOp
12269334200:Push(E,E)@Push(E,E)|NoOp@NoOp|NoOp@NoOp
12269401100:Push(E,E)@Push(E,E)|NoOp@NoOp|NoOp@NoOp
12269460500:Push(E,E)@Push(E,E)|NoOp@NoOp|NoOp@NoOp
12269521000:Push(E,E)@Push(E,E)|NoOp@NoOp|NoOp@NoOp
12269573700:Push(E,E)@Push(E,E)|NoOp@NoOp|NoOp@NoOp
12269630100:Push(E,E)@Push(E,E)|NoOp@NoOp|NoOp@NoOp
12269694600:Push(E,E)@Push(E,E)|NoOp@NoOp|NoOp@NoOp
12269770000:Push(E,E)@Push(E,E)|NoOp@NoOp|NoOp@NoOp
12269828900:Push(E,E)@Push(E,E)|NoOp@NoOp|NoOp@NoOp
12269892800:Push(E,E)@Push(E,E)|NoOp@NoOp|NoOp@NoOp
12269969200:Push(E,E)@Push(E,E)|NoOp@NoOp|NoOp@NoOp
12270036500:Push(E,E)@Push(E,E)|NoOp@NoOp|NoOp@NoOp
12270111600:Push(E,E)@Push(E,E)|NoOp@NoOp|NoOp@NoOp
12270175600:NoOp@NoOp|Move(E)@Move(E)|NoOp@NoOp
12270246000:Move(W)@Move(W)|NoOp@NoOp|NoOp@NoOp
12270316500:Move(W)@Move(W)|NoOp@NoOp|NoOp@NoOp
12270410900:Move(W)@Move(W)|NoOp@NoOp|NoOp@NoOp
12270481200:Move(W)@Move(W)|NoOp@NoOp|NoOp@NoOp
12270553500:Move(W)@Move(W)|NoOp@NoOp|NoOp@NoOp
12270622400:Move(W)@Move(W)|NoOp@NoOp|NoOp@NoOp
12270689100:Move(W)@Move(W)|NoOp@NoOp|NoOp@NoOp
12270754700:Move(W)@Move(W)|NoOp@NoOp|NoOp@NoOp
12270822800:Move(W)@Move(W)|NoOp@NoOp|NoOp@NoOp
12270893000:Move(W)@Move(W)|NoOp@NoOp|NoOp@NoOp
12270962200:Move(W)@Move(W)|NoOp@NoOp|NoOp@NoOp
12271023700:Move(W)@Move(W)|NoOp@NoOp|NoOp@NoOp
12271082200:Move(W)@Move(W)|NoOp@NoOp|NoOp@NoOp
12271137500:Move(W)@Move(W)|NoOp@NoOp|NoOp@NoOp
12271196300:Move(W)@Move(W)|NoOp@NoOp|NoOp@NoOp
12271263100:Move(W)@Move(W)|NoOp@NoOp|NoOp@NoOp
12271328500:Move(W)@Move(W)|NoOp@NoOp|NoOp@NoOp
12271387200:Move(W)@Move(W)|NoOp@NoOp|NoOp@NoOp
12271445600:Move(W)@Move(W)|NoOp@NoOp|NoOp@NoOp
12271503700:Move(W)@Move(W)|NoOp@NoOp|NoOp@NoOp
12271562100:Move(W)@Move(W)|NoOp@NoOp|NoOp@NoOp
12271620600:Move(W)@Move(W)|NoOp@NoOp|NoOp@NoOp
12271679200:Move(W)@Move(W)|NoOp@NoOp|NoOp@NoOp
12271737300:Move(W)@Move(W)|NoOp@NoOp|NoOp@NoOp
12271795900:Move(W)@Move(W)|NoOp@NoOp|NoOp@NoOp
12271854500:Move(S)@Move(S)|NoOp@NoOp|NoOp@NoOp
#end
#solved
true
#numactions
348
#time
12271854500
#end
