#domain
hospital
#levelname
NineChars
#colors
blue: A,0,C
pink: E,2
red: B,D,1
#initial
+++++++++++++
+A       E  +
+      ++++++
+           +
+++ +++ +++++
+B+ + +    D+
+ + + +     +
+ +2+ +0 ++++
+ +++ +  ++++
+      C   1+
+++++++++++++
#goal
+++++++++++++
+       E  D+
+      ++++++
+         AC+
+++ +++ +++++
+ + +B+     +
+ + + +     +
+ + + +  ++++
+ +++ +  ++++
+           +
+++++++++++++
#end
#clientname
Dracarys
#actions
12130583600:Move(S)@Move(S)|Move(W)@Move(W)|Move(N)@Move(N)
12130721700:Pull(N,N)@Pull(N,N)|Move(W)@Move(W)|Move(N)@Move(N)
12130806800:Pull(N,N)@Pull(N,N)|Move(W)@Move(W)|Move(N)@Move(N)
12130887200:Pull(N,N)@Pull(N,N)|Move(W)@Move(W)|Move(N)@Move(N)
12130994700:Pull(N,N)@Pull(N,N)|Move(W)@Move(W)|Move(N)@Move(N)
12131069800:Pull(N,N)@Pull(N,N)|Move(W)@Move(W)|Move(N)@Move(N)
12131141700:Pull(W,N)@Pull(W,N)|Move(W)@Move(W)|Move(E)@Move(E)
12131198400:Push(E,E)@Push(E,E)|Move(W)@Move(W)|Move(E)@Move(E)
12131249800:Push(E,E)@Push(E,E)|Move(W)@Move(W)|Move(E)@Move(E)
12131308500:Push(E,E)@Push(E,E)|Move(W)@Move(W)|Move(E)@Move(E)
12131372600:Push(E,E)@Push(E,E)|Move(N)@Move(N)|Move(E)@Move(E)
12131431900:Move(W)@Move(W)|Move(N)@Move(N)|Pull(W,W)@Pull(W,W)
12131483400:Move(W)@Move(W)|Move(N)@Move(N)|Move(W)@Move(W)
12131533600:Move(W)@Move(W)|Pull(S,S)@Pull(S,S)|Move(W)@Move(W)
12131591600:Move(W)@Move(W)|Pull(S,S)@Pull(S,S)|Move(E)@Move(E)
12131658700:Move(N)@Move(N)|Pull(S,S)@Pull(S,S)|Move(E)@Move(E)
12131713000:Move(N)@Move(N)|Pull(E,S)@Pull(E,S)|NoOp@NoOp
12131764200:Move(W)@Move(W)|Pull(E,E)@Pull(E,E)|NoOp@NoOp
12131834200:Move(W)@Move(W)|Pull(E,E)@Pull(E,E)|Pull(W,W)@Pull(W,W)
12131904200:Move(W)@Move(W)|Pull(E,E)@Pull(E,E)|Pull(W,W)@Pull(W,W)
12131975900:Move(W)@Move(W)|Pull(E,E)@Pull(E,E)|Pull(W,W)@Pull(W,W)
12132045000:Push(W,S)@Push(W,S)|Push(W,N)@Push(W,N)|NoOp@NoOp
12132117800:Push(S,S)@Push(S,S)|Push(N,N)@Push(N,N)|NoOp@NoOp
12132177300:Push(S,E)@Push(S,E)|Push(N,N)@Push(N,N)|NoOp@NoOp
12132237400:Push(E,E)@Push(E,E)|Push(N,N)@Push(N,N)|NoOp@NoOp
12132288800:Push(E,E)@Push(E,E)|Move(S)@Move(S)|NoOp@NoOp
12132361300:Push(E,E)@Push(E,E)|Move(S)@Move(S)|NoOp@NoOp
12132424600:Push(E,E)@Push(E,E)|Move(S)@Move(S)|NoOp@NoOp
12132485100:Push(E,E)@Push(E,E)|Move(E)@Move(E)|NoOp@NoOp
12132546200:Push(E,E)@Push(E,E)|Move(E)@Move(E)|NoOp@NoOp
12132602600:Push(E,E)@Push(E,E)|Move(N)@Move(N)|NoOp@NoOp
12132663300:Push(E,E)@Push(E,E)|Move(N)@Move(N)|NoOp@NoOp
12132724900:NoOp@NoOp|Move(N)@Move(N)|NoOp@NoOp
12132785300:NoOp@NoOp|Move(N)@Move(N)|NoOp@NoOp
12132844100:NoOp@NoOp|Move(E)@Move(E)|NoOp@NoOp
12132900900:NoOp@NoOp|Move(E)@Move(E)|NoOp@NoOp
12132957700:NoOp@NoOp|Move(E)@Move(E)|NoOp@NoOp
12133014700:NoOp@NoOp|Pull(W,W)@Pull(W,W)|NoOp@NoOp
12133072000:NoOp@NoOp|Pull(W,W)@Pull(W,W)|NoOp@NoOp
12133129300:NoOp@NoOp|Pull(W,W)@Pull(W,W)|NoOp@NoOp
12133186100:NoOp@NoOp|Pull(N,W)@Pull(N,W)|NoOp@NoOp
12133243000:NoOp@NoOp|Pull(N,N)@Pull(N,N)|NoOp@NoOp
12133300000:NoOp@NoOp|Pull(E,N)@Pull(E,N)|NoOp@NoOp
12133356900:NoOp@NoOp|Push(W,W)@Push(W,W)|NoOp@NoOp
12133413900:NoOp@NoOp|Push(W,N)@Push(W,N)|NoOp@NoOp
12133469300:NoOp@NoOp|Push(N,N)@Push(N,N)|NoOp@NoOp
12133526500:NoOp@NoOp|Push(N,E)@Push(N,E)|NoOp@NoOp
12133583500:NoOp@NoOp|Push(E,E)@Push(E,E)|NoOp@NoOp
12133640800:NoOp@NoOp|Push(E,E)@Push(E,E)|Push(E,E)@Push(E,E)
12133698000:NoOp@NoOp|Push(E,E)@Push(E,E)|Push(E,E)@Push(E,E)
12133755200:NoOp@NoOp|Push(E,E)@Push(E,E)|Push(E,E)@Push(E,E)
#end
#solved
true
#numactions
51
#time
12133755200
#end
