#domain
hospital
#levelname
TheDevil
#colors
blue: 3, S , A 
green: 1, T, W, O, 2, P, R
red: X
pink: 0, D, E, V, I, L
#initial
++++++++++++++++++++++++++++++++++++
++XXXXX++++++++++XXXXXXXXXXXXXXXXXX+
++X+++X++++++++++X          D    0X+
+XXXXXXX+++++++XXX                X+
+XXXXXXX+++++XXX    S       E     X+
+XXXXXXX+++XXX                    X+
+++++++++XXX                V     X+
+++++++XXX                        X+
+++++XXX      D             I     X+
+++XXX   A                        X+
+XXX                    XXXXLXXXXXX+
+X1     T      A      3X+++X X++++++
+X             W      X++++X X++++++
+X R              A  X+++++X X++++++
+X    W             X++++++X X++++++
+X           E   O X+++++XXX XXX++++
+X   P     R      X++++++X+X X+X++++
+X              2X+++++++X+X X+X++++
+XXXXXXXXXXXXXXXX++++++++X+X X+X++++
++++++++++++++++++++++++++++++++++++
#goal
++++++++++++++++++++++++++++++++++++
++XXXXX++++++++++XXXXXXXXXXXXXXXXXX+
++X+++X++++++++++X                X+
+XXXXXXX+++++++XXX                X+
+XXXXXXX+++++XXX                  X+
+XXXXXXX+++XXX    S               X+
+++++++++XXX    R                 X+
+++++++XXX    A                   X+
+++++XXX    E                     X+
+++XXX    W                       X+
+XXX                    XXXX XXXXXX+
+X                     X+++X X++++++
+X                    X++++X X++++++
+X                   X+++++X X++++++
+X                  X++++++XDX++++++
+X     PRADA       X+++++XXXEXXX++++
+X                X++++++X+XVX+X++++
+X     TWO       X+++++++X+XIX+X++++
+XXXXXXXXXXXXXXXX++++++++X+XLX+X++++
++++++++++++++++++++++++++++++++++++
#end
#clientname
SearchClient
#actions
59394583:NoOp@NoOp|NoOp@NoOp|NoOp@NoOp|Move(N)@Move(N)
59421958:NoOp@NoOp|NoOp@NoOp|NoOp@NoOp|Move(N)@Move(N)
59435500:NoOp@NoOp|NoOp@NoOp|NoOp@NoOp|Move(N)@Move(N)
59443833:NoOp@NoOp|NoOp@NoOp|NoOp@NoOp|Move(N)@Move(N)
59452167:NoOp@NoOp|NoOp@NoOp|NoOp@NoOp|Move(N)@Move(N)
59464042:NoOp@NoOp|NoOp@NoOp|NoOp@NoOp|Move(N)@Move(N)
59471792:NoOp@NoOp|NoOp@NoOp|NoOp@NoOp|Move(N)@Move(N)
59479417:NoOp@NoOp|NoOp@NoOp|NoOp@NoOp|Move(W)@Move(W)
59488125:NoOp@NoOp|NoOp@NoOp|NoOp@NoOp|Push(W,S)@Push(W,S)
59506333:NoOp@NoOp|NoOp@NoOp|NoOp@NoOp|Push(S,W)@Push(S,W)
59521500:NoOp@NoOp|NoOp@NoOp|NoOp@NoOp|Push(W,W)@Push(W,W)
59534958:NoOp@NoOp|NoOp@NoOp|Move(N)@Move(N)|NoOp@NoOp
59547042:NoOp@NoOp|NoOp@NoOp|Move(W)@Move(W)|NoOp@NoOp
59555583:NoOp@NoOp|NoOp@NoOp|Move(W)@Move(W)|NoOp@NoOp
59563167:NoOp@NoOp|NoOp@NoOp|Move(W)@Move(W)|NoOp@NoOp
59570792:NoOp@NoOp|NoOp@NoOp|Move(W)@Move(W)|NoOp@NoOp
59578500:NoOp@NoOp|NoOp@NoOp|Push(W,N)@Push(W,N)|NoOp@NoOp
59588125:NoOp@NoOp|NoOp@NoOp|Push(N,N)@Push(N,N)|NoOp@NoOp
59596000:NoOp@NoOp|NoOp@NoOp|Push(N,N)@Push(N,N)|NoOp@NoOp
59603500:NoOp@NoOp|NoOp@NoOp|Push(N,N)@Push(N,N)|NoOp@NoOp
59611125:NoOp@NoOp|NoOp@NoOp|Push(N,N)@Push(N,N)|NoOp@NoOp
59618250:NoOp@NoOp|NoOp@NoOp|Push(N,N)@Push(N,N)|NoOp@NoOp
59625625:NoOp@NoOp|NoOp@NoOp|Push(N,N)@Push(N,N)|NoOp@NoOp
59632875:NoOp@NoOp|NoOp@NoOp|Push(N,N)@Push(N,N)|NoOp@NoOp
59640333:NoOp@NoOp|NoOp@NoOp|Push(N,N)@Push(N,N)|NoOp@NoOp
59647542:NoOp@NoOp|NoOp@NoOp|Push(N,E)@Push(N,E)|NoOp@NoOp
59655000:NoOp@NoOp|NoOp@NoOp|Push(E,N)@Push(E,N)|NoOp@NoOp
59662292:NoOp@NoOp|NoOp@NoOp|Push(N,E)@Push(N,E)|NoOp@NoOp
59669542:NoOp@NoOp|NoOp@NoOp|Push(E,E)@Push(E,E)|NoOp@NoOp
59676833:NoOp@NoOp|NoOp@NoOp|Push(E,E)@Push(E,E)|NoOp@NoOp
59684000:NoOp@NoOp|NoOp@NoOp|Push(E,E)@Push(E,E)|NoOp@NoOp
59691375:NoOp@NoOp|NoOp@NoOp|NoOp@NoOp|Move(S)@Move(S)
59698708:NoOp@NoOp|NoOp@NoOp|NoOp@NoOp|Move(S)@Move(S)
59706125:NoOp@NoOp|NoOp@NoOp|NoOp@NoOp|Move(S)@Move(S)
59713375:NoOp@NoOp|NoOp@NoOp|NoOp@NoOp|Move(S)@Move(S)
59720458:NoOp@NoOp|NoOp@NoOp|NoOp@NoOp|Move(S)@Move(S)
59727708:NoOp@NoOp|NoOp@NoOp|NoOp@NoOp|Move(S)@Move(S)
59734500:NoOp@NoOp|NoOp@NoOp|NoOp@NoOp|Move(W)@Move(W)
59741625:NoOp@NoOp|NoOp@NoOp|NoOp@NoOp|Move(W)@Move(W)
59748792:NoOp@NoOp|NoOp@NoOp|NoOp@NoOp|Move(W)@Move(W)
59755917:NoOp@NoOp|NoOp@NoOp|NoOp@NoOp|Push(W,N)@Push(W,N)
59763458:NoOp@NoOp|NoOp@NoOp|NoOp@NoOp|Push(N,N)@Push(N,N)
59772333:NoOp@NoOp|NoOp@NoOp|NoOp@NoOp|Push(N,N)@Push(N,N)
59779583:NoOp@NoOp|NoOp@NoOp|NoOp@NoOp|Push(N,N)@Push(N,N)
59786917:NoOp@NoOp|NoOp@NoOp|NoOp@NoOp|Push(N,W)@Push(N,W)
59794292:Move(S)@Move(S)|NoOp@NoOp|NoOp@NoOp|NoOp@NoOp
59801583:Move(S)@Move(S)|NoOp@NoOp|NoOp@NoOp|NoOp@NoOp
59808958:Move(S)@Move(S)|NoOp@NoOp|NoOp@NoOp|NoOp@NoOp
59816625:Move(S)@Move(S)|NoOp@NoOp|NoOp@NoOp|NoOp@NoOp
59824292:Move(S)@Move(S)|NoOp@NoOp|NoOp@NoOp|NoOp@NoOp
59831250:Move(S)@Move(S)|NoOp@NoOp|NoOp@NoOp|NoOp@NoOp
59838042:Move(S)@Move(S)|NoOp@NoOp|NoOp@NoOp|NoOp@NoOp
59845583:Move(W)@Move(W)|NoOp@NoOp|NoOp@NoOp|NoOp@NoOp
59852417:Move(W)@Move(W)|NoOp@NoOp|NoOp@NoOp|NoOp@NoOp
59859375:Move(W)@Move(W)|NoOp@NoOp|NoOp@NoOp|NoOp@NoOp
59867500:Move(W)@Move(W)|NoOp@NoOp|NoOp@NoOp|NoOp@NoOp
59874833:Move(W)@Move(W)|NoOp@NoOp|NoOp@NoOp|NoOp@NoOp
59883333:Push(S,S)@Push(S,S)|NoOp@NoOp|NoOp@NoOp|NoOp@NoOp
59890708:Push(S,S)@Push(S,S)|NoOp@NoOp|NoOp@NoOp|NoOp@NoOp
59900250:Push(S,S)@Push(S,S)|NoOp@NoOp|NoOp@NoOp|NoOp@NoOp
59911250:Push(S,S)@Push(S,S)|NoOp@NoOp|NoOp@NoOp|NoOp@NoOp
59919375:Push(S,S)@Push(S,S)|NoOp@NoOp|NoOp@NoOp|NoOp@NoOp
59927250:Push(S,S)@Push(S,S)|NoOp@NoOp|NoOp@NoOp|NoOp@NoOp
59934833:Push(S,S)@Push(S,S)|NoOp@NoOp|NoOp@NoOp|NoOp@NoOp
59942292:Push(S,S)@Push(S,S)|NoOp@NoOp|NoOp@NoOp|NoOp@NoOp
59950208:NoOp@NoOp|NoOp@NoOp|Move(W)@Move(W)|NoOp@NoOp
59958000:NoOp@NoOp|NoOp@NoOp|Move(W)@Move(W)|NoOp@NoOp
59965625:NoOp@NoOp|NoOp@NoOp|Move(S)@Move(S)|NoOp@NoOp
59972750:NoOp@NoOp|NoOp@NoOp|Move(S)@Move(S)|NoOp@NoOp
59979917:NoOp@NoOp|NoOp@NoOp|Move(S)@Move(S)|NoOp@NoOp
59987042:NoOp@NoOp|NoOp@NoOp|Move(S)@Move(S)|NoOp@NoOp
59994208:NoOp@NoOp|NoOp@NoOp|Move(S)@Move(S)|NoOp@NoOp
60001500:NoOp@NoOp|NoOp@NoOp|Move(S)@Move(S)|NoOp@NoOp
60008333:NoOp@NoOp|NoOp@NoOp|Move(E)@Move(E)|NoOp@NoOp
60015500:NoOp@NoOp|NoOp@NoOp|Push(E,N)@Push(E,N)|NoOp@NoOp
60022958:NoOp@NoOp|NoOp@NoOp|Push(N,N)@Push(N,N)|NoOp@NoOp
60030250:NoOp@NoOp|NoOp@NoOp|Push(N,N)@Push(N,N)|NoOp@NoOp
60037417:NoOp@NoOp|NoOp@NoOp|Push(N,W)@Push(N,W)|NoOp@NoOp
60044667:NoOp@NoOp|NoOp@NoOp|Push(W,W)@Push(W,W)|NoOp@NoOp
60053083:NoOp@NoOp|NoOp@NoOp|Push(W,W)@Push(W,W)|NoOp@NoOp
60065792:NoOp@NoOp|NoOp@NoOp|Push(W,W)@Push(W,W)|NoOp@NoOp
60073375:NoOp@NoOp|NoOp@NoOp|Push(W,W)@Push(W,W)|NoOp@NoOp
60081125:Move(N)@Move(N)|NoOp@NoOp|NoOp@NoOp|NoOp@NoOp
60090500:Move(N)@Move(N)|NoOp@NoOp|NoOp@NoOp|NoOp@NoOp
60097708:Move(N)@Move(N)|NoOp@NoOp|NoOp@NoOp|NoOp@NoOp
60104833:Move(N)@Move(N)|NoOp@NoOp|NoOp@NoOp|NoOp@NoOp
60111875:Move(N)@Move(N)|NoOp@NoOp|NoOp@NoOp|NoOp@NoOp
60118667:Move(N)@Move(N)|NoOp@NoOp|NoOp@NoOp|NoOp@NoOp
60125833:Move(N)@Move(N)|NoOp@NoOp|NoOp@NoOp|NoOp@NoOp
60133042:Move(N)@Move(N)|NoOp@NoOp|NoOp@NoOp|NoOp@NoOp
60140500:Pull(E,S)@Pull(E,S)|NoOp@NoOp|NoOp@NoOp|NoOp@NoOp
60150167:Push(W,S)@Push(W,S)|NoOp@NoOp|NoOp@NoOp|NoOp@NoOp
60157542:Push(S,S)@Push(S,S)|NoOp@NoOp|NoOp@NoOp|NoOp@NoOp
60164917:Push(S,S)@Push(S,S)|NoOp@NoOp|NoOp@NoOp|NoOp@NoOp
60172208:Push(S,S)@Push(S,S)|NoOp@NoOp|NoOp@NoOp|NoOp@NoOp
60179042:Push(S,S)@Push(S,S)|NoOp@NoOp|NoOp@NoOp|NoOp@NoOp
60187458:Push(S,S)@Push(S,S)|NoOp@NoOp|NoOp@NoOp|NoOp@NoOp
60194875:Push(S,S)@Push(S,S)|NoOp@NoOp|NoOp@NoOp|NoOp@NoOp
60202042:Push(S,S)@Push(S,S)|NoOp@NoOp|NoOp@NoOp|NoOp@NoOp
60209333:Move(N)@Move(N)|NoOp@NoOp|NoOp@NoOp|NoOp@NoOp
60216583:Move(N)@Move(N)|NoOp@NoOp|NoOp@NoOp|NoOp@NoOp
60223792:Move(N)@Move(N)|NoOp@NoOp|NoOp@NoOp|NoOp@NoOp
60231083:Move(N)@Move(N)|NoOp@NoOp|NoOp@NoOp|NoOp@NoOp
60238167:Move(N)@Move(N)|NoOp@NoOp|NoOp@NoOp|NoOp@NoOp
60245500:Move(N)@Move(N)|NoOp@NoOp|NoOp@NoOp|NoOp@NoOp
60252667:Move(N)@Move(N)|NoOp@NoOp|NoOp@NoOp|NoOp@NoOp
60260708:Move(N)@Move(N)|NoOp@NoOp|NoOp@NoOp|NoOp@NoOp
60268125:Move(N)@Move(N)|NoOp@NoOp|NoOp@NoOp|NoOp@NoOp
60275500:Pull(S,S)@Pull(S,S)|NoOp@NoOp|NoOp@NoOp|NoOp@NoOp
60282875:Pull(S,S)@Pull(S,S)|NoOp@NoOp|NoOp@NoOp|NoOp@NoOp
60290167:Pull(E,S)@Pull(E,S)|NoOp@NoOp|NoOp@NoOp|NoOp@NoOp
60296958:Push(W,S)@Push(W,S)|NoOp@NoOp|NoOp@NoOp|NoOp@NoOp
60304375:Push(S,S)@Push(S,S)|NoOp@NoOp|NoOp@NoOp|NoOp@NoOp
60311125:Push(S,S)@Push(S,S)|NoOp@NoOp|NoOp@NoOp|NoOp@NoOp
60318167:Push(S,S)@Push(S,S)|NoOp@NoOp|NoOp@NoOp|NoOp@NoOp
60325375:Push(S,S)@Push(S,S)|NoOp@NoOp|NoOp@NoOp|NoOp@NoOp
60333208:Push(S,S)@Push(S,S)|NoOp@NoOp|NoOp@NoOp|NoOp@NoOp
60340458:Push(S,S)@Push(S,S)|NoOp@NoOp|NoOp@NoOp|NoOp@NoOp
60348083:Move(N)@Move(N)|NoOp@NoOp|NoOp@NoOp|NoOp@NoOp
60355000:Move(N)@Move(N)|NoOp@NoOp|NoOp@NoOp|NoOp@NoOp
60361917:Move(N)@Move(N)|NoOp@NoOp|NoOp@NoOp|NoOp@NoOp
60368875:Move(N)@Move(N)|NoOp@NoOp|NoOp@NoOp|NoOp@NoOp
60375792:Move(N)@Move(N)|NoOp@NoOp|NoOp@NoOp|NoOp@NoOp
60382875:Move(N)@Move(N)|NoOp@NoOp|NoOp@NoOp|NoOp@NoOp
60390333:Move(N)@Move(N)|NoOp@NoOp|NoOp@NoOp|NoOp@NoOp
60397875:Move(N)@Move(N)|NoOp@NoOp|NoOp@NoOp|NoOp@NoOp
60404875:Move(N)@Move(N)|NoOp@NoOp|NoOp@NoOp|NoOp@NoOp
60412042:Move(N)@Move(N)|NoOp@NoOp|NoOp@NoOp|NoOp@NoOp
60419083:Pull(S,S)@Pull(S,S)|NoOp@NoOp|NoOp@NoOp|NoOp@NoOp
60426167:Pull(S,S)@Pull(S,S)|NoOp@NoOp|NoOp@NoOp|NoOp@NoOp
60433250:Pull(S,S)@Pull(S,S)|NoOp@NoOp|NoOp@NoOp|NoOp@NoOp
60440333:Pull(S,S)@Pull(S,S)|NoOp@NoOp|NoOp@NoOp|NoOp@NoOp
60447333:Pull(E,S)@Pull(E,S)|NoOp@NoOp|NoOp@NoOp|NoOp@NoOp
60454333:Push(W,S)@Push(W,S)|NoOp@NoOp|NoOp@NoOp|NoOp@NoOp
60461333:Push(S,S)@Push(S,S)|NoOp@NoOp|NoOp@NoOp|NoOp@NoOp
60469375:Push(S,S)@Push(S,S)|NoOp@NoOp|NoOp@NoOp|NoOp@NoOp
60476833:Push(S,S)@Push(S,S)|NoOp@NoOp|NoOp@NoOp|NoOp@NoOp
60483958:Push(S,S)@Push(S,S)|NoOp@NoOp|NoOp@NoOp|NoOp@NoOp
60491083:Push(S,S)@Push(S,S)|NoOp@NoOp|NoOp@NoOp|NoOp@NoOp
60498375:Move(N)@Move(N)|NoOp@NoOp|NoOp@NoOp|NoOp@NoOp
60505458:Move(N)@Move(N)|NoOp@NoOp|NoOp@NoOp|NoOp@NoOp
60512417:Move(N)@Move(N)|NoOp@NoOp|NoOp@NoOp|NoOp@NoOp
60519167:Move(N)@Move(N)|NoOp@NoOp|NoOp@NoOp|NoOp@NoOp
60525250:Move(N)@Move(N)|NoOp@NoOp|NoOp@NoOp|NoOp@NoOp
60531833:Move(W)@Move(W)|NoOp@NoOp|NoOp@NoOp|NoOp@NoOp
60538667:Move(W)@Move(W)|NoOp@NoOp|NoOp@NoOp|NoOp@NoOp
60545125:Move(W)@Move(W)|NoOp@NoOp|NoOp@NoOp|NoOp@NoOp
60551375:Move(W)@Move(W)|NoOp@NoOp|NoOp@NoOp|NoOp@NoOp
60557625:Move(W)@Move(W)|NoOp@NoOp|NoOp@NoOp|NoOp@NoOp
60564042:Move(S)@Move(S)|NoOp@NoOp|NoOp@NoOp|NoOp@NoOp
60570375:Move(W)@Move(W)|NoOp@NoOp|NoOp@NoOp|NoOp@NoOp
60576792:Move(S)@Move(S)|NoOp@NoOp|NoOp@NoOp|NoOp@NoOp
60583250:Move(W)@Move(W)|NoOp@NoOp|NoOp@NoOp|NoOp@NoOp
60589542:Move(S)@Move(S)|NoOp@NoOp|NoOp@NoOp|NoOp@NoOp
60595875:Move(W)@Move(W)|NoOp@NoOp|NoOp@NoOp|NoOp@NoOp
60602333:Move(S)@Move(S)|NoOp@NoOp|NoOp@NoOp|NoOp@NoOp
60608792:Move(W)@Move(W)|NoOp@NoOp|NoOp@NoOp|NoOp@NoOp
60615042:Move(S)@Move(S)|NoOp@NoOp|NoOp@NoOp|NoOp@NoOp
60621458:Move(W)@Move(W)|NoOp@NoOp|NoOp@NoOp|NoOp@NoOp
60627458:Move(W)@Move(W)|NoOp@NoOp|NoOp@NoOp|NoOp@NoOp
60633500:Move(W)@Move(W)|NoOp@NoOp|NoOp@NoOp|NoOp@NoOp
60639458:Move(S)@Move(S)|NoOp@NoOp|NoOp@NoOp|NoOp@NoOp
60645542:Move(W)@Move(W)|NoOp@NoOp|NoOp@NoOp|NoOp@NoOp
60652042:Move(W)@Move(W)|NoOp@NoOp|NoOp@NoOp|NoOp@NoOp
60658375:Push(W,N)@Push(W,N)|NoOp@NoOp|NoOp@NoOp|NoOp@NoOp
60666042:Push(N,N)@Push(N,N)|NoOp@NoOp|NoOp@NoOp|NoOp@NoOp
60672792:Push(N,N)@Push(N,N)|NoOp@NoOp|NoOp@NoOp|NoOp@NoOp
60679042:Push(N,N)@Push(N,N)|NoOp@NoOp|NoOp@NoOp|NoOp@NoOp
60685167:Push(N,N)@Push(N,N)|NoOp@NoOp|NoOp@NoOp|NoOp@NoOp
60691417:Push(N,N)@Push(N,N)|NoOp@NoOp|NoOp@NoOp|NoOp@NoOp
60697875:Push(N,N)@Push(N,N)|NoOp@NoOp|NoOp@NoOp|NoOp@NoOp
60704292:Push(N,W)@Push(N,W)|NoOp@NoOp|NoOp@NoOp|NoOp@NoOp
60710833:Move(N)@Move(N)|NoOp@NoOp|NoOp@NoOp|NoOp@NoOp
60717208:Move(N)@Move(N)|NoOp@NoOp|NoOp@NoOp|NoOp@NoOp
60723333:Move(E)@Move(E)|NoOp@NoOp|NoOp@NoOp|NoOp@NoOp
60729667:Move(N)@Move(N)|NoOp@NoOp|NoOp@NoOp|NoOp@NoOp
60736042:Move(E)@Move(E)|NoOp@NoOp|NoOp@NoOp|NoOp@NoOp
60742333:Move(E)@Move(E)|NoOp@NoOp|NoOp@NoOp|NoOp@NoOp
60748750:Move(N)@Move(N)|NoOp@NoOp|NoOp@NoOp|NoOp@NoOp
60754500:Move(E)@Move(E)|NoOp@NoOp|NoOp@NoOp|NoOp@NoOp
60760833:Move(E)@Move(E)|NoOp@NoOp|NoOp@NoOp|NoOp@NoOp
60767042:Move(N)@Move(N)|NoOp@NoOp|NoOp@NoOp|NoOp@NoOp
60773333:Move(N)@Move(N)|NoOp@NoOp|NoOp@NoOp|NoOp@NoOp
60780917:Move(E)@Move(E)|NoOp@NoOp|NoOp@NoOp|NoOp@NoOp
60787625:Move(E)@Move(E)|NoOp@NoOp|NoOp@NoOp|NoOp@NoOp
60793958:Move(E)@Move(E)|NoOp@NoOp|NoOp@NoOp|NoOp@NoOp
60800292:Move(E)@Move(E)|NoOp@NoOp|NoOp@NoOp|NoOp@NoOp
60806792:Move(E)@Move(E)|NoOp@NoOp|NoOp@NoOp|NoOp@NoOp
60813083:Move(E)@Move(E)|NoOp@NoOp|NoOp@NoOp|NoOp@NoOp
60819042:Move(E)@Move(E)|NoOp@NoOp|NoOp@NoOp|NoOp@NoOp
60825000:Move(E)@Move(E)|NoOp@NoOp|NoOp@NoOp|NoOp@NoOp
60831375:Move(E)@Move(E)|NoOp@NoOp|NoOp@NoOp|NoOp@NoOp
60838250:Push(E,S)@Push(E,S)|NoOp@NoOp|NoOp@NoOp|NoOp@NoOp
60844792:Push(S,S)@Push(S,S)|NoOp@NoOp|NoOp@NoOp|NoOp@NoOp
60852875:Push(S,S)@Push(S,S)|NoOp@NoOp|NoOp@NoOp|NoOp@NoOp
60859292:Push(S,S)@Push(S,S)|NoOp@NoOp|NoOp@NoOp|NoOp@NoOp
60865958:Push(S,S)@Push(S,S)|NoOp@NoOp|NoOp@NoOp|NoOp@NoOp
60872708:Push(S,S)@Push(S,S)|NoOp@NoOp|NoOp@NoOp|NoOp@NoOp
60879667:Push(S,S)@Push(S,S)|NoOp@NoOp|NoOp@NoOp|NoOp@NoOp
60888292:Push(S,S)@Push(S,S)|NoOp@NoOp|NoOp@NoOp|NoOp@NoOp
60894958:Push(S,S)@Push(S,S)|NoOp@NoOp|NoOp@NoOp|NoOp@NoOp
60901375:Push(S,S)@Push(S,S)|NoOp@NoOp|NoOp@NoOp|NoOp@NoOp
60908042:Push(S,S)@Push(S,S)|NoOp@NoOp|NoOp@NoOp|NoOp@NoOp
60914833:Push(S,S)@Push(S,S)|NoOp@NoOp|NoOp@NoOp|NoOp@NoOp
60922167:NoOp@NoOp|Move(S)@Move(S)|NoOp@NoOp|NoOp@NoOp
60929500:NoOp@NoOp|Move(S)@Move(S)|NoOp@NoOp|NoOp@NoOp
60936542:NoOp@NoOp|Move(S)@Move(S)|NoOp@NoOp|NoOp@NoOp
60942792:NoOp@NoOp|Move(S)@Move(S)|NoOp@NoOp|NoOp@NoOp
60949458:NoOp@NoOp|Move(S)@Move(S)|NoOp@NoOp|NoOp@NoOp
60955875:NoOp@NoOp|Move(E)@Move(E)|NoOp@NoOp|NoOp@NoOp
60963833:NoOp@NoOp|Move(E)@Move(E)|NoOp@NoOp|NoOp@NoOp
60970458:NoOp@NoOp|Push(E,N)@Push(E,N)|NoOp@NoOp|NoOp@NoOp
60977375:NoOp@NoOp|Push(N,E)@Push(N,E)|NoOp@NoOp|NoOp@NoOp
60983667:NoOp@NoOp|Push(E,E)@Push(E,E)|NoOp@NoOp|NoOp@NoOp
60991000:NoOp@NoOp|Move(W)@Move(W)|NoOp@NoOp|NoOp@NoOp
60997125:NoOp@NoOp|Move(N)@Move(N)|NoOp@NoOp|NoOp@NoOp
61003667:NoOp@NoOp|Move(N)@Move(N)|NoOp@NoOp|NoOp@NoOp
61010042:NoOp@NoOp|Move(W)@Move(W)|NoOp@NoOp|NoOp@NoOp
61017083:NoOp@NoOp|Pull(E,E)@Pull(E,E)|NoOp@NoOp|NoOp@NoOp
61022167:NoOp@NoOp|Pull(E,E)@Pull(E,E)|NoOp@NoOp|NoOp@NoOp
61029083:NoOp@NoOp|Pull(E,E)@Pull(E,E)|NoOp@NoOp|NoOp@NoOp
61035875:NoOp@NoOp|Pull(E,E)@Pull(E,E)|NoOp@NoOp|NoOp@NoOp
61045417:NoOp@NoOp|Push(W,S)@Push(W,S)|NoOp@NoOp|NoOp@NoOp
61054042:NoOp@NoOp|Push(S,E)@Push(S,E)|NoOp@NoOp|NoOp@NoOp
61061583:NoOp@NoOp|Push(E,S)@Push(E,S)|NoOp@NoOp|NoOp@NoOp
61068500:NoOp@NoOp|NoOp@NoOp|NoOp@NoOp|Move(S)@Move(S)
61077333:NoOp@NoOp|NoOp@NoOp|NoOp@NoOp|Move(S)@Move(S)
61084125:NoOp@NoOp|NoOp@NoOp|NoOp@NoOp|Move(S)@Move(S)
61091958:NoOp@NoOp|NoOp@NoOp|NoOp@NoOp|Move(S)@Move(S)
61102167:NoOp@NoOp|NoOp@NoOp|NoOp@NoOp|Move(S)@Move(S)
61108792:NoOp@NoOp|NoOp@NoOp|NoOp@NoOp|Move(S)@Move(S)
61115458:NoOp@NoOp|NoOp@NoOp|NoOp@NoOp|Move(E)@Move(E)
61122083:NoOp@NoOp|NoOp@NoOp|NoOp@NoOp|Move(E)@Move(E)
61129458:NoOp@NoOp|NoOp@NoOp|NoOp@NoOp|Push(E,S)@Push(E,S)
61136375:NoOp@NoOp|NoOp@NoOp|NoOp@NoOp|Push(S,W)@Push(S,W)
61143375:NoOp@NoOp|NoOp@NoOp|NoOp@NoOp|Push(W,W)@Push(W,W)
61149583:NoOp@NoOp|NoOp@NoOp|NoOp@NoOp|Push(W,S)@Push(W,S)
61157333:NoOp@NoOp|NoOp@NoOp|NoOp@NoOp|Push(S,W)@Push(S,W)
61165375:NoOp@NoOp|NoOp@NoOp|NoOp@NoOp|Push(W,W)@Push(W,W)
61173500:NoOp@NoOp|NoOp@NoOp|NoOp@NoOp|Push(W,W)@Push(W,W)
61182417:NoOp@NoOp|NoOp@NoOp|NoOp@NoOp|Push(W,W)@Push(W,W)
61188917:NoOp@NoOp|NoOp@NoOp|NoOp@NoOp|Push(W,W)@Push(W,W)
61195458:NoOp@NoOp|NoOp@NoOp|NoOp@NoOp|Push(W,W)@Push(W,W)
61204167:NoOp@NoOp|NoOp@NoOp|NoOp@NoOp|Push(W,W)@Push(W,W)
61210542:NoOp@NoOp|NoOp@NoOp|NoOp@NoOp|Move(N)@Move(N)
61218958:NoOp@NoOp|NoOp@NoOp|NoOp@NoOp|Move(N)@Move(N)
61225958:Move(N)@Move(N)|NoOp@NoOp|NoOp@NoOp|NoOp@NoOp
61233625:Move(N)@Move(N)|NoOp@NoOp|NoOp@NoOp|NoOp@NoOp
61240083:Move(N)@Move(N)|NoOp@NoOp|NoOp@NoOp|NoOp@NoOp
61247792:Move(N)@Move(N)|NoOp@NoOp|NoOp@NoOp|NoOp@NoOp
61254750:Move(N)@Move(N)|NoOp@NoOp|NoOp@NoOp|NoOp@NoOp
61262792:Move(W)@Move(W)|NoOp@NoOp|NoOp@NoOp|NoOp@NoOp
61269750:Move(W)@Move(W)|NoOp@NoOp|NoOp@NoOp|NoOp@NoOp
61277833:Move(W)@Move(W)|NoOp@NoOp|NoOp@NoOp|NoOp@NoOp
61284208:Move(W)@Move(W)|NoOp@NoOp|NoOp@NoOp|NoOp@NoOp
61290542:Move(W)@Move(W)|NoOp@NoOp|NoOp@NoOp|NoOp@NoOp
61297083:Move(W)@Move(W)|NoOp@NoOp|NoOp@NoOp|NoOp@NoOp
61304125:Move(W)@Move(W)|NoOp@NoOp|NoOp@NoOp|NoOp@NoOp
61314083:Move(W)@Move(W)|NoOp@NoOp|NoOp@NoOp|NoOp@NoOp
61321750:Move(W)@Move(W)|NoOp@NoOp|NoOp@NoOp|NoOp@NoOp
61329583:Move(W)@Move(W)|NoOp@NoOp|NoOp@NoOp|NoOp@NoOp
61337667:Move(W)@Move(W)|NoOp@NoOp|NoOp@NoOp|NoOp@NoOp
61344000:Move(W)@Move(W)|NoOp@NoOp|NoOp@NoOp|NoOp@NoOp
61350500:Move(W)@Move(W)|NoOp@NoOp|NoOp@NoOp|NoOp@NoOp
61357250:Push(W,S)@Push(W,S)|NoOp@NoOp|NoOp@NoOp|NoOp@NoOp
61366000:Push(S,S)@Push(S,S)|NoOp@NoOp|NoOp@NoOp|NoOp@NoOp
61374792:Push(S,S)@Push(S,S)|NoOp@NoOp|NoOp@NoOp|NoOp@NoOp
61383167:Push(S,S)@Push(S,S)|NoOp@NoOp|NoOp@NoOp|NoOp@NoOp
61391125:Push(S,S)@Push(S,S)|NoOp@NoOp|NoOp@NoOp|NoOp@NoOp
61400167:Push(S,S)@Push(S,S)|NoOp@NoOp|NoOp@NoOp|NoOp@NoOp
61406958:Push(S,S)@Push(S,S)|NoOp@NoOp|NoOp@NoOp|NoOp@NoOp
61416583:Push(S,W)@Push(S,W)|NoOp@NoOp|NoOp@NoOp|NoOp@NoOp
61423958:Push(W,W)@Push(W,W)|NoOp@NoOp|NoOp@NoOp|NoOp@NoOp
61431250:Push(W,W)@Push(W,W)|NoOp@NoOp|NoOp@NoOp|NoOp@NoOp
61437875:Push(W,W)@Push(W,W)|NoOp@NoOp|NoOp@NoOp|NoOp@NoOp
61444333:Move(N)@Move(N)|NoOp@NoOp|NoOp@NoOp|NoOp@NoOp
61451958:Move(N)@Move(N)|NoOp@NoOp|NoOp@NoOp|NoOp@NoOp
61459667:NoOp@NoOp|NoOp@NoOp|NoOp@NoOp|Move(N)@Move(N)
61466125:NoOp@NoOp|NoOp@NoOp|NoOp@NoOp|Move(N)@Move(N)
61472750:NoOp@NoOp|NoOp@NoOp|NoOp@NoOp|Move(N)@Move(N)
61479167:NoOp@NoOp|NoOp@NoOp|NoOp@NoOp|Move(W)@Move(W)
61485708:NoOp@NoOp|NoOp@NoOp|NoOp@NoOp|Pull(S,S)@Pull(S,S)
61492417:NoOp@NoOp|NoOp@NoOp|NoOp@NoOp|Push(N,E)@Push(N,E)
61499875:NoOp@NoOp|NoOp@NoOp|NoOp@NoOp|Push(E,S)@Push(E,S)
61507917:NoOp@NoOp|NoOp@NoOp|NoOp@NoOp|Push(S,S)@Push(S,S)
61514792:NoOp@NoOp|NoOp@NoOp|NoOp@NoOp|Push(S,S)@Push(S,S)
61521333:NoOp@NoOp|NoOp@NoOp|NoOp@NoOp|Push(S,S)@Push(S,S)
61527792:NoOp@NoOp|NoOp@NoOp|NoOp@NoOp|Push(S,E)@Push(S,E)
61534792:NoOp@NoOp|NoOp@NoOp|NoOp@NoOp|Push(E,S)@Push(E,S)
61541458:NoOp@NoOp|Move(N)@Move(N)|NoOp@NoOp|NoOp@NoOp
61547875:NoOp@NoOp|Move(N)@Move(N)|NoOp@NoOp|NoOp@NoOp
61554667:NoOp@NoOp|Push(N,W)@Push(N,W)|NoOp@NoOp|NoOp@NoOp
61561417:NoOp@NoOp|Push(W,S)@Push(W,S)|NoOp@NoOp|NoOp@NoOp
61567708:NoOp@NoOp|Push(S,S)@Push(S,S)|NoOp@NoOp|NoOp@NoOp
61574292:NoOp@NoOp|Push(S,W)@Push(S,W)|NoOp@NoOp|NoOp@NoOp
61580667:NoOp@NoOp|Push(W,W)@Push(W,W)|NoOp@NoOp|NoOp@NoOp
61587208:NoOp@NoOp|Push(W,S)@Push(W,S)|NoOp@NoOp|NoOp@NoOp
61593708:NoOp@NoOp|Push(S,S)@Push(S,S)|NoOp@NoOp|NoOp@NoOp
61600292:NoOp@NoOp|Push(S,S)@Push(S,S)|NoOp@NoOp|NoOp@NoOp
61607917:NoOp@NoOp|Push(S,S)@Push(S,S)|NoOp@NoOp|NoOp@NoOp
61615667:NoOp@NoOp|Push(S,E)@Push(S,E)|NoOp@NoOp|NoOp@NoOp
61622458:NoOp@NoOp|Push(E,E)@Push(E,E)|NoOp@NoOp|NoOp@NoOp
61629375:NoOp@NoOp|Move(N)@Move(N)|NoOp@NoOp|NoOp@NoOp
61635833:NoOp@NoOp|Move(N)@Move(N)|NoOp@NoOp|NoOp@NoOp
61642667:NoOp@NoOp|Pull(S,S)@Pull(S,S)|NoOp@NoOp|NoOp@NoOp
61649250:NoOp@NoOp|Pull(S,S)@Pull(S,S)|NoOp@NoOp|NoOp@NoOp
61655833:NoOp@NoOp|Push(N,E)@Push(N,E)|NoOp@NoOp|NoOp@NoOp
61662125:NoOp@NoOp|Push(E,E)@Push(E,E)|NoOp@NoOp|NoOp@NoOp
61668750:NoOp@NoOp|Push(E,S)@Push(E,S)|NoOp@NoOp|NoOp@NoOp
61675250:NoOp@NoOp|NoOp@NoOp|Move(S)@Move(S)|NoOp@NoOp
61681500:NoOp@NoOp|NoOp@NoOp|Move(S)@Move(S)|NoOp@NoOp
61688000:NoOp@NoOp|NoOp@NoOp|Move(S)@Move(S)|NoOp@NoOp
61694542:NoOp@NoOp|NoOp@NoOp|Move(E)@Move(E)|NoOp@NoOp
61700875:NoOp@NoOp|NoOp@NoOp|Move(S)@Move(S)|NoOp@NoOp
61707292:NoOp@NoOp|NoOp@NoOp|Move(S)@Move(S)|NoOp@NoOp
61713750:NoOp@NoOp|NoOp@NoOp|Move(S)@Move(S)|NoOp@NoOp
61720292:NoOp@NoOp|NoOp@NoOp|Move(E)@Move(E)|NoOp@NoOp
61727250:NoOp@NoOp|NoOp@NoOp|Move(E)@Move(E)|NoOp@NoOp
61737083:NoOp@NoOp|NoOp@NoOp|Move(E)@Move(E)|NoOp@NoOp
61746250:NoOp@NoOp|NoOp@NoOp|Move(E)@Move(E)|NoOp@NoOp
61753583:NoOp@NoOp|NoOp@NoOp|Push(E,S)@Push(E,S)|NoOp@NoOp
61760208:NoOp@NoOp|NoOp@NoOp|Push(S,W)@Push(S,W)|NoOp@NoOp
61766792:NoOp@NoOp|NoOp@NoOp|Push(W,S)@Push(W,S)|NoOp@NoOp
61773708:NoOp@NoOp|NoOp@NoOp|Push(S,W)@Push(S,W)|NoOp@NoOp
61782417:NoOp@NoOp|NoOp@NoOp|Push(W,W)@Push(W,W)|NoOp@NoOp
61789000:NoOp@NoOp|NoOp@NoOp|Push(W,W)@Push(W,W)|NoOp@NoOp
61795333:NoOp@NoOp|NoOp@NoOp|Push(W,W)@Push(W,W)|NoOp@NoOp
61801833:NoOp@NoOp|NoOp@NoOp|Push(W,W)@Push(W,W)|NoOp@NoOp
61809333:NoOp@NoOp|NoOp@NoOp|Push(W,W)@Push(W,W)|NoOp@NoOp
61817750:NoOp@NoOp|NoOp@NoOp|Push(W,W)@Push(W,W)|NoOp@NoOp
#end
#solved
true
#numactions
330
#time
61817750
#end
