#domain
hospital
#levelname
TriWards
#colors
blue: 0, A, E, K
red: 1, B, F, L
green: 2, C, G
purple: 3, D, H
orange: 4, I, J
cyan: 5, M, N
pink: 6, O
grey: 7, P
lightblue: 8, Q
brown: 9, R, T, V, X
#initial
+++++++++++++++++++++++++++++++++++++
+0 A      +     B     1 + O      6  +
+   +++   +   +++       + ++ ++++++ +
+    M    +        N    +     +     +
+ ++++++  +  ++++++     + +++ +++   +
+ C    E     F    D     +         + +
+ +++  +++++++  +++     + +++++ +++ +
+      +     +          +      +    +
+  G   +  H  +   2      + +++ +++++ +
+      +     +          +   +      ++
+ ++++++  +  ++++++     + + ++++++ ++
+3      I      J       4+        + ++
+ L        5          K + ++ +++   ++
+++++++++++++++++++++++++++++++++++++
+   +++++++     +++++++     +++     +
+   +     +     +  T  +       +     +
+7  +  P  +     +     +   +   +     +
+   +     +      V    +   +         +
+   +++++ +++++++++ +++ +++++++     +
+  8 Q    +       +   X   +         +
+ +++++++ + +++++ + +++++ +++++++   +
+ +       +     + +     +       +   +
+ + +++++++++ + +++++ + +++++ + +   +
+ +         + +       +     + +     +
+ +++++++   + +++++++ +++   +++++   +
+           +       R 9       +     +
+++++++++++++++++++++++++++++++++++++
#goal
+++++++++++++++++++++++++++++++++++++
+  0      +          K  +        6  +
+   +++   +   +++       + ++ ++++++ +
+ L  E    +    F        +     +   O +
+ ++++++  +  ++++++     + +++ +++   +
+      B     A          +         + +
+ +++  +++++++  +++     + +++++ +++ +
+   G  +  H  +      M   +      +    +
+      +     +   C      + +++ +++++ +
+      +     +          +   +      ++
+ ++++++  +  ++++++     + + ++++++ ++
+      D          I     +        + ++
+ J    N       3       4+ ++ +++   ++
+++++++++++++++++++++++++++++++++++++
+   +++++++     +++++++     +++     +
+   +     +     +  V  +       +     +
+7  +     +     +     +   +   +     +
+   +     +      T    +   +         +
+   +++++ +++++++++ +++ +++++++     +
+  Q      +     X +       +         +
+ +++++++ + +++++ + +++++ +++++++   +
+ +       +     + +     +       +   +
+ + +++++++++ + +++++ + +++++ + +   +
+ +         + +       +     + +     +
+ +++++++   + +++++++ +++   +++++   +
+         P +       R         +     +
+++++++++++++++++++++++++++++++++++++
#end
#clientname
Dracarys
#actions
472897400:NoOp@NoOp|Move(E)@Move(E)|NoOp@NoOp|NoOp@NoOp|NoOp@NoOp|NoOp@NoOp|NoOp@NoOp|NoOp@NoOp|NoOp@NoOp|NoOp@NoOp
473062300:NoOp@NoOp|NoOp@NoOp|NoOp@NoOp|Move(E)@Move(E)|NoOp@NoOp|NoOp@NoOp|NoOp@NoOp|NoOp@NoOp|NoOp@NoOp|NoOp@NoOp
473195000:NoOp@NoOp|NoOp@NoOp|NoOp@NoOp|Move(E)@Move(E)|NoOp@NoOp|NoOp@NoOp|NoOp@NoOp|NoOp@NoOp|NoOp@NoOp|NoOp@NoOp
473283200:NoOp@NoOp|Move(S)@Move(S)|NoOp@NoOp|NoOp@NoOp|NoOp@NoOp|NoOp@NoOp|NoOp@NoOp|NoOp@NoOp|NoOp@NoOp|NoOp@NoOp
473367500:NoOp@NoOp|Move(S)@Move(S)|NoOp@NoOp|NoOp@NoOp|NoOp@NoOp|NoOp@NoOp|NoOp@NoOp|NoOp@NoOp|NoOp@NoOp|NoOp@NoOp
473443900:NoOp@NoOp|Move(S)@Move(S)|NoOp@NoOp|NoOp@NoOp|NoOp@NoOp|NoOp@NoOp|NoOp@NoOp|NoOp@NoOp|NoOp@NoOp|NoOp@NoOp
473529400:NoOp@NoOp|Move(S)@Move(S)|NoOp@NoOp|NoOp@NoOp|NoOp@NoOp|NoOp@NoOp|NoOp@NoOp|NoOp@NoOp|NoOp@NoOp|NoOp@NoOp
473614600:NoOp@NoOp|Move(S)@Move(S)|NoOp@NoOp|NoOp@NoOp|NoOp@NoOp|NoOp@NoOp|NoOp@NoOp|NoOp@NoOp|NoOp@NoOp|NoOp@NoOp
473699000:NoOp@NoOp|Move(S)@Move(S)|NoOp@NoOp|NoOp@NoOp|NoOp@NoOp|NoOp@NoOp|NoOp@NoOp|NoOp@NoOp|NoOp@NoOp|NoOp@NoOp
473778700:NoOp@NoOp|Move(S)@Move(S)|NoOp@NoOp|NoOp@NoOp|NoOp@NoOp|NoOp@NoOp|NoOp@NoOp|NoOp@NoOp|NoOp@NoOp|NoOp@NoOp
473863100:NoOp@NoOp|Move(S)@Move(S)|NoOp@NoOp|NoOp@NoOp|NoOp@NoOp|NoOp@NoOp|NoOp@NoOp|NoOp@NoOp|NoOp@NoOp|NoOp@NoOp
473947000:NoOp@NoOp|Move(S)@Move(S)|NoOp@NoOp|NoOp@NoOp|NoOp@NoOp|NoOp@NoOp|NoOp@NoOp|NoOp@NoOp|NoOp@NoOp|NoOp@NoOp
474035800:NoOp@NoOp|Move(W)@Move(W)|NoOp@NoOp|NoOp@NoOp|NoOp@NoOp|NoOp@NoOp|NoOp@NoOp|NoOp@NoOp|NoOp@NoOp|NoOp@NoOp
474120400:NoOp@NoOp|Move(S)@Move(S)|NoOp@NoOp|NoOp@NoOp|NoOp@NoOp|NoOp@NoOp|NoOp@NoOp|NoOp@NoOp|NoOp@NoOp|NoOp@NoOp
474189700:NoOp@NoOp|Move(W)@Move(W)|NoOp@NoOp|NoOp@NoOp|NoOp@NoOp|NoOp@NoOp|NoOp@NoOp|NoOp@NoOp|NoOp@NoOp|NoOp@NoOp
474252200:NoOp@NoOp|Move(S)@Move(S)|NoOp@NoOp|NoOp@NoOp|NoOp@NoOp|NoOp@NoOp|NoOp@NoOp|NoOp@NoOp|NoOp@NoOp|NoOp@NoOp
474312400:NoOp@NoOp|Move(W)@Move(W)|NoOp@NoOp|NoOp@NoOp|NoOp@NoOp|NoOp@NoOp|NoOp@NoOp|NoOp@NoOp|NoOp@NoOp|NoOp@NoOp
474375800:NoOp@NoOp|Move(W)@Move(W)|NoOp@NoOp|NoOp@NoOp|NoOp@NoOp|NoOp@NoOp|NoOp@NoOp|NoOp@NoOp|NoOp@NoOp|NoOp@NoOp
474435700:NoOp@NoOp|Move(W)@Move(W)|NoOp@NoOp|NoOp@NoOp|NoOp@NoOp|NoOp@NoOp|NoOp@NoOp|NoOp@NoOp|NoOp@NoOp|NoOp@NoOp
474506400:NoOp@NoOp|Move(W)@Move(W)|NoOp@NoOp|NoOp@NoOp|NoOp@NoOp|NoOp@NoOp|NoOp@NoOp|NoOp@NoOp|NoOp@NoOp|NoOp@NoOp
474590700:NoOp@NoOp|Move(W)@Move(W)|NoOp@NoOp|NoOp@NoOp|NoOp@NoOp|NoOp@NoOp|NoOp@NoOp|NoOp@NoOp|NoOp@NoOp|NoOp@NoOp
474667100:NoOp@NoOp|Move(W)@Move(W)|NoOp@NoOp|NoOp@NoOp|NoOp@NoOp|NoOp@NoOp|NoOp@NoOp|NoOp@NoOp|NoOp@NoOp|NoOp@NoOp
474738200:NoOp@NoOp|Move(W)@Move(W)|NoOp@NoOp|NoOp@NoOp|NoOp@NoOp|NoOp@NoOp|NoOp@NoOp|NoOp@NoOp|NoOp@NoOp|NoOp@NoOp
474818100:NoOp@NoOp|Move(N)@Move(N)|NoOp@NoOp|NoOp@NoOp|NoOp@NoOp|NoOp@NoOp|NoOp@NoOp|NoOp@NoOp|NoOp@NoOp|NoOp@NoOp
474904200:NoOp@NoOp|Move(W)@Move(W)|NoOp@NoOp|NoOp@NoOp|NoOp@NoOp|NoOp@NoOp|NoOp@NoOp|NoOp@NoOp|NoOp@NoOp|NoOp@NoOp
474981700:NoOp@NoOp|Move(W)@Move(W)|NoOp@NoOp|NoOp@NoOp|NoOp@NoOp|NoOp@NoOp|NoOp@NoOp|NoOp@NoOp|NoOp@NoOp|NoOp@NoOp
475049200:NoOp@NoOp|Move(W)@Move(W)|NoOp@NoOp|NoOp@NoOp|NoOp@NoOp|NoOp@NoOp|NoOp@NoOp|NoOp@NoOp|NoOp@NoOp|NoOp@NoOp
475123000:NoOp@NoOp|Move(W)@Move(W)|NoOp@NoOp|NoOp@NoOp|NoOp@NoOp|NoOp@NoOp|NoOp@NoOp|NoOp@NoOp|NoOp@NoOp|NoOp@NoOp
475190800:NoOp@NoOp|Move(S)@Move(S)|NoOp@NoOp|NoOp@NoOp|NoOp@NoOp|NoOp@NoOp|NoOp@NoOp|NoOp@NoOp|NoOp@NoOp|NoOp@NoOp
475251100:NoOp@NoOp|Move(W)@Move(W)|NoOp@NoOp|NoOp@NoOp|NoOp@NoOp|NoOp@NoOp|NoOp@NoOp|NoOp@NoOp|NoOp@NoOp|NoOp@NoOp
475310600:NoOp@NoOp|Move(W)@Move(W)|NoOp@NoOp|NoOp@NoOp|NoOp@NoOp|NoOp@NoOp|NoOp@NoOp|NoOp@NoOp|NoOp@NoOp|NoOp@NoOp
475382900:NoOp@NoOp|Move(W)@Move(W)|NoOp@NoOp|NoOp@NoOp|NoOp@NoOp|NoOp@NoOp|NoOp@NoOp|NoOp@NoOp|NoOp@NoOp|NoOp@NoOp
475453400:NoOp@NoOp|Move(W)@Move(W)|NoOp@NoOp|NoOp@NoOp|NoOp@NoOp|NoOp@NoOp|NoOp@NoOp|NoOp@NoOp|NoOp@NoOp|NoOp@NoOp
475520700:NoOp@NoOp|Move(W)@Move(W)|NoOp@NoOp|NoOp@NoOp|NoOp@NoOp|NoOp@NoOp|NoOp@NoOp|NoOp@NoOp|NoOp@NoOp|NoOp@NoOp
475587100:NoOp@NoOp|Move(W)@Move(W)|NoOp@NoOp|NoOp@NoOp|NoOp@NoOp|NoOp@NoOp|NoOp@NoOp|NoOp@NoOp|NoOp@NoOp|NoOp@NoOp
475653400:NoOp@NoOp|Move(W)@Move(W)|NoOp@NoOp|NoOp@NoOp|NoOp@NoOp|NoOp@NoOp|NoOp@NoOp|NoOp@NoOp|NoOp@NoOp|NoOp@NoOp
475720200:NoOp@NoOp|Push(W,N)@Push(W,N)|NoOp@NoOp|NoOp@NoOp|NoOp@NoOp|NoOp@NoOp|NoOp@NoOp|NoOp@NoOp|NoOp@NoOp|NoOp@NoOp
475790900:NoOp@NoOp|Push(N,W)@Push(N,W)|NoOp@NoOp|NoOp@NoOp|NoOp@NoOp|NoOp@NoOp|NoOp@NoOp|NoOp@NoOp|NoOp@NoOp|NoOp@NoOp
475857700:NoOp@NoOp|Push(W,N)@Push(W,N)|NoOp@NoOp|NoOp@NoOp|NoOp@NoOp|NoOp@NoOp|NoOp@NoOp|NoOp@NoOp|NoOp@NoOp|NoOp@NoOp
475925300:NoOp@NoOp|Push(N,N)@Push(N,N)|NoOp@NoOp|NoOp@NoOp|NoOp@NoOp|NoOp@NoOp|NoOp@NoOp|NoOp@NoOp|NoOp@NoOp|NoOp@NoOp
475992000:NoOp@NoOp|Push(N,N)@Push(N,N)|NoOp@NoOp|NoOp@NoOp|NoOp@NoOp|NoOp@NoOp|NoOp@NoOp|NoOp@NoOp|NoOp@NoOp|NoOp@NoOp
476058700:NoOp@NoOp|Push(N,N)@Push(N,N)|NoOp@NoOp|NoOp@NoOp|NoOp@NoOp|NoOp@NoOp|NoOp@NoOp|NoOp@NoOp|NoOp@NoOp|NoOp@NoOp
476125000:NoOp@NoOp|Push(N,N)@Push(N,N)|NoOp@NoOp|NoOp@NoOp|NoOp@NoOp|NoOp@NoOp|NoOp@NoOp|NoOp@NoOp|NoOp@NoOp|NoOp@NoOp
476191500:NoOp@NoOp|Push(N,N)@Push(N,N)|NoOp@NoOp|NoOp@NoOp|NoOp@NoOp|NoOp@NoOp|NoOp@NoOp|NoOp@NoOp|NoOp@NoOp|NoOp@NoOp
476258000:NoOp@NoOp|Push(N,N)@Push(N,N)|NoOp@NoOp|NoOp@NoOp|NoOp@NoOp|NoOp@NoOp|NoOp@NoOp|NoOp@NoOp|NoOp@NoOp|NoOp@NoOp
476324800:NoOp@NoOp|Push(N,N)@Push(N,N)|NoOp@NoOp|NoOp@NoOp|NoOp@NoOp|NoOp@NoOp|NoOp@NoOp|NoOp@NoOp|NoOp@NoOp|NoOp@NoOp
476391600:NoOp@NoOp|Push(N,E)@Push(N,E)|NoOp@NoOp|NoOp@NoOp|NoOp@NoOp|NoOp@NoOp|NoOp@NoOp|NoOp@NoOp|NoOp@NoOp|NoOp@NoOp
476458100:NoOp@NoOp|Move(S)@Move(S)|NoOp@NoOp|NoOp@NoOp|NoOp@NoOp|NoOp@NoOp|NoOp@NoOp|NoOp@NoOp|NoOp@NoOp|NoOp@NoOp
476527600:NoOp@NoOp|Move(S)@Move(S)|NoOp@NoOp|NoOp@NoOp|NoOp@NoOp|NoOp@NoOp|NoOp@NoOp|NoOp@NoOp|NoOp@NoOp|NoOp@NoOp
476645000:NoOp@NoOp|Move(S)@Move(S)|NoOp@NoOp|NoOp@NoOp|NoOp@NoOp|NoOp@NoOp|NoOp@NoOp|NoOp@NoOp|NoOp@NoOp|NoOp@NoOp
476709100:NoOp@NoOp|Move(S)@Move(S)|NoOp@NoOp|NoOp@NoOp|NoOp@NoOp|NoOp@NoOp|NoOp@NoOp|NoOp@NoOp|NoOp@NoOp|NoOp@NoOp
476764800:NoOp@NoOp|Move(S)@Move(S)|NoOp@NoOp|NoOp@NoOp|NoOp@NoOp|NoOp@NoOp|NoOp@NoOp|NoOp@NoOp|NoOp@NoOp|NoOp@NoOp
476818500:NoOp@NoOp|Move(S)@Move(S)|NoOp@NoOp|NoOp@NoOp|NoOp@NoOp|NoOp@NoOp|NoOp@NoOp|NoOp@NoOp|NoOp@NoOp|NoOp@NoOp
476875200:NoOp@NoOp|Move(S)@Move(S)|NoOp@NoOp|NoOp@NoOp|NoOp@NoOp|NoOp@NoOp|NoOp@NoOp|NoOp@NoOp|NoOp@NoOp|NoOp@NoOp
476926800:NoOp@NoOp|Move(S)@Move(S)|NoOp@NoOp|NoOp@NoOp|NoOp@NoOp|NoOp@NoOp|NoOp@NoOp|NoOp@NoOp|NoOp@NoOp|NoOp@NoOp
476986800:NoOp@NoOp|Move(S)@Move(S)|NoOp@NoOp|NoOp@NoOp|NoOp@NoOp|NoOp@NoOp|NoOp@NoOp|NoOp@NoOp|NoOp@NoOp|NoOp@NoOp
477051900:NoOp@NoOp|Move(E)@Move(E)|NoOp@NoOp|NoOp@NoOp|NoOp@NoOp|NoOp@NoOp|NoOp@NoOp|NoOp@NoOp|NoOp@NoOp|NoOp@NoOp
477114500:NoOp@NoOp|Move(E)@Move(E)|NoOp@NoOp|NoOp@NoOp|NoOp@NoOp|NoOp@NoOp|NoOp@NoOp|NoOp@NoOp|NoOp@NoOp|NoOp@NoOp
477177600:NoOp@NoOp|Move(E)@Move(E)|NoOp@NoOp|NoOp@NoOp|NoOp@NoOp|NoOp@NoOp|NoOp@NoOp|NoOp@NoOp|NoOp@NoOp|NoOp@NoOp
477240700:NoOp@NoOp|Move(E)@Move(E)|NoOp@NoOp|NoOp@NoOp|NoOp@NoOp|NoOp@NoOp|NoOp@NoOp|NoOp@NoOp|NoOp@NoOp|NoOp@NoOp
477303100:NoOp@NoOp|Move(E)@Move(E)|NoOp@NoOp|NoOp@NoOp|NoOp@NoOp|NoOp@NoOp|NoOp@NoOp|NoOp@NoOp|NoOp@NoOp|NoOp@NoOp
477363300:NoOp@NoOp|Move(E)@Move(E)|NoOp@NoOp|NoOp@NoOp|NoOp@NoOp|NoOp@NoOp|NoOp@NoOp|NoOp@NoOp|NoOp@NoOp|NoOp@NoOp
477426300:NoOp@NoOp|Move(E)@Move(E)|NoOp@NoOp|NoOp@NoOp|NoOp@NoOp|NoOp@NoOp|NoOp@NoOp|NoOp@NoOp|NoOp@NoOp|NoOp@NoOp
477486600:NoOp@NoOp|Move(E)@Move(E)|NoOp@NoOp|NoOp@NoOp|NoOp@NoOp|NoOp@NoOp|NoOp@NoOp|NoOp@NoOp|NoOp@NoOp|NoOp@NoOp
477548300:NoOp@NoOp|Move(N)@Move(N)|NoOp@NoOp|NoOp@NoOp|NoOp@NoOp|NoOp@NoOp|NoOp@NoOp|NoOp@NoOp|NoOp@NoOp|NoOp@NoOp
477613400:NoOp@NoOp|Move(E)@Move(E)|NoOp@NoOp|NoOp@NoOp|NoOp@NoOp|NoOp@NoOp|NoOp@NoOp|NoOp@NoOp|NoOp@NoOp|NoOp@NoOp
477674900:NoOp@NoOp|Move(E)@Move(E)|NoOp@NoOp|NoOp@NoOp|NoOp@NoOp|NoOp@NoOp|NoOp@NoOp|NoOp@NoOp|NoOp@NoOp|NoOp@NoOp
477736600:NoOp@NoOp|Move(E)@Move(E)|NoOp@NoOp|NoOp@NoOp|NoOp@NoOp|NoOp@NoOp|NoOp@NoOp|NoOp@NoOp|NoOp@NoOp|NoOp@NoOp
477797600:NoOp@NoOp|Move(S)@Move(S)|NoOp@NoOp|NoOp@NoOp|NoOp@NoOp|NoOp@NoOp|NoOp@NoOp|NoOp@NoOp|NoOp@NoOp|NoOp@NoOp
477859100:NoOp@NoOp|Move(E)@Move(E)|NoOp@NoOp|NoOp@NoOp|NoOp@NoOp|NoOp@NoOp|NoOp@NoOp|NoOp@NoOp|NoOp@NoOp|NoOp@NoOp
477919900:NoOp@NoOp|Move(E)@Move(E)|NoOp@NoOp|NoOp@NoOp|NoOp@NoOp|NoOp@NoOp|NoOp@NoOp|NoOp@NoOp|NoOp@NoOp|NoOp@NoOp
477980700:NoOp@NoOp|Move(E)@Move(E)|NoOp@NoOp|NoOp@NoOp|NoOp@NoOp|NoOp@NoOp|NoOp@NoOp|NoOp@NoOp|NoOp@NoOp|NoOp@NoOp
478041200:NoOp@NoOp|Move(E)@Move(E)|NoOp@NoOp|NoOp@NoOp|NoOp@NoOp|NoOp@NoOp|NoOp@NoOp|NoOp@NoOp|NoOp@NoOp|NoOp@NoOp
478102300:NoOp@NoOp|Move(N)@Move(N)|NoOp@NoOp|NoOp@NoOp|NoOp@NoOp|NoOp@NoOp|NoOp@NoOp|NoOp@NoOp|NoOp@NoOp|NoOp@NoOp
478163100:NoOp@NoOp|Move(E)@Move(E)|NoOp@NoOp|NoOp@NoOp|NoOp@NoOp|NoOp@NoOp|NoOp@NoOp|NoOp@NoOp|NoOp@NoOp|NoOp@NoOp
478223900:NoOp@NoOp|Move(E)@Move(E)|NoOp@NoOp|NoOp@NoOp|NoOp@NoOp|NoOp@NoOp|NoOp@NoOp|NoOp@NoOp|NoOp@NoOp|NoOp@NoOp
478284900:NoOp@NoOp|Move(E)@Move(E)|NoOp@NoOp|NoOp@NoOp|NoOp@NoOp|NoOp@NoOp|NoOp@NoOp|NoOp@NoOp|NoOp@NoOp|NoOp@NoOp
478346200:NoOp@NoOp|Move(N)@Move(N)|NoOp@NoOp|NoOp@NoOp|NoOp@NoOp|NoOp@NoOp|NoOp@NoOp|NoOp@NoOp|NoOp@NoOp|NoOp@NoOp
478407100:NoOp@NoOp|Move(N)@Move(N)|NoOp@NoOp|NoOp@NoOp|NoOp@NoOp|NoOp@NoOp|NoOp@NoOp|NoOp@NoOp|NoOp@NoOp|NoOp@NoOp
478468000:NoOp@NoOp|Move(N)@Move(N)|NoOp@NoOp|NoOp@NoOp|NoOp@NoOp|NoOp@NoOp|NoOp@NoOp|NoOp@NoOp|NoOp@NoOp|NoOp@NoOp
478535300:NoOp@NoOp|Move(N)@Move(N)|NoOp@NoOp|NoOp@NoOp|NoOp@NoOp|NoOp@NoOp|NoOp@NoOp|NoOp@NoOp|NoOp@NoOp|NoOp@NoOp
478596700:NoOp@NoOp|Move(W)@Move(W)|NoOp@NoOp|NoOp@NoOp|NoOp@NoOp|NoOp@NoOp|NoOp@NoOp|NoOp@NoOp|NoOp@NoOp|NoOp@NoOp
478658200:NoOp@NoOp|Move(W)@Move(W)|NoOp@NoOp|NoOp@NoOp|NoOp@NoOp|NoOp@NoOp|NoOp@NoOp|NoOp@NoOp|NoOp@NoOp|NoOp@NoOp
478718700:NoOp@NoOp|Move(W)@Move(W)|NoOp@NoOp|NoOp@NoOp|NoOp@NoOp|NoOp@NoOp|NoOp@NoOp|NoOp@NoOp|NoOp@NoOp|NoOp@NoOp
478779400:NoOp@NoOp|Move(W)@Move(W)|NoOp@NoOp|NoOp@NoOp|NoOp@NoOp|NoOp@NoOp|NoOp@NoOp|NoOp@NoOp|NoOp@NoOp|NoOp@NoOp
478841200:NoOp@NoOp|Move(N)@Move(N)|NoOp@NoOp|NoOp@NoOp|NoOp@NoOp|NoOp@NoOp|NoOp@NoOp|NoOp@NoOp|NoOp@NoOp|NoOp@NoOp
478902000:NoOp@NoOp|Move(N)@Move(N)|NoOp@NoOp|NoOp@NoOp|NoOp@NoOp|NoOp@NoOp|NoOp@NoOp|NoOp@NoOp|NoOp@NoOp|NoOp@NoOp
478963400:NoOp@NoOp|Move(W)@Move(W)|NoOp@NoOp|NoOp@NoOp|NoOp@NoOp|NoOp@NoOp|NoOp@NoOp|NoOp@NoOp|NoOp@NoOp|NoOp@NoOp
479028200:NoOp@NoOp|Push(W,W)@Push(W,W)|NoOp@NoOp|NoOp@NoOp|NoOp@NoOp|NoOp@NoOp|NoOp@NoOp|NoOp@NoOp|NoOp@NoOp|NoOp@NoOp
479103100:NoOp@NoOp|Push(W,N)@Push(W,N)|NoOp@NoOp|NoOp@NoOp|NoOp@NoOp|NoOp@NoOp|NoOp@NoOp|NoOp@NoOp|NoOp@NoOp|NoOp@NoOp
479230400:NoOp@NoOp|Push(N,N)@Push(N,N)|NoOp@NoOp|NoOp@NoOp|NoOp@NoOp|NoOp@NoOp|NoOp@NoOp|NoOp@NoOp|NoOp@NoOp|NoOp@NoOp
479354000:NoOp@NoOp|Push(N,E)@Push(N,E)|NoOp@NoOp|NoOp@NoOp|NoOp@NoOp|NoOp@NoOp|NoOp@NoOp|NoOp@NoOp|NoOp@NoOp|NoOp@NoOp
479436800:NoOp@NoOp|Push(E,E)@Push(E,E)|NoOp@NoOp|NoOp@NoOp|NoOp@NoOp|NoOp@NoOp|NoOp@NoOp|NoOp@NoOp|NoOp@NoOp|NoOp@NoOp
479499000:NoOp@NoOp|Push(E,E)@Push(E,E)|NoOp@NoOp|NoOp@NoOp|NoOp@NoOp|NoOp@NoOp|NoOp@NoOp|NoOp@NoOp|NoOp@NoOp|NoOp@NoOp
479560100:NoOp@NoOp|NoOp@NoOp|NoOp@NoOp|NoOp@NoOp|NoOp@NoOp|NoOp@NoOp|Move(W)@Move(W)|NoOp@NoOp|NoOp@NoOp|NoOp@NoOp
479621100:NoOp@NoOp|NoOp@NoOp|NoOp@NoOp|NoOp@NoOp|NoOp@NoOp|NoOp@NoOp|Move(W)@Move(W)|NoOp@NoOp|NoOp@NoOp|NoOp@NoOp
479681900:NoOp@NoOp|NoOp@NoOp|NoOp@NoOp|NoOp@NoOp|NoOp@NoOp|NoOp@NoOp|Move(W)@Move(W)|NoOp@NoOp|NoOp@NoOp|NoOp@NoOp
479784600:NoOp@NoOp|NoOp@NoOp|NoOp@NoOp|NoOp@NoOp|NoOp@NoOp|NoOp@NoOp|Move(W)@Move(W)|NoOp@NoOp|NoOp@NoOp|NoOp@NoOp
479881400:NoOp@NoOp|NoOp@NoOp|NoOp@NoOp|NoOp@NoOp|NoOp@NoOp|NoOp@NoOp|Move(W)@Move(W)|NoOp@NoOp|NoOp@NoOp|NoOp@NoOp
479971000:NoOp@NoOp|NoOp@NoOp|NoOp@NoOp|NoOp@NoOp|NoOp@NoOp|NoOp@NoOp|Move(W)@Move(W)|NoOp@NoOp|NoOp@NoOp|NoOp@NoOp
480045900:NoOp@NoOp|NoOp@NoOp|NoOp@NoOp|NoOp@NoOp|NoOp@NoOp|NoOp@NoOp|Pull(E,E)@Pull(E,E)|NoOp@NoOp|NoOp@NoOp|NoOp@NoOp
480152600:NoOp@NoOp|NoOp@NoOp|NoOp@NoOp|NoOp@NoOp|NoOp@NoOp|NoOp@NoOp|Pull(E,E)@Pull(E,E)|NoOp@NoOp|NoOp@NoOp|NoOp@NoOp
480258900:NoOp@NoOp|NoOp@NoOp|NoOp@NoOp|NoOp@NoOp|NoOp@NoOp|NoOp@NoOp|Pull(E,E)@Pull(E,E)|NoOp@NoOp|NoOp@NoOp|NoOp@NoOp
480356300:NoOp@NoOp|NoOp@NoOp|NoOp@NoOp|NoOp@NoOp|NoOp@NoOp|NoOp@NoOp|Pull(E,E)@Pull(E,E)|NoOp@NoOp|NoOp@NoOp|NoOp@NoOp
480453600:NoOp@NoOp|NoOp@NoOp|NoOp@NoOp|NoOp@NoOp|NoOp@NoOp|NoOp@NoOp|Pull(E,E)@Pull(E,E)|NoOp@NoOp|NoOp@NoOp|NoOp@NoOp
480545700:NoOp@NoOp|NoOp@NoOp|NoOp@NoOp|NoOp@NoOp|NoOp@NoOp|NoOp@NoOp|Pull(E,E)@Pull(E,E)|NoOp@NoOp|NoOp@NoOp|NoOp@NoOp
480634900:NoOp@NoOp|NoOp@NoOp|NoOp@NoOp|NoOp@NoOp|NoOp@NoOp|NoOp@NoOp|Pull(E,E)@Pull(E,E)|NoOp@NoOp|NoOp@NoOp|NoOp@NoOp
480740200:NoOp@NoOp|NoOp@NoOp|NoOp@NoOp|NoOp@NoOp|NoOp@NoOp|NoOp@NoOp|Pull(E,E)@Pull(E,E)|NoOp@NoOp|NoOp@NoOp|NoOp@NoOp
480809000:NoOp@NoOp|NoOp@NoOp|NoOp@NoOp|NoOp@NoOp|NoOp@NoOp|NoOp@NoOp|Pull(S,E)@Pull(S,E)|NoOp@NoOp|NoOp@NoOp|NoOp@NoOp
480876100:NoOp@NoOp|NoOp@NoOp|NoOp@NoOp|NoOp@NoOp|NoOp@NoOp|NoOp@NoOp|Pull(S,S)@Pull(S,S)|NoOp@NoOp|NoOp@NoOp|NoOp@NoOp
480941200:NoOp@NoOp|NoOp@NoOp|NoOp@NoOp|NoOp@NoOp|NoOp@NoOp|NoOp@NoOp|Pull(S,S)@Pull(S,S)|NoOp@NoOp|NoOp@NoOp|NoOp@NoOp
481007200:NoOp@NoOp|NoOp@NoOp|NoOp@NoOp|NoOp@NoOp|NoOp@NoOp|NoOp@NoOp|Push(N,W)@Push(N,W)|NoOp@NoOp|NoOp@NoOp|NoOp@NoOp
481072200:NoOp@NoOp|NoOp@NoOp|Move(S)@Move(S)|NoOp@NoOp|NoOp@NoOp|NoOp@NoOp|NoOp@NoOp|NoOp@NoOp|NoOp@NoOp|NoOp@NoOp
481138500:NoOp@NoOp|NoOp@NoOp|Move(E)@Move(E)|NoOp@NoOp|NoOp@NoOp|NoOp@NoOp|NoOp@NoOp|NoOp@NoOp|NoOp@NoOp|NoOp@NoOp
481202600:NoOp@NoOp|NoOp@NoOp|Move(E)@Move(E)|NoOp@NoOp|NoOp@NoOp|NoOp@NoOp|NoOp@NoOp|NoOp@NoOp|NoOp@NoOp|NoOp@NoOp
481266700:NoOp@NoOp|NoOp@NoOp|Move(S)@Move(S)|NoOp@NoOp|NoOp@NoOp|NoOp@NoOp|NoOp@NoOp|NoOp@NoOp|NoOp@NoOp|NoOp@NoOp
481339900:NoOp@NoOp|NoOp@NoOp|Move(S)@Move(S)|NoOp@NoOp|NoOp@NoOp|NoOp@NoOp|NoOp@NoOp|NoOp@NoOp|NoOp@NoOp|NoOp@NoOp
481406700:NoOp@NoOp|NoOp@NoOp|Move(S)@Move(S)|NoOp@NoOp|NoOp@NoOp|NoOp@NoOp|NoOp@NoOp|NoOp@NoOp|NoOp@NoOp|NoOp@NoOp
481476200:NoOp@NoOp|NoOp@NoOp|Move(W)@Move(W)|NoOp@NoOp|NoOp@NoOp|NoOp@NoOp|NoOp@NoOp|NoOp@NoOp|NoOp@NoOp|NoOp@NoOp
481541600:NoOp@NoOp|NoOp@NoOp|Move(W)@Move(W)|NoOp@NoOp|NoOp@NoOp|NoOp@NoOp|NoOp@NoOp|NoOp@NoOp|NoOp@NoOp|NoOp@NoOp
481622300:NoOp@NoOp|NoOp@NoOp|Move(W)@Move(W)|NoOp@NoOp|NoOp@NoOp|NoOp@NoOp|NoOp@NoOp|NoOp@NoOp|NoOp@NoOp|NoOp@NoOp
481711700:NoOp@NoOp|NoOp@NoOp|Move(W)@Move(W)|NoOp@NoOp|NoOp@NoOp|NoOp@NoOp|NoOp@NoOp|NoOp@NoOp|NoOp@NoOp|NoOp@NoOp
481793000:NoOp@NoOp|NoOp@NoOp|Move(W)@Move(W)|NoOp@NoOp|NoOp@NoOp|NoOp@NoOp|NoOp@NoOp|NoOp@NoOp|NoOp@NoOp|NoOp@NoOp
481876700:NoOp@NoOp|NoOp@NoOp|Move(N)@Move(N)|NoOp@NoOp|NoOp@NoOp|NoOp@NoOp|NoOp@NoOp|NoOp@NoOp|NoOp@NoOp|NoOp@NoOp
481965100:NoOp@NoOp|NoOp@NoOp|Move(W)@Move(W)|NoOp@NoOp|NoOp@NoOp|NoOp@NoOp|NoOp@NoOp|NoOp@NoOp|NoOp@NoOp|NoOp@NoOp
482039600:NoOp@NoOp|NoOp@NoOp|Move(W)@Move(W)|NoOp@NoOp|NoOp@NoOp|NoOp@NoOp|NoOp@NoOp|NoOp@NoOp|NoOp@NoOp|NoOp@NoOp
482111600:NoOp@NoOp|NoOp@NoOp|Move(W)@Move(W)|NoOp@NoOp|NoOp@NoOp|NoOp@NoOp|NoOp@NoOp|NoOp@NoOp|NoOp@NoOp|NoOp@NoOp
482179400:NoOp@NoOp|NoOp@NoOp|Move(W)@Move(W)|NoOp@NoOp|NoOp@NoOp|NoOp@NoOp|NoOp@NoOp|NoOp@NoOp|NoOp@NoOp|NoOp@NoOp
482250200:NoOp@NoOp|NoOp@NoOp|Move(S)@Move(S)|NoOp@NoOp|NoOp@NoOp|NoOp@NoOp|NoOp@NoOp|NoOp@NoOp|NoOp@NoOp|NoOp@NoOp
482338100:NoOp@NoOp|NoOp@NoOp|Move(W)@Move(W)|NoOp@NoOp|NoOp@NoOp|NoOp@NoOp|NoOp@NoOp|NoOp@NoOp|NoOp@NoOp|NoOp@NoOp
482416400:NoOp@NoOp|NoOp@NoOp|Move(W)@Move(W)|NoOp@NoOp|NoOp@NoOp|NoOp@NoOp|NoOp@NoOp|NoOp@NoOp|NoOp@NoOp|NoOp@NoOp
482481700:NoOp@NoOp|NoOp@NoOp|Move(W)@Move(W)|NoOp@NoOp|NoOp@NoOp|NoOp@NoOp|NoOp@NoOp|NoOp@NoOp|NoOp@NoOp|NoOp@NoOp
482561200:NoOp@NoOp|NoOp@NoOp|Move(W)@Move(W)|NoOp@NoOp|NoOp@NoOp|NoOp@NoOp|NoOp@NoOp|NoOp@NoOp|NoOp@NoOp|NoOp@NoOp
482639400:NoOp@NoOp|NoOp@NoOp|Move(W)@Move(W)|NoOp@NoOp|NoOp@NoOp|NoOp@NoOp|NoOp@NoOp|NoOp@NoOp|NoOp@NoOp|NoOp@NoOp
482731000:NoOp@NoOp|NoOp@NoOp|Move(W)@Move(W)|NoOp@NoOp|NoOp@NoOp|NoOp@NoOp|NoOp@NoOp|NoOp@NoOp|NoOp@NoOp|NoOp@NoOp
482814800:NoOp@NoOp|NoOp@NoOp|Move(W)@Move(W)|NoOp@NoOp|NoOp@NoOp|NoOp@NoOp|NoOp@NoOp|NoOp@NoOp|NoOp@NoOp|NoOp@NoOp
482882600:NoOp@NoOp|NoOp@NoOp|Move(W)@Move(W)|NoOp@NoOp|NoOp@NoOp|NoOp@NoOp|NoOp@NoOp|NoOp@NoOp|NoOp@NoOp|NoOp@NoOp
482964100:NoOp@NoOp|NoOp@NoOp|Move(N)@Move(N)|NoOp@NoOp|NoOp@NoOp|NoOp@NoOp|NoOp@NoOp|NoOp@NoOp|NoOp@NoOp|NoOp@NoOp
483031700:NoOp@NoOp|NoOp@NoOp|Move(W)@Move(W)|NoOp@NoOp|NoOp@NoOp|NoOp@NoOp|NoOp@NoOp|NoOp@NoOp|NoOp@NoOp|NoOp@NoOp
483089400:NoOp@NoOp|NoOp@NoOp|Move(N)@Move(N)|NoOp@NoOp|NoOp@NoOp|NoOp@NoOp|NoOp@NoOp|NoOp@NoOp|NoOp@NoOp|NoOp@NoOp
483156700:NoOp@NoOp|NoOp@NoOp|Move(N)@Move(N)|NoOp@NoOp|NoOp@NoOp|NoOp@NoOp|NoOp@NoOp|NoOp@NoOp|NoOp@NoOp|NoOp@NoOp
483223900:NoOp@NoOp|NoOp@NoOp|Move(N)@Move(N)|NoOp@NoOp|NoOp@NoOp|NoOp@NoOp|NoOp@NoOp|NoOp@NoOp|NoOp@NoOp|NoOp@NoOp
483303100:NoOp@NoOp|NoOp@NoOp|Move(E)@Move(E)|NoOp@NoOp|NoOp@NoOp|NoOp@NoOp|NoOp@NoOp|NoOp@NoOp|NoOp@NoOp|NoOp@NoOp
483369600:NoOp@NoOp|NoOp@NoOp|Push(E,N)@Push(E,N)|NoOp@NoOp|NoOp@NoOp|NoOp@NoOp|NoOp@NoOp|NoOp@NoOp|NoOp@NoOp|NoOp@NoOp
483436600:NoOp@NoOp|NoOp@NoOp|Push(N,E)@Push(N,E)|NoOp@NoOp|NoOp@NoOp|NoOp@NoOp|NoOp@NoOp|NoOp@NoOp|NoOp@NoOp|NoOp@NoOp
483509200:NoOp@NoOp|NoOp@NoOp|NoOp@NoOp|Move(S)@Move(S)|NoOp@NoOp|NoOp@NoOp|NoOp@NoOp|NoOp@NoOp|NoOp@NoOp|NoOp@NoOp
483575700:NoOp@NoOp|NoOp@NoOp|NoOp@NoOp|Move(E)@Move(E)|NoOp@NoOp|NoOp@NoOp|NoOp@NoOp|NoOp@NoOp|NoOp@NoOp|NoOp@NoOp
483641600:NoOp@NoOp|NoOp@NoOp|NoOp@NoOp|Move(E)@Move(E)|NoOp@NoOp|NoOp@NoOp|NoOp@NoOp|NoOp@NoOp|NoOp@NoOp|NoOp@NoOp
483707200:NoOp@NoOp|NoOp@NoOp|NoOp@NoOp|Move(E)@Move(E)|NoOp@NoOp|NoOp@NoOp|NoOp@NoOp|NoOp@NoOp|NoOp@NoOp|NoOp@NoOp
483772800:NoOp@NoOp|NoOp@NoOp|NoOp@NoOp|Move(E)@Move(E)|NoOp@NoOp|NoOp@NoOp|NoOp@NoOp|NoOp@NoOp|NoOp@NoOp|NoOp@NoOp
483838400:NoOp@NoOp|NoOp@NoOp|NoOp@NoOp|Move(E)@Move(E)|NoOp@NoOp|NoOp@NoOp|NoOp@NoOp|NoOp@NoOp|NoOp@NoOp|NoOp@NoOp
483904100:NoOp@NoOp|NoOp@NoOp|NoOp@NoOp|Move(E)@Move(E)|NoOp@NoOp|NoOp@NoOp|NoOp@NoOp|NoOp@NoOp|NoOp@NoOp|NoOp@NoOp
483972000:NoOp@NoOp|NoOp@NoOp|NoOp@NoOp|Move(N)@Move(N)|NoOp@NoOp|NoOp@NoOp|NoOp@NoOp|NoOp@NoOp|NoOp@NoOp|NoOp@NoOp
484054400:NoOp@NoOp|NoOp@NoOp|NoOp@NoOp|Move(N)@Move(N)|NoOp@NoOp|NoOp@NoOp|NoOp@NoOp|NoOp@NoOp|NoOp@NoOp|NoOp@NoOp
484163400:NoOp@NoOp|NoOp@NoOp|NoOp@NoOp|Move(N)@Move(N)|NoOp@NoOp|NoOp@NoOp|NoOp@NoOp|NoOp@NoOp|NoOp@NoOp|NoOp@NoOp
484264700:NoOp@NoOp|NoOp@NoOp|NoOp@NoOp|Move(N)@Move(N)|NoOp@NoOp|NoOp@NoOp|NoOp@NoOp|NoOp@NoOp|NoOp@NoOp|NoOp@NoOp
484351600:NoOp@NoOp|NoOp@NoOp|NoOp@NoOp|Push(E,N)@Push(E,N)|NoOp@NoOp|NoOp@NoOp|NoOp@NoOp|NoOp@NoOp|NoOp@NoOp|NoOp@NoOp
484418600:NoOp@NoOp|NoOp@NoOp|NoOp@NoOp|NoOp@NoOp|NoOp@NoOp|NoOp@NoOp|NoOp@NoOp|NoOp@NoOp|Move(E)@Move(E)|NoOp@NoOp
484481300:NoOp@NoOp|NoOp@NoOp|NoOp@NoOp|NoOp@NoOp|NoOp@NoOp|NoOp@NoOp|NoOp@NoOp|NoOp@NoOp|Pull(W,W)@Pull(W,W)|NoOp@NoOp
484543300:NoOp@NoOp|NoOp@NoOp|NoOp@NoOp|NoOp@NoOp|NoOp@NoOp|NoOp@NoOp|NoOp@NoOp|NoOp@NoOp|Pull(W,W)@Pull(W,W)|NoOp@NoOp
484606500:NoOp@NoOp|NoOp@NoOp|NoOp@NoOp|NoOp@NoOp|NoOp@NoOp|NoOp@NoOp|NoOp@NoOp|NoOp@NoOp|NoOp@NoOp|Move(W)@Move(W)
484715000:NoOp@NoOp|NoOp@NoOp|NoOp@NoOp|NoOp@NoOp|NoOp@NoOp|NoOp@NoOp|NoOp@NoOp|NoOp@NoOp|NoOp@NoOp|Move(N)@Move(N)
484776400:NoOp@NoOp|NoOp@NoOp|NoOp@NoOp|NoOp@NoOp|NoOp@NoOp|NoOp@NoOp|NoOp@NoOp|NoOp@NoOp|NoOp@NoOp|Move(N)@Move(N)
484837100:NoOp@NoOp|NoOp@NoOp|NoOp@NoOp|NoOp@NoOp|NoOp@NoOp|NoOp@NoOp|NoOp@NoOp|NoOp@NoOp|NoOp@NoOp|Move(N)@Move(N)
484898100:NoOp@NoOp|NoOp@NoOp|NoOp@NoOp|NoOp@NoOp|NoOp@NoOp|NoOp@NoOp|NoOp@NoOp|NoOp@NoOp|NoOp@NoOp|Move(N)@Move(N)
484963700:NoOp@NoOp|NoOp@NoOp|NoOp@NoOp|NoOp@NoOp|NoOp@NoOp|NoOp@NoOp|NoOp@NoOp|NoOp@NoOp|NoOp@NoOp|Move(W)@Move(W)
485025600:NoOp@NoOp|NoOp@NoOp|NoOp@NoOp|NoOp@NoOp|NoOp@NoOp|NoOp@NoOp|NoOp@NoOp|NoOp@NoOp|NoOp@NoOp|Move(W)@Move(W)
485087000:NoOp@NoOp|NoOp@NoOp|NoOp@NoOp|NoOp@NoOp|NoOp@NoOp|NoOp@NoOp|NoOp@NoOp|NoOp@NoOp|NoOp@NoOp|Move(N)@Move(N)
485148100:NoOp@NoOp|NoOp@NoOp|NoOp@NoOp|NoOp@NoOp|NoOp@NoOp|NoOp@NoOp|NoOp@NoOp|NoOp@NoOp|NoOp@NoOp|Move(N)@Move(N)
485209500:NoOp@NoOp|NoOp@NoOp|NoOp@NoOp|NoOp@NoOp|NoOp@NoOp|NoOp@NoOp|NoOp@NoOp|NoOp@NoOp|NoOp@NoOp|Move(E)@Move(E)
485297500:NoOp@NoOp|NoOp@NoOp|NoOp@NoOp|NoOp@NoOp|NoOp@NoOp|NoOp@NoOp|NoOp@NoOp|NoOp@NoOp|NoOp@NoOp|Move(E)@Move(E)
485372000:NoOp@NoOp|NoOp@NoOp|NoOp@NoOp|NoOp@NoOp|NoOp@NoOp|NoOp@NoOp|NoOp@NoOp|NoOp@NoOp|NoOp@NoOp|Pull(W,W)@Pull(W,W)
485457500:NoOp@NoOp|NoOp@NoOp|NoOp@NoOp|NoOp@NoOp|NoOp@NoOp|NoOp@NoOp|NoOp@NoOp|NoOp@NoOp|NoOp@NoOp|Pull(W,W)@Pull(W,W)
485532700:NoOp@NoOp|NoOp@NoOp|NoOp@NoOp|NoOp@NoOp|NoOp@NoOp|NoOp@NoOp|NoOp@NoOp|NoOp@NoOp|NoOp@NoOp|Pull(N,W)@Pull(N,W)
485607300:NoOp@NoOp|NoOp@NoOp|NoOp@NoOp|NoOp@NoOp|NoOp@NoOp|NoOp@NoOp|NoOp@NoOp|NoOp@NoOp|NoOp@NoOp|Push(S,S)@Push(S,S)
485689200:NoOp@NoOp|NoOp@NoOp|NoOp@NoOp|NoOp@NoOp|NoOp@NoOp|NoOp@NoOp|NoOp@NoOp|NoOp@NoOp|NoOp@NoOp|Push(S,S)@Push(S,S)
485784600:NoOp@NoOp|NoOp@NoOp|NoOp@NoOp|NoOp@NoOp|NoOp@NoOp|NoOp@NoOp|NoOp@NoOp|NoOp@NoOp|NoOp@NoOp|Push(S,E)@Push(S,E)
485874800:NoOp@NoOp|NoOp@NoOp|NoOp@NoOp|NoOp@NoOp|NoOp@NoOp|NoOp@NoOp|NoOp@NoOp|NoOp@NoOp|NoOp@NoOp|Push(E,E)@Push(E,E)
485972300:NoOp@NoOp|NoOp@NoOp|NoOp@NoOp|NoOp@NoOp|NoOp@NoOp|NoOp@NoOp|NoOp@NoOp|NoOp@NoOp|NoOp@NoOp|Push(E,S)@Push(E,S)
486066000:NoOp@NoOp|NoOp@NoOp|NoOp@NoOp|NoOp@NoOp|NoOp@NoOp|NoOp@NoOp|NoOp@NoOp|NoOp@NoOp|NoOp@NoOp|Push(S,S)@Push(S,S)
486160500:NoOp@NoOp|NoOp@NoOp|NoOp@NoOp|NoOp@NoOp|NoOp@NoOp|NoOp@NoOp|NoOp@NoOp|NoOp@NoOp|NoOp@NoOp|Push(S,W)@Push(S,W)
486265600:NoOp@NoOp|NoOp@NoOp|NoOp@NoOp|NoOp@NoOp|NoOp@NoOp|NoOp@NoOp|NoOp@NoOp|NoOp@NoOp|NoOp@NoOp|Push(W,W)@Push(W,W)
486351400:NoOp@NoOp|NoOp@NoOp|NoOp@NoOp|NoOp@NoOp|NoOp@NoOp|NoOp@NoOp|NoOp@NoOp|NoOp@NoOp|NoOp@NoOp|Push(W,W)@Push(W,W)
486427000:NoOp@NoOp|NoOp@NoOp|NoOp@NoOp|NoOp@NoOp|NoOp@NoOp|NoOp@NoOp|NoOp@NoOp|NoOp@NoOp|NoOp@NoOp|Push(W,W)@Push(W,W)
486584300:NoOp@NoOp|NoOp@NoOp|NoOp@NoOp|NoOp@NoOp|NoOp@NoOp|NoOp@NoOp|NoOp@NoOp|NoOp@NoOp|NoOp@NoOp|Push(W,W)@Push(W,W)
486652000:NoOp@NoOp|NoOp@NoOp|NoOp@NoOp|NoOp@NoOp|NoOp@NoOp|NoOp@NoOp|NoOp@NoOp|NoOp@NoOp|NoOp@NoOp|Push(W,W)@Push(W,W)
486726900:NoOp@NoOp|NoOp@NoOp|NoOp@NoOp|NoOp@NoOp|NoOp@NoOp|NoOp@NoOp|NoOp@NoOp|NoOp@NoOp|NoOp@NoOp|Push(W,N)@Push(W,N)
487043600:NoOp@NoOp|NoOp@NoOp|NoOp@NoOp|NoOp@NoOp|NoOp@NoOp|NoOp@NoOp|NoOp@NoOp|NoOp@NoOp|NoOp@NoOp|Push(N,N)@Push(N,N)
487451500:NoOp@NoOp|NoOp@NoOp|NoOp@NoOp|NoOp@NoOp|NoOp@NoOp|NoOp@NoOp|NoOp@NoOp|NoOp@NoOp|NoOp@NoOp|Push(N,W)@Push(N,W)
487740700:NoOp@NoOp|NoOp@NoOp|NoOp@NoOp|NoOp@NoOp|NoOp@NoOp|NoOp@NoOp|NoOp@NoOp|NoOp@NoOp|NoOp@NoOp|Push(W,W)@Push(W,W)
488105800:NoOp@NoOp|NoOp@NoOp|NoOp@NoOp|NoOp@NoOp|NoOp@NoOp|NoOp@NoOp|NoOp@NoOp|NoOp@NoOp|NoOp@NoOp|Push(W,W)@Push(W,W)
488280700:NoOp@NoOp|NoOp@NoOp|NoOp@NoOp|NoOp@NoOp|NoOp@NoOp|NoOp@NoOp|NoOp@NoOp|NoOp@NoOp|NoOp@NoOp|Push(W,W)@Push(W,W)
488472900:NoOp@NoOp|NoOp@NoOp|NoOp@NoOp|NoOp@NoOp|NoOp@NoOp|NoOp@NoOp|NoOp@NoOp|NoOp@NoOp|NoOp@NoOp|Push(W,N)@Push(W,N)
488551300:NoOp@NoOp|NoOp@NoOp|NoOp@NoOp|NoOp@NoOp|NoOp@NoOp|NoOp@NoOp|NoOp@NoOp|NoOp@NoOp|NoOp@NoOp|Push(N,N)@Push(N,N)
488624900:NoOp@NoOp|NoOp@NoOp|NoOp@NoOp|NoOp@NoOp|NoOp@NoOp|NoOp@NoOp|NoOp@NoOp|NoOp@NoOp|NoOp@NoOp|Push(N,E)@Push(N,E)
488706600:NoOp@NoOp|NoOp@NoOp|NoOp@NoOp|NoOp@NoOp|NoOp@NoOp|NoOp@NoOp|NoOp@NoOp|NoOp@NoOp|NoOp@NoOp|Push(E,E)@Push(E,E)
488784300:NoOp@NoOp|NoOp@NoOp|NoOp@NoOp|NoOp@NoOp|NoOp@NoOp|NoOp@NoOp|NoOp@NoOp|NoOp@NoOp|NoOp@NoOp|Push(E,E)@Push(E,E)
488861800:NoOp@NoOp|NoOp@NoOp|NoOp@NoOp|NoOp@NoOp|NoOp@NoOp|NoOp@NoOp|NoOp@NoOp|NoOp@NoOp|NoOp@NoOp|Push(E,E)@Push(E,E)
488940700:NoOp@NoOp|NoOp@NoOp|NoOp@NoOp|NoOp@NoOp|NoOp@NoOp|NoOp@NoOp|NoOp@NoOp|NoOp@NoOp|NoOp@NoOp|Push(E,E)@Push(E,E)
489021800:NoOp@NoOp|NoOp@NoOp|NoOp@NoOp|NoOp@NoOp|NoOp@NoOp|NoOp@NoOp|NoOp@NoOp|Move(S)@Move(S)|NoOp@NoOp|NoOp@NoOp
489112100:NoOp@NoOp|NoOp@NoOp|NoOp@NoOp|NoOp@NoOp|NoOp@NoOp|NoOp@NoOp|NoOp@NoOp|Move(S)@Move(S)|NoOp@NoOp|NoOp@NoOp
489204000:NoOp@NoOp|NoOp@NoOp|NoOp@NoOp|NoOp@NoOp|NoOp@NoOp|NoOp@NoOp|NoOp@NoOp|Move(S)@Move(S)|NoOp@NoOp|NoOp@NoOp
489328100:NoOp@NoOp|NoOp@NoOp|NoOp@NoOp|NoOp@NoOp|NoOp@NoOp|NoOp@NoOp|NoOp@NoOp|Move(S)@Move(S)|NoOp@NoOp|NoOp@NoOp
489416700:NoOp@NoOp|NoOp@NoOp|NoOp@NoOp|NoOp@NoOp|NoOp@NoOp|NoOp@NoOp|NoOp@NoOp|Move(S)@Move(S)|NoOp@NoOp|NoOp@NoOp
489501800:NoOp@NoOp|NoOp@NoOp|NoOp@NoOp|NoOp@NoOp|NoOp@NoOp|NoOp@NoOp|NoOp@NoOp|Move(S)@Move(S)|NoOp@NoOp|NoOp@NoOp
489583400:NoOp@NoOp|NoOp@NoOp|NoOp@NoOp|NoOp@NoOp|NoOp@NoOp|NoOp@NoOp|NoOp@NoOp|Move(S)@Move(S)|NoOp@NoOp|NoOp@NoOp
489676100:NoOp@NoOp|NoOp@NoOp|NoOp@NoOp|NoOp@NoOp|NoOp@NoOp|NoOp@NoOp|NoOp@NoOp|Move(S)@Move(S)|NoOp@NoOp|NoOp@NoOp
489769500:NoOp@NoOp|NoOp@NoOp|NoOp@NoOp|NoOp@NoOp|NoOp@NoOp|NoOp@NoOp|NoOp@NoOp|Move(S)@Move(S)|NoOp@NoOp|NoOp@NoOp
489877900:NoOp@NoOp|NoOp@NoOp|NoOp@NoOp|NoOp@NoOp|NoOp@NoOp|NoOp@NoOp|NoOp@NoOp|Move(E)@Move(E)|NoOp@NoOp|NoOp@NoOp
490095000:NoOp@NoOp|NoOp@NoOp|NoOp@NoOp|NoOp@NoOp|NoOp@NoOp|NoOp@NoOp|NoOp@NoOp|Move(E)@Move(E)|NoOp@NoOp|NoOp@NoOp
490181700:NoOp@NoOp|NoOp@NoOp|NoOp@NoOp|NoOp@NoOp|NoOp@NoOp|NoOp@NoOp|NoOp@NoOp|Move(E)@Move(E)|NoOp@NoOp|NoOp@NoOp
490303200:NoOp@NoOp|NoOp@NoOp|NoOp@NoOp|NoOp@NoOp|NoOp@NoOp|NoOp@NoOp|NoOp@NoOp|Move(E)@Move(E)|NoOp@NoOp|NoOp@NoOp
490402300:NoOp@NoOp|NoOp@NoOp|NoOp@NoOp|NoOp@NoOp|NoOp@NoOp|NoOp@NoOp|NoOp@NoOp|Move(E)@Move(E)|NoOp@NoOp|NoOp@NoOp
490499200:NoOp@NoOp|NoOp@NoOp|NoOp@NoOp|NoOp@NoOp|NoOp@NoOp|NoOp@NoOp|NoOp@NoOp|Move(E)@Move(E)|NoOp@NoOp|NoOp@NoOp
490588200:NoOp@NoOp|NoOp@NoOp|NoOp@NoOp|NoOp@NoOp|NoOp@NoOp|NoOp@NoOp|NoOp@NoOp|Move(E)@Move(E)|NoOp@NoOp|NoOp@NoOp
490675300:NoOp@NoOp|NoOp@NoOp|NoOp@NoOp|NoOp@NoOp|NoOp@NoOp|NoOp@NoOp|NoOp@NoOp|Move(E)@Move(E)|NoOp@NoOp|NoOp@NoOp
490756800:NoOp@NoOp|NoOp@NoOp|NoOp@NoOp|NoOp@NoOp|NoOp@NoOp|NoOp@NoOp|NoOp@NoOp|Move(N)@Move(N)|NoOp@NoOp|NoOp@NoOp
490844100:NoOp@NoOp|NoOp@NoOp|NoOp@NoOp|NoOp@NoOp|NoOp@NoOp|NoOp@NoOp|NoOp@NoOp|Move(N)@Move(N)|NoOp@NoOp|NoOp@NoOp
490925100:NoOp@NoOp|NoOp@NoOp|NoOp@NoOp|NoOp@NoOp|NoOp@NoOp|NoOp@NoOp|NoOp@NoOp|Move(W)@Move(W)|NoOp@NoOp|NoOp@NoOp
491013000:NoOp@NoOp|NoOp@NoOp|NoOp@NoOp|NoOp@NoOp|NoOp@NoOp|NoOp@NoOp|NoOp@NoOp|Move(W)@Move(W)|NoOp@NoOp|NoOp@NoOp
491151300:NoOp@NoOp|NoOp@NoOp|NoOp@NoOp|NoOp@NoOp|NoOp@NoOp|NoOp@NoOp|NoOp@NoOp|Move(W)@Move(W)|NoOp@NoOp|NoOp@NoOp
491254400:NoOp@NoOp|NoOp@NoOp|NoOp@NoOp|NoOp@NoOp|NoOp@NoOp|NoOp@NoOp|NoOp@NoOp|Move(W)@Move(W)|NoOp@NoOp|NoOp@NoOp
491417900:NoOp@NoOp|NoOp@NoOp|NoOp@NoOp|NoOp@NoOp|NoOp@NoOp|NoOp@NoOp|NoOp@NoOp|Move(W)@Move(W)|NoOp@NoOp|NoOp@NoOp
491514700:NoOp@NoOp|NoOp@NoOp|NoOp@NoOp|NoOp@NoOp|NoOp@NoOp|NoOp@NoOp|NoOp@NoOp|Move(W)@Move(W)|NoOp@NoOp|NoOp@NoOp
491590100:NoOp@NoOp|NoOp@NoOp|NoOp@NoOp|NoOp@NoOp|NoOp@NoOp|NoOp@NoOp|NoOp@NoOp|Move(N)@Move(N)|NoOp@NoOp|NoOp@NoOp
491656400:NoOp@NoOp|NoOp@NoOp|NoOp@NoOp|NoOp@NoOp|NoOp@NoOp|NoOp@NoOp|NoOp@NoOp|Move(N)@Move(N)|NoOp@NoOp|NoOp@NoOp
491725900:NoOp@NoOp|NoOp@NoOp|NoOp@NoOp|NoOp@NoOp|NoOp@NoOp|NoOp@NoOp|NoOp@NoOp|Move(E)@Move(E)|NoOp@NoOp|NoOp@NoOp
491789800:NoOp@NoOp|NoOp@NoOp|NoOp@NoOp|NoOp@NoOp|NoOp@NoOp|NoOp@NoOp|NoOp@NoOp|Move(E)@Move(E)|NoOp@NoOp|NoOp@NoOp
491858700:NoOp@NoOp|NoOp@NoOp|NoOp@NoOp|NoOp@NoOp|NoOp@NoOp|NoOp@NoOp|NoOp@NoOp|Move(E)@Move(E)|NoOp@NoOp|NoOp@NoOp
491937800:NoOp@NoOp|NoOp@NoOp|NoOp@NoOp|NoOp@NoOp|NoOp@NoOp|NoOp@NoOp|NoOp@NoOp|Move(E)@Move(E)|NoOp@NoOp|NoOp@NoOp
492020500:NoOp@NoOp|NoOp@NoOp|NoOp@NoOp|NoOp@NoOp|NoOp@NoOp|NoOp@NoOp|NoOp@NoOp|Move(E)@Move(E)|NoOp@NoOp|NoOp@NoOp
492107500:NoOp@NoOp|NoOp@NoOp|NoOp@NoOp|NoOp@NoOp|NoOp@NoOp|NoOp@NoOp|NoOp@NoOp|Move(E)@Move(E)|NoOp@NoOp|NoOp@NoOp
492181900:NoOp@NoOp|NoOp@NoOp|NoOp@NoOp|NoOp@NoOp|NoOp@NoOp|NoOp@NoOp|NoOp@NoOp|Move(N)@Move(N)|NoOp@NoOp|NoOp@NoOp
492280000:NoOp@NoOp|NoOp@NoOp|NoOp@NoOp|NoOp@NoOp|NoOp@NoOp|NoOp@NoOp|NoOp@NoOp|Move(N)@Move(N)|NoOp@NoOp|NoOp@NoOp
492361600:NoOp@NoOp|NoOp@NoOp|NoOp@NoOp|NoOp@NoOp|NoOp@NoOp|NoOp@NoOp|NoOp@NoOp|Move(N)@Move(N)|NoOp@NoOp|NoOp@NoOp
492440600:NoOp@NoOp|NoOp@NoOp|NoOp@NoOp|NoOp@NoOp|NoOp@NoOp|NoOp@NoOp|NoOp@NoOp|Move(N)@Move(N)|NoOp@NoOp|NoOp@NoOp
492529100:NoOp@NoOp|NoOp@NoOp|NoOp@NoOp|NoOp@NoOp|NoOp@NoOp|NoOp@NoOp|NoOp@NoOp|Move(N)@Move(N)|NoOp@NoOp|NoOp@NoOp
492613400:NoOp@NoOp|NoOp@NoOp|NoOp@NoOp|NoOp@NoOp|NoOp@NoOp|NoOp@NoOp|NoOp@NoOp|Move(W)@Move(W)|NoOp@NoOp|NoOp@NoOp
492706100:NoOp@NoOp|NoOp@NoOp|NoOp@NoOp|NoOp@NoOp|NoOp@NoOp|NoOp@NoOp|NoOp@NoOp|Push(W,S)@Push(W,S)|NoOp@NoOp|NoOp@NoOp
492786300:NoOp@NoOp|NoOp@NoOp|NoOp@NoOp|NoOp@NoOp|NoOp@NoOp|NoOp@NoOp|NoOp@NoOp|Push(S,E)@Push(S,E)|NoOp@NoOp|NoOp@NoOp
492871200:NoOp@NoOp|NoOp@NoOp|NoOp@NoOp|NoOp@NoOp|NoOp@NoOp|NoOp@NoOp|NoOp@NoOp|Push(E,E)@Push(E,E)|NoOp@NoOp|NoOp@NoOp
492960100:NoOp@NoOp|NoOp@NoOp|NoOp@NoOp|NoOp@NoOp|NoOp@NoOp|NoOp@NoOp|NoOp@NoOp|Push(E,S)@Push(E,S)|NoOp@NoOp|NoOp@NoOp
493047200:NoOp@NoOp|NoOp@NoOp|NoOp@NoOp|NoOp@NoOp|NoOp@NoOp|NoOp@NoOp|NoOp@NoOp|Push(S,S)@Push(S,S)|NoOp@NoOp|NoOp@NoOp
493125200:NoOp@NoOp|NoOp@NoOp|NoOp@NoOp|NoOp@NoOp|NoOp@NoOp|NoOp@NoOp|NoOp@NoOp|Push(S,S)@Push(S,S)|NoOp@NoOp|NoOp@NoOp
493200700:NoOp@NoOp|NoOp@NoOp|NoOp@NoOp|NoOp@NoOp|NoOp@NoOp|NoOp@NoOp|NoOp@NoOp|Push(S,S)@Push(S,S)|NoOp@NoOp|NoOp@NoOp
493291200:NoOp@NoOp|NoOp@NoOp|NoOp@NoOp|NoOp@NoOp|NoOp@NoOp|NoOp@NoOp|NoOp@NoOp|Push(S,W)@Push(S,W)|NoOp@NoOp|NoOp@NoOp
493362500:NoOp@NoOp|NoOp@NoOp|NoOp@NoOp|NoOp@NoOp|NoOp@NoOp|NoOp@NoOp|NoOp@NoOp|Push(W,W)@Push(W,W)|NoOp@NoOp|NoOp@NoOp
493435600:NoOp@NoOp|NoOp@NoOp|NoOp@NoOp|NoOp@NoOp|NoOp@NoOp|NoOp@NoOp|NoOp@NoOp|Push(W,W)@Push(W,W)|NoOp@NoOp|NoOp@NoOp
493510900:NoOp@NoOp|NoOp@NoOp|NoOp@NoOp|NoOp@NoOp|NoOp@NoOp|NoOp@NoOp|NoOp@NoOp|Push(W,W)@Push(W,W)|NoOp@NoOp|NoOp@NoOp
493578900:NoOp@NoOp|NoOp@NoOp|NoOp@NoOp|NoOp@NoOp|NoOp@NoOp|NoOp@NoOp|NoOp@NoOp|Push(W,W)@Push(W,W)|NoOp@NoOp|NoOp@NoOp
493644500:NoOp@NoOp|NoOp@NoOp|NoOp@NoOp|NoOp@NoOp|NoOp@NoOp|NoOp@NoOp|NoOp@NoOp|Push(W,W)@Push(W,W)|NoOp@NoOp|NoOp@NoOp
493872100:NoOp@NoOp|NoOp@NoOp|NoOp@NoOp|NoOp@NoOp|NoOp@NoOp|NoOp@NoOp|NoOp@NoOp|Push(W,S)@Push(W,S)|NoOp@NoOp|NoOp@NoOp
493968500:NoOp@NoOp|NoOp@NoOp|NoOp@NoOp|NoOp@NoOp|NoOp@NoOp|NoOp@NoOp|NoOp@NoOp|Push(S,S)@Push(S,S)|NoOp@NoOp|NoOp@NoOp
494185500:NoOp@NoOp|NoOp@NoOp|NoOp@NoOp|NoOp@NoOp|NoOp@NoOp|NoOp@NoOp|NoOp@NoOp|Push(S,E)@Push(S,E)|NoOp@NoOp|NoOp@NoOp
494470400:NoOp@NoOp|NoOp@NoOp|NoOp@NoOp|NoOp@NoOp|NoOp@NoOp|NoOp@NoOp|NoOp@NoOp|Push(E,E)@Push(E,E)|NoOp@NoOp|NoOp@NoOp
494661000:NoOp@NoOp|NoOp@NoOp|NoOp@NoOp|NoOp@NoOp|NoOp@NoOp|NoOp@NoOp|NoOp@NoOp|Push(E,E)@Push(E,E)|NoOp@NoOp|NoOp@NoOp
494813400:NoOp@NoOp|NoOp@NoOp|NoOp@NoOp|NoOp@NoOp|NoOp@NoOp|NoOp@NoOp|NoOp@NoOp|Push(E,E)@Push(E,E)|NoOp@NoOp|NoOp@NoOp
494962600:NoOp@NoOp|NoOp@NoOp|NoOp@NoOp|NoOp@NoOp|NoOp@NoOp|NoOp@NoOp|NoOp@NoOp|Push(E,E)@Push(E,E)|NoOp@NoOp|NoOp@NoOp
495099400:NoOp@NoOp|NoOp@NoOp|NoOp@NoOp|NoOp@NoOp|NoOp@NoOp|NoOp@NoOp|NoOp@NoOp|Push(E,E)@Push(E,E)|NoOp@NoOp|NoOp@NoOp
495232600:NoOp@NoOp|NoOp@NoOp|NoOp@NoOp|NoOp@NoOp|NoOp@NoOp|NoOp@NoOp|NoOp@NoOp|Push(E,S)@Push(E,S)|NoOp@NoOp|NoOp@NoOp
495385700:NoOp@NoOp|NoOp@NoOp|NoOp@NoOp|NoOp@NoOp|NoOp@NoOp|NoOp@NoOp|NoOp@NoOp|Push(S,S)@Push(S,S)|NoOp@NoOp|NoOp@NoOp
495519700:NoOp@NoOp|NoOp@NoOp|NoOp@NoOp|NoOp@NoOp|NoOp@NoOp|NoOp@NoOp|NoOp@NoOp|Push(S,E)@Push(S,E)|NoOp@NoOp|NoOp@NoOp
495613500:NoOp@NoOp|NoOp@NoOp|NoOp@NoOp|NoOp@NoOp|NoOp@NoOp|Move(N)@Move(N)|NoOp@NoOp|NoOp@NoOp|NoOp@NoOp|NoOp@NoOp
495692400:NoOp@NoOp|NoOp@NoOp|NoOp@NoOp|NoOp@NoOp|Move(W)@Move(W)|NoOp@NoOp|NoOp@NoOp|NoOp@NoOp|NoOp@NoOp|NoOp@NoOp
495777900:NoOp@NoOp|NoOp@NoOp|NoOp@NoOp|NoOp@NoOp|Move(W)@Move(W)|NoOp@NoOp|NoOp@NoOp|NoOp@NoOp|NoOp@NoOp|NoOp@NoOp
495872200:NoOp@NoOp|NoOp@NoOp|NoOp@NoOp|NoOp@NoOp|Move(W)@Move(W)|NoOp@NoOp|NoOp@NoOp|NoOp@NoOp|NoOp@NoOp|NoOp@NoOp
495958800:NoOp@NoOp|NoOp@NoOp|NoOp@NoOp|NoOp@NoOp|Move(W)@Move(W)|NoOp@NoOp|NoOp@NoOp|NoOp@NoOp|NoOp@NoOp|NoOp@NoOp
496036400:NoOp@NoOp|NoOp@NoOp|NoOp@NoOp|NoOp@NoOp|Move(W)@Move(W)|NoOp@NoOp|NoOp@NoOp|NoOp@NoOp|NoOp@NoOp|NoOp@NoOp
496113500:NoOp@NoOp|NoOp@NoOp|NoOp@NoOp|NoOp@NoOp|Move(W)@Move(W)|NoOp@NoOp|NoOp@NoOp|NoOp@NoOp|NoOp@NoOp|NoOp@NoOp
496189400:NoOp@NoOp|NoOp@NoOp|NoOp@NoOp|NoOp@NoOp|Move(W)@Move(W)|NoOp@NoOp|NoOp@NoOp|NoOp@NoOp|NoOp@NoOp|NoOp@NoOp
496280000:NoOp@NoOp|NoOp@NoOp|NoOp@NoOp|NoOp@NoOp|Push(W,S)@Push(W,S)|NoOp@NoOp|NoOp@NoOp|NoOp@NoOp|NoOp@NoOp|NoOp@NoOp
496359300:NoOp@NoOp|NoOp@NoOp|NoOp@NoOp|NoOp@NoOp|Push(S,W)@Push(S,W)|NoOp@NoOp|NoOp@NoOp|NoOp@NoOp|NoOp@NoOp|NoOp@NoOp
496439400:NoOp@NoOp|NoOp@NoOp|NoOp@NoOp|NoOp@NoOp|Push(W,W)@Push(W,W)|NoOp@NoOp|NoOp@NoOp|NoOp@NoOp|NoOp@NoOp|NoOp@NoOp
496519200:NoOp@NoOp|NoOp@NoOp|NoOp@NoOp|NoOp@NoOp|Push(W,W)@Push(W,W)|NoOp@NoOp|NoOp@NoOp|NoOp@NoOp|NoOp@NoOp|NoOp@NoOp
496613400:NoOp@NoOp|NoOp@NoOp|NoOp@NoOp|NoOp@NoOp|Push(W,W)@Push(W,W)|NoOp@NoOp|NoOp@NoOp|NoOp@NoOp|NoOp@NoOp|NoOp@NoOp
496699500:NoOp@NoOp|NoOp@NoOp|NoOp@NoOp|NoOp@NoOp|Push(W,W)@Push(W,W)|NoOp@NoOp|NoOp@NoOp|NoOp@NoOp|NoOp@NoOp|NoOp@NoOp
496796600:NoOp@NoOp|NoOp@NoOp|NoOp@NoOp|NoOp@NoOp|Push(W,W)@Push(W,W)|NoOp@NoOp|NoOp@NoOp|NoOp@NoOp|NoOp@NoOp|NoOp@NoOp
496969200:NoOp@NoOp|NoOp@NoOp|NoOp@NoOp|NoOp@NoOp|Push(W,W)@Push(W,W)|NoOp@NoOp|NoOp@NoOp|NoOp@NoOp|NoOp@NoOp|NoOp@NoOp
497136900:NoOp@NoOp|NoOp@NoOp|NoOp@NoOp|NoOp@NoOp|Push(W,W)@Push(W,W)|NoOp@NoOp|NoOp@NoOp|NoOp@NoOp|NoOp@NoOp|NoOp@NoOp
497204800:NoOp@NoOp|NoOp@NoOp|NoOp@NoOp|NoOp@NoOp|Push(W,W)@Push(W,W)|NoOp@NoOp|NoOp@NoOp|NoOp@NoOp|NoOp@NoOp|NoOp@NoOp
497287100:NoOp@NoOp|NoOp@NoOp|NoOp@NoOp|NoOp@NoOp|Push(W,W)@Push(W,W)|NoOp@NoOp|NoOp@NoOp|NoOp@NoOp|NoOp@NoOp|NoOp@NoOp
497347600:NoOp@NoOp|NoOp@NoOp|NoOp@NoOp|NoOp@NoOp|Push(W,W)@Push(W,W)|NoOp@NoOp|NoOp@NoOp|NoOp@NoOp|NoOp@NoOp|NoOp@NoOp
497408100:NoOp@NoOp|NoOp@NoOp|NoOp@NoOp|NoOp@NoOp|Push(W,W)@Push(W,W)|NoOp@NoOp|NoOp@NoOp|NoOp@NoOp|NoOp@NoOp|NoOp@NoOp
497468900:NoOp@NoOp|NoOp@NoOp|NoOp@NoOp|NoOp@NoOp|Push(W,W)@Push(W,W)|NoOp@NoOp|NoOp@NoOp|NoOp@NoOp|NoOp@NoOp|NoOp@NoOp
497530000:NoOp@NoOp|NoOp@NoOp|NoOp@NoOp|NoOp@NoOp|NoOp@NoOp|Move(S)@Move(S)|NoOp@NoOp|NoOp@NoOp|NoOp@NoOp|NoOp@NoOp
497590900:NoOp@NoOp|NoOp@NoOp|NoOp@NoOp|NoOp@NoOp|NoOp@NoOp|Move(W)@Move(W)|NoOp@NoOp|NoOp@NoOp|NoOp@NoOp|NoOp@NoOp
497651100:NoOp@NoOp|NoOp@NoOp|NoOp@NoOp|NoOp@NoOp|NoOp@NoOp|Move(W)@Move(W)|NoOp@NoOp|NoOp@NoOp|NoOp@NoOp|NoOp@NoOp
497718400:NoOp@NoOp|NoOp@NoOp|NoOp@NoOp|NoOp@NoOp|NoOp@NoOp|Move(W)@Move(W)|NoOp@NoOp|NoOp@NoOp|NoOp@NoOp|NoOp@NoOp
497778600:NoOp@NoOp|NoOp@NoOp|NoOp@NoOp|NoOp@NoOp|NoOp@NoOp|Move(W)@Move(W)|NoOp@NoOp|NoOp@NoOp|NoOp@NoOp|NoOp@NoOp
497845800:NoOp@NoOp|NoOp@NoOp|NoOp@NoOp|NoOp@NoOp|NoOp@NoOp|Move(N)@Move(N)|NoOp@NoOp|NoOp@NoOp|NoOp@NoOp|NoOp@NoOp
497919800:NoOp@NoOp|NoOp@NoOp|NoOp@NoOp|NoOp@NoOp|NoOp@NoOp|Move(W)@Move(W)|NoOp@NoOp|NoOp@NoOp|NoOp@NoOp|NoOp@NoOp
497988400:NoOp@NoOp|NoOp@NoOp|NoOp@NoOp|NoOp@NoOp|NoOp@NoOp|Move(W)@Move(W)|NoOp@NoOp|NoOp@NoOp|NoOp@NoOp|NoOp@NoOp
498049600:NoOp@NoOp|NoOp@NoOp|NoOp@NoOp|NoOp@NoOp|NoOp@NoOp|Move(W)@Move(W)|NoOp@NoOp|NoOp@NoOp|NoOp@NoOp|NoOp@NoOp
498106200:NoOp@NoOp|NoOp@NoOp|NoOp@NoOp|NoOp@NoOp|NoOp@NoOp|Move(W)@Move(W)|NoOp@NoOp|NoOp@NoOp|NoOp@NoOp|NoOp@NoOp
498160300:NoOp@NoOp|NoOp@NoOp|NoOp@NoOp|NoOp@NoOp|NoOp@NoOp|Move(W)@Move(W)|NoOp@NoOp|NoOp@NoOp|NoOp@NoOp|NoOp@NoOp
498222900:NoOp@NoOp|NoOp@NoOp|NoOp@NoOp|NoOp@NoOp|NoOp@NoOp|Move(W)@Move(W)|NoOp@NoOp|NoOp@NoOp|NoOp@NoOp|NoOp@NoOp
498292100:NoOp@NoOp|NoOp@NoOp|NoOp@NoOp|NoOp@NoOp|NoOp@NoOp|Move(N)@Move(N)|NoOp@NoOp|NoOp@NoOp|NoOp@NoOp|NoOp@NoOp
498349000:NoOp@NoOp|NoOp@NoOp|NoOp@NoOp|NoOp@NoOp|NoOp@NoOp|Move(N)@Move(N)|NoOp@NoOp|NoOp@NoOp|NoOp@NoOp|NoOp@NoOp
498411400:NoOp@NoOp|NoOp@NoOp|NoOp@NoOp|NoOp@NoOp|NoOp@NoOp|Move(N)@Move(N)|NoOp@NoOp|NoOp@NoOp|NoOp@NoOp|NoOp@NoOp
498475400:NoOp@NoOp|NoOp@NoOp|NoOp@NoOp|NoOp@NoOp|NoOp@NoOp|Move(N)@Move(N)|NoOp@NoOp|NoOp@NoOp|NoOp@NoOp|NoOp@NoOp
498531500:NoOp@NoOp|NoOp@NoOp|NoOp@NoOp|NoOp@NoOp|NoOp@NoOp|Move(N)@Move(N)|NoOp@NoOp|NoOp@NoOp|NoOp@NoOp|NoOp@NoOp
498586200:NoOp@NoOp|NoOp@NoOp|NoOp@NoOp|NoOp@NoOp|NoOp@NoOp|Move(N)@Move(N)|NoOp@NoOp|NoOp@NoOp|NoOp@NoOp|NoOp@NoOp
498639500:NoOp@NoOp|NoOp@NoOp|NoOp@NoOp|NoOp@NoOp|NoOp@NoOp|Move(N)@Move(N)|NoOp@NoOp|NoOp@NoOp|NoOp@NoOp|NoOp@NoOp
498698300:NoOp@NoOp|NoOp@NoOp|NoOp@NoOp|NoOp@NoOp|NoOp@NoOp|Move(N)@Move(N)|NoOp@NoOp|NoOp@NoOp|NoOp@NoOp|NoOp@NoOp
498766800:NoOp@NoOp|NoOp@NoOp|NoOp@NoOp|NoOp@NoOp|NoOp@NoOp|Move(N)@Move(N)|NoOp@NoOp|NoOp@NoOp|NoOp@NoOp|NoOp@NoOp
498838900:NoOp@NoOp|NoOp@NoOp|NoOp@NoOp|NoOp@NoOp|NoOp@NoOp|Move(E)@Move(E)|NoOp@NoOp|NoOp@NoOp|NoOp@NoOp|NoOp@NoOp
498900900:NoOp@NoOp|NoOp@NoOp|NoOp@NoOp|NoOp@NoOp|NoOp@NoOp|Move(E)@Move(E)|NoOp@NoOp|NoOp@NoOp|NoOp@NoOp|NoOp@NoOp
498962000:NoOp@NoOp|NoOp@NoOp|NoOp@NoOp|NoOp@NoOp|NoOp@NoOp|Move(S)@Move(S)|NoOp@NoOp|NoOp@NoOp|NoOp@NoOp|NoOp@NoOp
499022300:NoOp@NoOp|NoOp@NoOp|NoOp@NoOp|NoOp@NoOp|NoOp@NoOp|Move(E)@Move(E)|NoOp@NoOp|NoOp@NoOp|NoOp@NoOp|NoOp@NoOp
499082700:NoOp@NoOp|NoOp@NoOp|NoOp@NoOp|NoOp@NoOp|NoOp@NoOp|Push(E,E)@Push(E,E)|NoOp@NoOp|NoOp@NoOp|NoOp@NoOp|NoOp@NoOp
499143200:NoOp@NoOp|NoOp@NoOp|NoOp@NoOp|NoOp@NoOp|NoOp@NoOp|Push(E,E)@Push(E,E)|NoOp@NoOp|NoOp@NoOp|NoOp@NoOp|NoOp@NoOp
499203300:NoOp@NoOp|NoOp@NoOp|NoOp@NoOp|NoOp@NoOp|NoOp@NoOp|Push(E,E)@Push(E,E)|NoOp@NoOp|NoOp@NoOp|NoOp@NoOp|NoOp@NoOp
499263400:NoOp@NoOp|NoOp@NoOp|NoOp@NoOp|NoOp@NoOp|NoOp@NoOp|Push(E,S)@Push(E,S)|NoOp@NoOp|NoOp@NoOp|NoOp@NoOp|NoOp@NoOp
499323500:NoOp@NoOp|NoOp@NoOp|NoOp@NoOp|NoOp@NoOp|NoOp@NoOp|Push(S,S)@Push(S,S)|NoOp@NoOp|NoOp@NoOp|NoOp@NoOp|NoOp@NoOp
499384300:NoOp@NoOp|NoOp@NoOp|NoOp@NoOp|NoOp@NoOp|NoOp@NoOp|Push(S,E)@Push(S,E)|NoOp@NoOp|NoOp@NoOp|NoOp@NoOp|NoOp@NoOp
499444400:NoOp@NoOp|NoOp@NoOp|NoOp@NoOp|NoOp@NoOp|NoOp@NoOp|Push(E,E)@Push(E,E)|NoOp@NoOp|NoOp@NoOp|NoOp@NoOp|NoOp@NoOp
499509200:NoOp@NoOp|NoOp@NoOp|NoOp@NoOp|NoOp@NoOp|NoOp@NoOp|Push(E,E)@Push(E,E)|NoOp@NoOp|NoOp@NoOp|NoOp@NoOp|NoOp@NoOp
499570700:NoOp@NoOp|NoOp@NoOp|NoOp@NoOp|NoOp@NoOp|NoOp@NoOp|Push(E,E)@Push(E,E)|NoOp@NoOp|NoOp@NoOp|NoOp@NoOp|NoOp@NoOp
499630600:NoOp@NoOp|NoOp@NoOp|NoOp@NoOp|NoOp@NoOp|NoOp@NoOp|Push(E,E)@Push(E,E)|NoOp@NoOp|NoOp@NoOp|NoOp@NoOp|NoOp@NoOp
499690500:NoOp@NoOp|NoOp@NoOp|NoOp@NoOp|NoOp@NoOp|NoOp@NoOp|Push(E,E)@Push(E,E)|NoOp@NoOp|NoOp@NoOp|NoOp@NoOp|NoOp@NoOp
499750900:NoOp@NoOp|NoOp@NoOp|NoOp@NoOp|NoOp@NoOp|NoOp@NoOp|Push(E,S)@Push(E,S)|NoOp@NoOp|NoOp@NoOp|NoOp@NoOp|NoOp@NoOp
499813600:NoOp@NoOp|NoOp@NoOp|NoOp@NoOp|NoOp@NoOp|NoOp@NoOp|Push(S,S)@Push(S,S)|NoOp@NoOp|NoOp@NoOp|NoOp@NoOp|NoOp@NoOp
499873900:NoOp@NoOp|NoOp@NoOp|NoOp@NoOp|NoOp@NoOp|NoOp@NoOp|Push(S,E)@Push(S,E)|NoOp@NoOp|NoOp@NoOp|NoOp@NoOp|NoOp@NoOp
499934100:NoOp@NoOp|NoOp@NoOp|NoOp@NoOp|NoOp@NoOp|NoOp@NoOp|Push(E,E)@Push(E,E)|NoOp@NoOp|NoOp@NoOp|NoOp@NoOp|NoOp@NoOp
499994300:NoOp@NoOp|NoOp@NoOp|NoOp@NoOp|NoOp@NoOp|NoOp@NoOp|Push(E,E)@Push(E,E)|NoOp@NoOp|NoOp@NoOp|NoOp@NoOp|NoOp@NoOp
500054400:NoOp@NoOp|NoOp@NoOp|NoOp@NoOp|NoOp@NoOp|NoOp@NoOp|Push(E,E)@Push(E,E)|NoOp@NoOp|NoOp@NoOp|NoOp@NoOp|NoOp@NoOp
500119100:NoOp@NoOp|NoOp@NoOp|NoOp@NoOp|NoOp@NoOp|NoOp@NoOp|Push(E,E)@Push(E,E)|NoOp@NoOp|NoOp@NoOp|NoOp@NoOp|NoOp@NoOp
500182300:NoOp@NoOp|NoOp@NoOp|NoOp@NoOp|NoOp@NoOp|NoOp@NoOp|Push(E,E)@Push(E,E)|NoOp@NoOp|NoOp@NoOp|NoOp@NoOp|NoOp@NoOp
500243100:NoOp@NoOp|NoOp@NoOp|NoOp@NoOp|NoOp@NoOp|NoOp@NoOp|Move(N)@Move(N)|NoOp@NoOp|NoOp@NoOp|NoOp@NoOp|NoOp@NoOp
500303600:NoOp@NoOp|NoOp@NoOp|NoOp@NoOp|NoOp@NoOp|NoOp@NoOp|Move(N)@Move(N)|NoOp@NoOp|NoOp@NoOp|NoOp@NoOp|NoOp@NoOp
500363900:NoOp@NoOp|NoOp@NoOp|NoOp@NoOp|NoOp@NoOp|NoOp@NoOp|Move(N)@Move(N)|NoOp@NoOp|NoOp@NoOp|NoOp@NoOp|NoOp@NoOp
500425700:NoOp@NoOp|NoOp@NoOp|NoOp@NoOp|NoOp@NoOp|NoOp@NoOp|Pull(S,S)@Pull(S,S)|NoOp@NoOp|NoOp@NoOp|NoOp@NoOp|NoOp@NoOp
500485800:NoOp@NoOp|NoOp@NoOp|NoOp@NoOp|NoOp@NoOp|NoOp@NoOp|Pull(S,S)@Pull(S,S)|NoOp@NoOp|NoOp@NoOp|NoOp@NoOp|NoOp@NoOp
500546000:NoOp@NoOp|NoOp@NoOp|NoOp@NoOp|NoOp@NoOp|NoOp@NoOp|Pull(S,S)@Pull(S,S)|NoOp@NoOp|NoOp@NoOp|NoOp@NoOp|NoOp@NoOp
500607900:NoOp@NoOp|NoOp@NoOp|NoOp@NoOp|NoOp@NoOp|NoOp@NoOp|Pull(S,S)@Pull(S,S)|NoOp@NoOp|NoOp@NoOp|NoOp@NoOp|NoOp@NoOp
500667800:NoOp@NoOp|NoOp@NoOp|NoOp@NoOp|NoOp@NoOp|NoOp@NoOp|Pull(S,S)@Pull(S,S)|NoOp@NoOp|NoOp@NoOp|NoOp@NoOp|NoOp@NoOp
500727500:NoOp@NoOp|NoOp@NoOp|NoOp@NoOp|NoOp@NoOp|NoOp@NoOp|Pull(S,S)@Pull(S,S)|NoOp@NoOp|NoOp@NoOp|NoOp@NoOp|NoOp@NoOp
500798200:NoOp@NoOp|NoOp@NoOp|NoOp@NoOp|NoOp@NoOp|NoOp@NoOp|Pull(S,S)@Pull(S,S)|NoOp@NoOp|NoOp@NoOp|NoOp@NoOp|NoOp@NoOp
500872600:NoOp@NoOp|NoOp@NoOp|NoOp@NoOp|NoOp@NoOp|NoOp@NoOp|Pull(S,S)@Pull(S,S)|NoOp@NoOp|NoOp@NoOp|NoOp@NoOp|NoOp@NoOp
500945500:NoOp@NoOp|NoOp@NoOp|NoOp@NoOp|NoOp@NoOp|NoOp@NoOp|Push(N,W)@Push(N,W)|NoOp@NoOp|NoOp@NoOp|NoOp@NoOp|NoOp@NoOp
501017800:NoOp@NoOp|NoOp@NoOp|NoOp@NoOp|NoOp@NoOp|NoOp@NoOp|Push(W,S)@Push(W,S)|NoOp@NoOp|NoOp@NoOp|NoOp@NoOp|NoOp@NoOp
501086600:NoOp@NoOp|NoOp@NoOp|NoOp@NoOp|NoOp@NoOp|NoOp@NoOp|Push(S,W)@Push(S,W)|NoOp@NoOp|NoOp@NoOp|NoOp@NoOp|NoOp@NoOp
501149000:NoOp@NoOp|NoOp@NoOp|NoOp@NoOp|NoOp@NoOp|NoOp@NoOp|Push(W,W)@Push(W,W)|NoOp@NoOp|NoOp@NoOp|NoOp@NoOp|NoOp@NoOp
501211000:NoOp@NoOp|NoOp@NoOp|NoOp@NoOp|NoOp@NoOp|NoOp@NoOp|Push(W,W)@Push(W,W)|NoOp@NoOp|NoOp@NoOp|NoOp@NoOp|NoOp@NoOp
501295400:NoOp@NoOp|NoOp@NoOp|NoOp@NoOp|NoOp@NoOp|NoOp@NoOp|Push(W,W)@Push(W,W)|NoOp@NoOp|NoOp@NoOp|NoOp@NoOp|NoOp@NoOp
501418500:NoOp@NoOp|NoOp@NoOp|NoOp@NoOp|NoOp@NoOp|NoOp@NoOp|Push(W,W)@Push(W,W)|NoOp@NoOp|NoOp@NoOp|NoOp@NoOp|NoOp@NoOp
501534300:NoOp@NoOp|NoOp@NoOp|NoOp@NoOp|NoOp@NoOp|NoOp@NoOp|Push(W,W)@Push(W,W)|NoOp@NoOp|NoOp@NoOp|NoOp@NoOp|NoOp@NoOp
501610500:NoOp@NoOp|NoOp@NoOp|NoOp@NoOp|NoOp@NoOp|NoOp@NoOp|Push(W,W)@Push(W,W)|NoOp@NoOp|NoOp@NoOp|NoOp@NoOp|NoOp@NoOp
501675000:NoOp@NoOp|NoOp@NoOp|NoOp@NoOp|NoOp@NoOp|NoOp@NoOp|Push(W,W)@Push(W,W)|NoOp@NoOp|NoOp@NoOp|NoOp@NoOp|NoOp@NoOp
501733600:NoOp@NoOp|NoOp@NoOp|NoOp@NoOp|NoOp@NoOp|NoOp@NoOp|Push(W,W)@Push(W,W)|NoOp@NoOp|NoOp@NoOp|NoOp@NoOp|NoOp@NoOp
501793300:NoOp@NoOp|NoOp@NoOp|NoOp@NoOp|NoOp@NoOp|NoOp@NoOp|Push(W,W)@Push(W,W)|NoOp@NoOp|NoOp@NoOp|NoOp@NoOp|NoOp@NoOp
501853700:NoOp@NoOp|NoOp@NoOp|NoOp@NoOp|NoOp@NoOp|NoOp@NoOp|Push(W,W)@Push(W,W)|NoOp@NoOp|NoOp@NoOp|NoOp@NoOp|NoOp@NoOp
501913700:NoOp@NoOp|NoOp@NoOp|NoOp@NoOp|NoOp@NoOp|Move(N)@Move(N)|NoOp@NoOp|NoOp@NoOp|NoOp@NoOp|NoOp@NoOp|NoOp@NoOp
501973700:NoOp@NoOp|NoOp@NoOp|NoOp@NoOp|NoOp@NoOp|Move(W)@Move(W)|NoOp@NoOp|NoOp@NoOp|NoOp@NoOp|NoOp@NoOp|NoOp@NoOp
502034400:NoOp@NoOp|NoOp@NoOp|NoOp@NoOp|NoOp@NoOp|Move(W)@Move(W)|NoOp@NoOp|NoOp@NoOp|NoOp@NoOp|NoOp@NoOp|NoOp@NoOp
502094400:NoOp@NoOp|NoOp@NoOp|NoOp@NoOp|NoOp@NoOp|Move(N)@Move(N)|NoOp@NoOp|NoOp@NoOp|NoOp@NoOp|NoOp@NoOp|NoOp@NoOp
502154100:NoOp@NoOp|NoOp@NoOp|NoOp@NoOp|NoOp@NoOp|Move(N)@Move(N)|NoOp@NoOp|NoOp@NoOp|NoOp@NoOp|NoOp@NoOp|NoOp@NoOp
502214200:NoOp@NoOp|NoOp@NoOp|NoOp@NoOp|NoOp@NoOp|Move(N)@Move(N)|NoOp@NoOp|NoOp@NoOp|NoOp@NoOp|NoOp@NoOp|NoOp@NoOp
502273800:NoOp@NoOp|NoOp@NoOp|NoOp@NoOp|NoOp@NoOp|Move(N)@Move(N)|NoOp@NoOp|NoOp@NoOp|NoOp@NoOp|NoOp@NoOp|NoOp@NoOp
502339900:NoOp@NoOp|NoOp@NoOp|NoOp@NoOp|NoOp@NoOp|Move(N)@Move(N)|NoOp@NoOp|NoOp@NoOp|NoOp@NoOp|NoOp@NoOp|NoOp@NoOp
502407500:NoOp@NoOp|NoOp@NoOp|NoOp@NoOp|NoOp@NoOp|Move(N)@Move(N)|NoOp@NoOp|NoOp@NoOp|NoOp@NoOp|NoOp@NoOp|NoOp@NoOp
502471200:NoOp@NoOp|NoOp@NoOp|NoOp@NoOp|NoOp@NoOp|Move(N)@Move(N)|NoOp@NoOp|NoOp@NoOp|NoOp@NoOp|NoOp@NoOp|NoOp@NoOp
502534200:NoOp@NoOp|NoOp@NoOp|NoOp@NoOp|NoOp@NoOp|Move(N)@Move(N)|NoOp@NoOp|NoOp@NoOp|NoOp@NoOp|NoOp@NoOp|NoOp@NoOp
502595100:NoOp@NoOp|NoOp@NoOp|NoOp@NoOp|NoOp@NoOp|Move(N)@Move(N)|NoOp@NoOp|NoOp@NoOp|NoOp@NoOp|NoOp@NoOp|NoOp@NoOp
502658100:NoOp@NoOp|NoOp@NoOp|NoOp@NoOp|NoOp@NoOp|Move(E)@Move(E)|NoOp@NoOp|NoOp@NoOp|NoOp@NoOp|NoOp@NoOp|NoOp@NoOp
502751100:NoOp@NoOp|NoOp@NoOp|NoOp@NoOp|NoOp@NoOp|Move(E)@Move(E)|NoOp@NoOp|NoOp@NoOp|NoOp@NoOp|NoOp@NoOp|NoOp@NoOp
502811200:NoOp@NoOp|NoOp@NoOp|NoOp@NoOp|NoOp@NoOp|Move(S)@Move(S)|NoOp@NoOp|NoOp@NoOp|NoOp@NoOp|NoOp@NoOp|NoOp@NoOp
502871400:NoOp@NoOp|NoOp@NoOp|NoOp@NoOp|NoOp@NoOp|Move(E)@Move(E)|NoOp@NoOp|NoOp@NoOp|NoOp@NoOp|NoOp@NoOp|NoOp@NoOp
502931100:NoOp@NoOp|NoOp@NoOp|NoOp@NoOp|NoOp@NoOp|Move(E)@Move(E)|NoOp@NoOp|NoOp@NoOp|NoOp@NoOp|NoOp@NoOp|NoOp@NoOp
502990900:NoOp@NoOp|NoOp@NoOp|NoOp@NoOp|NoOp@NoOp|Move(E)@Move(E)|NoOp@NoOp|NoOp@NoOp|NoOp@NoOp|NoOp@NoOp|NoOp@NoOp
503050900:NoOp@NoOp|NoOp@NoOp|NoOp@NoOp|NoOp@NoOp|Move(E)@Move(E)|NoOp@NoOp|NoOp@NoOp|NoOp@NoOp|NoOp@NoOp|NoOp@NoOp
503118400:NoOp@NoOp|NoOp@NoOp|NoOp@NoOp|NoOp@NoOp|Move(E)@Move(E)|NoOp@NoOp|NoOp@NoOp|NoOp@NoOp|NoOp@NoOp|NoOp@NoOp
503179300:NoOp@NoOp|NoOp@NoOp|NoOp@NoOp|NoOp@NoOp|Move(S)@Move(S)|NoOp@NoOp|NoOp@NoOp|NoOp@NoOp|NoOp@NoOp|NoOp@NoOp
503239100:NoOp@NoOp|NoOp@NoOp|NoOp@NoOp|NoOp@NoOp|Move(S)@Move(S)|NoOp@NoOp|NoOp@NoOp|NoOp@NoOp|NoOp@NoOp|NoOp@NoOp
503299100:NoOp@NoOp|NoOp@NoOp|NoOp@NoOp|NoOp@NoOp|Move(E)@Move(E)|NoOp@NoOp|NoOp@NoOp|NoOp@NoOp|NoOp@NoOp|NoOp@NoOp
503358900:NoOp@NoOp|NoOp@NoOp|NoOp@NoOp|NoOp@NoOp|Move(E)@Move(E)|NoOp@NoOp|NoOp@NoOp|NoOp@NoOp|NoOp@NoOp|NoOp@NoOp
503418600:NoOp@NoOp|NoOp@NoOp|NoOp@NoOp|NoOp@NoOp|Move(E)@Move(E)|NoOp@NoOp|NoOp@NoOp|NoOp@NoOp|NoOp@NoOp|NoOp@NoOp
503478700:NoOp@NoOp|NoOp@NoOp|NoOp@NoOp|NoOp@NoOp|Move(E)@Move(E)|NoOp@NoOp|NoOp@NoOp|NoOp@NoOp|NoOp@NoOp|NoOp@NoOp
503538200:NoOp@NoOp|NoOp@NoOp|NoOp@NoOp|NoOp@NoOp|Move(E)@Move(E)|NoOp@NoOp|NoOp@NoOp|NoOp@NoOp|NoOp@NoOp|NoOp@NoOp
503597700:NoOp@NoOp|NoOp@NoOp|NoOp@NoOp|NoOp@NoOp|Move(E)@Move(E)|NoOp@NoOp|NoOp@NoOp|NoOp@NoOp|NoOp@NoOp|NoOp@NoOp
503657300:NoOp@NoOp|NoOp@NoOp|NoOp@NoOp|NoOp@NoOp|Move(S)@Move(S)|NoOp@NoOp|NoOp@NoOp|NoOp@NoOp|NoOp@NoOp|NoOp@NoOp
503720800:NoOp@NoOp|NoOp@NoOp|NoOp@NoOp|NoOp@NoOp|Move(S)@Move(S)|NoOp@NoOp|NoOp@NoOp|NoOp@NoOp|NoOp@NoOp|NoOp@NoOp
503780500:NoOp@NoOp|NoOp@NoOp|NoOp@NoOp|NoOp@NoOp|Move(S)@Move(S)|NoOp@NoOp|NoOp@NoOp|NoOp@NoOp|NoOp@NoOp|NoOp@NoOp
503840100:NoOp@NoOp|NoOp@NoOp|NoOp@NoOp|NoOp@NoOp|Move(S)@Move(S)|NoOp@NoOp|NoOp@NoOp|NoOp@NoOp|NoOp@NoOp|NoOp@NoOp
503899800:NoOp@NoOp|NoOp@NoOp|NoOp@NoOp|NoOp@NoOp|Move(E)@Move(E)|NoOp@NoOp|NoOp@NoOp|NoOp@NoOp|NoOp@NoOp|NoOp@NoOp
503959700:NoOp@NoOp|NoOp@NoOp|NoOp@NoOp|NoOp@NoOp|Move(E)@Move(E)|NoOp@NoOp|NoOp@NoOp|NoOp@NoOp|NoOp@NoOp|NoOp@NoOp
504019200:NoOp@NoOp|NoOp@NoOp|NoOp@NoOp|NoOp@NoOp|Move(E)@Move(E)|NoOp@NoOp|NoOp@NoOp|NoOp@NoOp|NoOp@NoOp|NoOp@NoOp
504078900:NoOp@NoOp|NoOp@NoOp|NoOp@NoOp|NoOp@NoOp|Move(E)@Move(E)|NoOp@NoOp|NoOp@NoOp|NoOp@NoOp|NoOp@NoOp|NoOp@NoOp
504138500:NoOp@NoOp|NoOp@NoOp|NoOp@NoOp|NoOp@NoOp|Move(E)@Move(E)|NoOp@NoOp|NoOp@NoOp|NoOp@NoOp|NoOp@NoOp|NoOp@NoOp
504198100:NoOp@NoOp|NoOp@NoOp|NoOp@NoOp|NoOp@NoOp|Move(S)@Move(S)|NoOp@NoOp|NoOp@NoOp|NoOp@NoOp|NoOp@NoOp|NoOp@NoOp
504257500:NoOp@NoOp|NoOp@NoOp|NoOp@NoOp|NoOp@NoOp|Move(S)@Move(S)|NoOp@NoOp|NoOp@NoOp|NoOp@NoOp|NoOp@NoOp|NoOp@NoOp
504320800:NoOp@NoOp|NoOp@NoOp|NoOp@NoOp|NoOp@NoOp|Move(E)@Move(E)|NoOp@NoOp|NoOp@NoOp|NoOp@NoOp|NoOp@NoOp|NoOp@NoOp
504380800:NoOp@NoOp|NoOp@NoOp|NoOp@NoOp|NoOp@NoOp|Move(E)@Move(E)|NoOp@NoOp|NoOp@NoOp|NoOp@NoOp|NoOp@NoOp|NoOp@NoOp
504440400:NoOp@NoOp|NoOp@NoOp|NoOp@NoOp|NoOp@NoOp|Move(E)@Move(E)|NoOp@NoOp|NoOp@NoOp|NoOp@NoOp|NoOp@NoOp|NoOp@NoOp
504504200:NoOp@NoOp|NoOp@NoOp|NoOp@NoOp|NoOp@NoOp|Move(E)@Move(E)|NoOp@NoOp|NoOp@NoOp|NoOp@NoOp|NoOp@NoOp|NoOp@NoOp
504563800:NoOp@NoOp|NoOp@NoOp|NoOp@NoOp|NoOp@NoOp|Move(S)@Move(S)|NoOp@NoOp|NoOp@NoOp|NoOp@NoOp|NoOp@NoOp|NoOp@NoOp
504623700:Move(S)@Move(S)|NoOp@NoOp|NoOp@NoOp|NoOp@NoOp|NoOp@NoOp|NoOp@NoOp|NoOp@NoOp|NoOp@NoOp|NoOp@NoOp|NoOp@NoOp
504684100:Move(E)@Move(E)|NoOp@NoOp|NoOp@NoOp|NoOp@NoOp|NoOp@NoOp|NoOp@NoOp|NoOp@NoOp|NoOp@NoOp|NoOp@NoOp|NoOp@NoOp
504744100:Move(E)@Move(E)|NoOp@NoOp|NoOp@NoOp|NoOp@NoOp|NoOp@NoOp|NoOp@NoOp|NoOp@NoOp|NoOp@NoOp|NoOp@NoOp|NoOp@NoOp
504804300:Move(S)@Move(S)|NoOp@NoOp|NoOp@NoOp|NoOp@NoOp|NoOp@NoOp|NoOp@NoOp|NoOp@NoOp|NoOp@NoOp|NoOp@NoOp|NoOp@NoOp
504864000:Move(E)@Move(E)|NoOp@NoOp|NoOp@NoOp|NoOp@NoOp|NoOp@NoOp|NoOp@NoOp|NoOp@NoOp|NoOp@NoOp|NoOp@NoOp|NoOp@NoOp
504934000:Move(E)@Move(E)|NoOp@NoOp|NoOp@NoOp|NoOp@NoOp|NoOp@NoOp|NoOp@NoOp|NoOp@NoOp|NoOp@NoOp|NoOp@NoOp|NoOp@NoOp
504999100:Move(E)@Move(E)|NoOp@NoOp|NoOp@NoOp|NoOp@NoOp|NoOp@NoOp|NoOp@NoOp|NoOp@NoOp|NoOp@NoOp|NoOp@NoOp|NoOp@NoOp
505060900:Move(E)@Move(E)|NoOp@NoOp|NoOp@NoOp|NoOp@NoOp|NoOp@NoOp|NoOp@NoOp|NoOp@NoOp|NoOp@NoOp|NoOp@NoOp|NoOp@NoOp
505120400:Move(E)@Move(E)|NoOp@NoOp|NoOp@NoOp|NoOp@NoOp|NoOp@NoOp|NoOp@NoOp|NoOp@NoOp|NoOp@NoOp|NoOp@NoOp|NoOp@NoOp
505183600:Move(S)@Move(S)|NoOp@NoOp|NoOp@NoOp|NoOp@NoOp|NoOp@NoOp|NoOp@NoOp|NoOp@NoOp|NoOp@NoOp|NoOp@NoOp|NoOp@NoOp
505244200:Move(S)@Move(S)|NoOp@NoOp|NoOp@NoOp|NoOp@NoOp|NoOp@NoOp|NoOp@NoOp|NoOp@NoOp|NoOp@NoOp|NoOp@NoOp|NoOp@NoOp
505304500:Pull(E,E)@Pull(E,E)|NoOp@NoOp|NoOp@NoOp|NoOp@NoOp|NoOp@NoOp|NoOp@NoOp|NoOp@NoOp|NoOp@NoOp|NoOp@NoOp|NoOp@NoOp
505367200:Push(W,N)@Push(W,N)|NoOp@NoOp|NoOp@NoOp|NoOp@NoOp|NoOp@NoOp|NoOp@NoOp|NoOp@NoOp|NoOp@NoOp|NoOp@NoOp|NoOp@NoOp
505429200:Push(N,N)@Push(N,N)|NoOp@NoOp|NoOp@NoOp|NoOp@NoOp|NoOp@NoOp|NoOp@NoOp|NoOp@NoOp|NoOp@NoOp|NoOp@NoOp|NoOp@NoOp
505493800:Push(N,W)@Push(N,W)|NoOp@NoOp|NoOp@NoOp|NoOp@NoOp|NoOp@NoOp|NoOp@NoOp|NoOp@NoOp|NoOp@NoOp|NoOp@NoOp|NoOp@NoOp
505554000:Push(W,W)@Push(W,W)|NoOp@NoOp|NoOp@NoOp|NoOp@NoOp|NoOp@NoOp|NoOp@NoOp|NoOp@NoOp|NoOp@NoOp|NoOp@NoOp|NoOp@NoOp
505614300:Push(W,W)@Push(W,W)|NoOp@NoOp|NoOp@NoOp|NoOp@NoOp|NoOp@NoOp|NoOp@NoOp|NoOp@NoOp|NoOp@NoOp|NoOp@NoOp|NoOp@NoOp
505674500:NoOp@NoOp|Move(W)@Move(W)|NoOp@NoOp|NoOp@NoOp|NoOp@NoOp|NoOp@NoOp|NoOp@NoOp|NoOp@NoOp|NoOp@NoOp|NoOp@NoOp
505732800:NoOp@NoOp|Move(N)@Move(N)|NoOp@NoOp|NoOp@NoOp|NoOp@NoOp|NoOp@NoOp|NoOp@NoOp|NoOp@NoOp|NoOp@NoOp|NoOp@NoOp
505793700:NoOp@NoOp|Move(N)@Move(N)|NoOp@NoOp|NoOp@NoOp|NoOp@NoOp|NoOp@NoOp|NoOp@NoOp|NoOp@NoOp|NoOp@NoOp|NoOp@NoOp
505853500:NoOp@NoOp|Move(E)@Move(E)|NoOp@NoOp|NoOp@NoOp|NoOp@NoOp|NoOp@NoOp|NoOp@NoOp|NoOp@NoOp|NoOp@NoOp|NoOp@NoOp
505913800:NoOp@NoOp|Move(E)@Move(E)|NoOp@NoOp|NoOp@NoOp|NoOp@NoOp|NoOp@NoOp|NoOp@NoOp|NoOp@NoOp|NoOp@NoOp|NoOp@NoOp
505973900:NoOp@NoOp|Pull(W,W)@Pull(W,W)|NoOp@NoOp|NoOp@NoOp|NoOp@NoOp|NoOp@NoOp|NoOp@NoOp|NoOp@NoOp|NoOp@NoOp|NoOp@NoOp
506034300:NoOp@NoOp|Pull(W,W)@Pull(W,W)|NoOp@NoOp|NoOp@NoOp|NoOp@NoOp|NoOp@NoOp|NoOp@NoOp|NoOp@NoOp|NoOp@NoOp|NoOp@NoOp
506094500:NoOp@NoOp|Pull(W,W)@Pull(W,W)|NoOp@NoOp|NoOp@NoOp|NoOp@NoOp|NoOp@NoOp|NoOp@NoOp|NoOp@NoOp|NoOp@NoOp|NoOp@NoOp
506154200:NoOp@NoOp|Push(E,S)@Push(E,S)|NoOp@NoOp|NoOp@NoOp|NoOp@NoOp|NoOp@NoOp|NoOp@NoOp|NoOp@NoOp|NoOp@NoOp|NoOp@NoOp
506214600:NoOp@NoOp|Push(S,S)@Push(S,S)|NoOp@NoOp|NoOp@NoOp|NoOp@NoOp|NoOp@NoOp|NoOp@NoOp|NoOp@NoOp|NoOp@NoOp|NoOp@NoOp
506274700:NoOp@NoOp|Push(S,W)@Push(S,W)|NoOp@NoOp|NoOp@NoOp|NoOp@NoOp|NoOp@NoOp|NoOp@NoOp|NoOp@NoOp|NoOp@NoOp|NoOp@NoOp
506334900:NoOp@NoOp|Push(W,S)@Push(W,S)|NoOp@NoOp|NoOp@NoOp|NoOp@NoOp|NoOp@NoOp|NoOp@NoOp|NoOp@NoOp|NoOp@NoOp|NoOp@NoOp
506395200:NoOp@NoOp|Push(S,S)@Push(S,S)|NoOp@NoOp|NoOp@NoOp|NoOp@NoOp|NoOp@NoOp|NoOp@NoOp|NoOp@NoOp|NoOp@NoOp|NoOp@NoOp
506455200:NoOp@NoOp|Push(S,W)@Push(S,W)|NoOp@NoOp|NoOp@NoOp|NoOp@NoOp|NoOp@NoOp|NoOp@NoOp|NoOp@NoOp|NoOp@NoOp|NoOp@NoOp
506518200:NoOp@NoOp|Push(W,W)@Push(W,W)|NoOp@NoOp|NoOp@NoOp|NoOp@NoOp|NoOp@NoOp|NoOp@NoOp|NoOp@NoOp|NoOp@NoOp|NoOp@NoOp
506578200:NoOp@NoOp|Push(W,W)@Push(W,W)|NoOp@NoOp|NoOp@NoOp|NoOp@NoOp|NoOp@NoOp|NoOp@NoOp|NoOp@NoOp|NoOp@NoOp|NoOp@NoOp
506638400:NoOp@NoOp|Push(W,W)@Push(W,W)|NoOp@NoOp|NoOp@NoOp|NoOp@NoOp|NoOp@NoOp|NoOp@NoOp|NoOp@NoOp|NoOp@NoOp|NoOp@NoOp
506709400:NoOp@NoOp|Push(W,W)@Push(W,W)|NoOp@NoOp|NoOp@NoOp|NoOp@NoOp|NoOp@NoOp|NoOp@NoOp|NoOp@NoOp|NoOp@NoOp|NoOp@NoOp
506771700:NoOp@NoOp|Move(N)@Move(N)|NoOp@NoOp|NoOp@NoOp|NoOp@NoOp|NoOp@NoOp|NoOp@NoOp|NoOp@NoOp|NoOp@NoOp|NoOp@NoOp
506831500:NoOp@NoOp|Move(E)@Move(E)|NoOp@NoOp|NoOp@NoOp|NoOp@NoOp|NoOp@NoOp|NoOp@NoOp|NoOp@NoOp|NoOp@NoOp|NoOp@NoOp
506894500:Move(E)@Move(E)|NoOp@NoOp|NoOp@NoOp|NoOp@NoOp|NoOp@NoOp|NoOp@NoOp|NoOp@NoOp|NoOp@NoOp|NoOp@NoOp|NoOp@NoOp
506954100:Move(N)@Move(N)|NoOp@NoOp|NoOp@NoOp|NoOp@NoOp|NoOp@NoOp|NoOp@NoOp|NoOp@NoOp|NoOp@NoOp|NoOp@NoOp|NoOp@NoOp
507013700:Move(N)@Move(N)|NoOp@NoOp|NoOp@NoOp|NoOp@NoOp|NoOp@NoOp|NoOp@NoOp|NoOp@NoOp|NoOp@NoOp|NoOp@NoOp|NoOp@NoOp
507073400:Move(W)@Move(W)|NoOp@NoOp|NoOp@NoOp|NoOp@NoOp|NoOp@NoOp|NoOp@NoOp|NoOp@NoOp|NoOp@NoOp|NoOp@NoOp|NoOp@NoOp
507133400:Move(W)@Move(W)|NoOp@NoOp|NoOp@NoOp|NoOp@NoOp|NoOp@NoOp|NoOp@NoOp|NoOp@NoOp|NoOp@NoOp|NoOp@NoOp|NoOp@NoOp
507193200:Move(W)@Move(W)|NoOp@NoOp|NoOp@NoOp|NoOp@NoOp|NoOp@NoOp|NoOp@NoOp|NoOp@NoOp|NoOp@NoOp|NoOp@NoOp|NoOp@NoOp
507257400:Pull(E,E)@Pull(E,E)|NoOp@NoOp|NoOp@NoOp|NoOp@NoOp|NoOp@NoOp|NoOp@NoOp|NoOp@NoOp|NoOp@NoOp|NoOp@NoOp|NoOp@NoOp
507317600:Pull(E,E)@Pull(E,E)|NoOp@NoOp|NoOp@NoOp|NoOp@NoOp|NoOp@NoOp|NoOp@NoOp|NoOp@NoOp|NoOp@NoOp|NoOp@NoOp|NoOp@NoOp
507379300:Pull(E,E)@Pull(E,E)|NoOp@NoOp|NoOp@NoOp|NoOp@NoOp|NoOp@NoOp|NoOp@NoOp|NoOp@NoOp|NoOp@NoOp|NoOp@NoOp|NoOp@NoOp
507439000:Pull(E,E)@Pull(E,E)|NoOp@NoOp|NoOp@NoOp|NoOp@NoOp|NoOp@NoOp|NoOp@NoOp|NoOp@NoOp|NoOp@NoOp|NoOp@NoOp|NoOp@NoOp
507499400:Push(W,S)@Push(W,S)|NoOp@NoOp|NoOp@NoOp|NoOp@NoOp|NoOp@NoOp|NoOp@NoOp|NoOp@NoOp|NoOp@NoOp|NoOp@NoOp|NoOp@NoOp
507559400:Push(S,S)@Push(S,S)|NoOp@NoOp|NoOp@NoOp|NoOp@NoOp|NoOp@NoOp|NoOp@NoOp|NoOp@NoOp|NoOp@NoOp|NoOp@NoOp|NoOp@NoOp
507623200:Push(S,E)@Push(S,E)|NoOp@NoOp|NoOp@NoOp|NoOp@NoOp|NoOp@NoOp|NoOp@NoOp|NoOp@NoOp|NoOp@NoOp|NoOp@NoOp|NoOp@NoOp
507683400:Push(E,S)@Push(E,S)|NoOp@NoOp|NoOp@NoOp|NoOp@NoOp|NoOp@NoOp|NoOp@NoOp|NoOp@NoOp|NoOp@NoOp|NoOp@NoOp|NoOp@NoOp
507758800:Push(S,S)@Push(S,S)|NoOp@NoOp|NoOp@NoOp|NoOp@NoOp|NoOp@NoOp|NoOp@NoOp|NoOp@NoOp|NoOp@NoOp|NoOp@NoOp|NoOp@NoOp
507821300:Push(S,E)@Push(S,E)|NoOp@NoOp|NoOp@NoOp|NoOp@NoOp|NoOp@NoOp|NoOp@NoOp|NoOp@NoOp|NoOp@NoOp|NoOp@NoOp|NoOp@NoOp
507888100:Push(E,E)@Push(E,E)|NoOp@NoOp|NoOp@NoOp|NoOp@NoOp|NoOp@NoOp|NoOp@NoOp|NoOp@NoOp|NoOp@NoOp|NoOp@NoOp|NoOp@NoOp
507953300:Push(E,E)@Push(E,E)|NoOp@NoOp|NoOp@NoOp|NoOp@NoOp|NoOp@NoOp|NoOp@NoOp|NoOp@NoOp|NoOp@NoOp|NoOp@NoOp|NoOp@NoOp
508013400:Push(E,E)@Push(E,E)|NoOp@NoOp|NoOp@NoOp|NoOp@NoOp|NoOp@NoOp|NoOp@NoOp|NoOp@NoOp|NoOp@NoOp|NoOp@NoOp|NoOp@NoOp
508073400:Push(E,E)@Push(E,E)|NoOp@NoOp|NoOp@NoOp|NoOp@NoOp|NoOp@NoOp|NoOp@NoOp|NoOp@NoOp|NoOp@NoOp|NoOp@NoOp|NoOp@NoOp
508136500:Move(N)@Move(N)|NoOp@NoOp|NoOp@NoOp|NoOp@NoOp|NoOp@NoOp|NoOp@NoOp|NoOp@NoOp|NoOp@NoOp|NoOp@NoOp|NoOp@NoOp
508203100:NoOp@NoOp|NoOp@NoOp|Move(W)@Move(W)|NoOp@NoOp|NoOp@NoOp|NoOp@NoOp|NoOp@NoOp|NoOp@NoOp|NoOp@NoOp|NoOp@NoOp
508266200:NoOp@NoOp|NoOp@NoOp|Move(W)@Move(W)|NoOp@NoOp|NoOp@NoOp|NoOp@NoOp|NoOp@NoOp|NoOp@NoOp|NoOp@NoOp|NoOp@NoOp
508326900:NoOp@NoOp|NoOp@NoOp|Move(N)@Move(N)|NoOp@NoOp|NoOp@NoOp|NoOp@NoOp|NoOp@NoOp|NoOp@NoOp|NoOp@NoOp|NoOp@NoOp
508386600:NoOp@NoOp|NoOp@NoOp|Move(N)@Move(N)|NoOp@NoOp|NoOp@NoOp|NoOp@NoOp|NoOp@NoOp|NoOp@NoOp|NoOp@NoOp|NoOp@NoOp
508446400:NoOp@NoOp|NoOp@NoOp|Pull(N,W)@Pull(N,W)|NoOp@NoOp|NoOp@NoOp|NoOp@NoOp|NoOp@NoOp|NoOp@NoOp|NoOp@NoOp|NoOp@NoOp
508509100:NoOp@NoOp|NoOp@NoOp|Pull(N,N)@Pull(N,N)|NoOp@NoOp|NoOp@NoOp|NoOp@NoOp|NoOp@NoOp|NoOp@NoOp|NoOp@NoOp|NoOp@NoOp
508569300:NoOp@NoOp|NoOp@NoOp|Pull(N,N)@Pull(N,N)|NoOp@NoOp|NoOp@NoOp|NoOp@NoOp|NoOp@NoOp|NoOp@NoOp|NoOp@NoOp|NoOp@NoOp
508629600:NoOp@NoOp|NoOp@NoOp|Pull(N,N)@Pull(N,N)|NoOp@NoOp|NoOp@NoOp|NoOp@NoOp|NoOp@NoOp|NoOp@NoOp|NoOp@NoOp|NoOp@NoOp
508690000:NoOp@NoOp|NoOp@NoOp|Push(S,E)@Push(S,E)|NoOp@NoOp|NoOp@NoOp|NoOp@NoOp|NoOp@NoOp|NoOp@NoOp|NoOp@NoOp|NoOp@NoOp
508750400:NoOp@NoOp|NoOp@NoOp|Push(E,N)@Push(E,N)|NoOp@NoOp|NoOp@NoOp|NoOp@NoOp|NoOp@NoOp|NoOp@NoOp|NoOp@NoOp|NoOp@NoOp
508810500:NoOp@NoOp|NoOp@NoOp|Push(N,E)@Push(N,E)|NoOp@NoOp|NoOp@NoOp|NoOp@NoOp|NoOp@NoOp|NoOp@NoOp|NoOp@NoOp|NoOp@NoOp
508872200:NoOp@NoOp|NoOp@NoOp|Push(E,E)@Push(E,E)|NoOp@NoOp|NoOp@NoOp|NoOp@NoOp|NoOp@NoOp|NoOp@NoOp|NoOp@NoOp|NoOp@NoOp
508932200:NoOp@NoOp|NoOp@NoOp|Push(E,E)@Push(E,E)|NoOp@NoOp|NoOp@NoOp|NoOp@NoOp|NoOp@NoOp|NoOp@NoOp|NoOp@NoOp|NoOp@NoOp
508992400:NoOp@NoOp|NoOp@NoOp|Push(E,E)@Push(E,E)|NoOp@NoOp|NoOp@NoOp|NoOp@NoOp|NoOp@NoOp|NoOp@NoOp|NoOp@NoOp|NoOp@NoOp
509052200:NoOp@NoOp|NoOp@NoOp|Push(E,E)@Push(E,E)|NoOp@NoOp|NoOp@NoOp|NoOp@NoOp|NoOp@NoOp|NoOp@NoOp|NoOp@NoOp|NoOp@NoOp
509112000:NoOp@NoOp|NoOp@NoOp|Push(E,S)@Push(E,S)|NoOp@NoOp|NoOp@NoOp|NoOp@NoOp|NoOp@NoOp|NoOp@NoOp|NoOp@NoOp|NoOp@NoOp
509171800:NoOp@NoOp|NoOp@NoOp|Push(S,S)@Push(S,S)|NoOp@NoOp|NoOp@NoOp|NoOp@NoOp|NoOp@NoOp|NoOp@NoOp|NoOp@NoOp|NoOp@NoOp
509235400:NoOp@NoOp|NoOp@NoOp|Push(S,E)@Push(S,E)|NoOp@NoOp|NoOp@NoOp|NoOp@NoOp|NoOp@NoOp|NoOp@NoOp|NoOp@NoOp|NoOp@NoOp
509295700:NoOp@NoOp|NoOp@NoOp|Push(E,S)@Push(E,S)|NoOp@NoOp|NoOp@NoOp|NoOp@NoOp|NoOp@NoOp|NoOp@NoOp|NoOp@NoOp|NoOp@NoOp
509356100:NoOp@NoOp|NoOp@NoOp|Push(S,S)@Push(S,S)|NoOp@NoOp|NoOp@NoOp|NoOp@NoOp|NoOp@NoOp|NoOp@NoOp|NoOp@NoOp|NoOp@NoOp
509428500:NoOp@NoOp|NoOp@NoOp|Push(S,E)@Push(S,E)|NoOp@NoOp|NoOp@NoOp|NoOp@NoOp|NoOp@NoOp|NoOp@NoOp|NoOp@NoOp|NoOp@NoOp
509488500:NoOp@NoOp|NoOp@NoOp|Push(E,E)@Push(E,E)|NoOp@NoOp|NoOp@NoOp|NoOp@NoOp|NoOp@NoOp|NoOp@NoOp|NoOp@NoOp|NoOp@NoOp
509548700:NoOp@NoOp|NoOp@NoOp|Push(E,E)@Push(E,E)|NoOp@NoOp|NoOp@NoOp|NoOp@NoOp|NoOp@NoOp|NoOp@NoOp|NoOp@NoOp|NoOp@NoOp
509608900:NoOp@NoOp|NoOp@NoOp|Push(E,N)@Push(E,N)|NoOp@NoOp|NoOp@NoOp|NoOp@NoOp|NoOp@NoOp|NoOp@NoOp|NoOp@NoOp|NoOp@NoOp
509669200:NoOp@NoOp|NoOp@NoOp|Push(N,N)@Push(N,N)|NoOp@NoOp|NoOp@NoOp|NoOp@NoOp|NoOp@NoOp|NoOp@NoOp|NoOp@NoOp|NoOp@NoOp
509729000:NoOp@NoOp|NoOp@NoOp|Push(N,N)@Push(N,N)|NoOp@NoOp|NoOp@NoOp|NoOp@NoOp|NoOp@NoOp|NoOp@NoOp|NoOp@NoOp|NoOp@NoOp
509789000:NoOp@NoOp|NoOp@NoOp|Push(N,N)@Push(N,N)|NoOp@NoOp|NoOp@NoOp|NoOp@NoOp|NoOp@NoOp|NoOp@NoOp|NoOp@NoOp|NoOp@NoOp
509849100:NoOp@NoOp|NoOp@NoOp|Push(N,E)@Push(N,E)|NoOp@NoOp|NoOp@NoOp|NoOp@NoOp|NoOp@NoOp|NoOp@NoOp|NoOp@NoOp|NoOp@NoOp
509909400:NoOp@NoOp|NoOp@NoOp|Push(E,E)@Push(E,E)|NoOp@NoOp|NoOp@NoOp|NoOp@NoOp|NoOp@NoOp|NoOp@NoOp|NoOp@NoOp|NoOp@NoOp
509970000:NoOp@NoOp|NoOp@NoOp|Push(E,E)@Push(E,E)|NoOp@NoOp|NoOp@NoOp|NoOp@NoOp|NoOp@NoOp|NoOp@NoOp|NoOp@NoOp|NoOp@NoOp
510029900:NoOp@NoOp|NoOp@NoOp|Push(E,E)@Push(E,E)|NoOp@NoOp|NoOp@NoOp|NoOp@NoOp|NoOp@NoOp|NoOp@NoOp|NoOp@NoOp|NoOp@NoOp
510089800:NoOp@NoOp|NoOp@NoOp|Push(E,E)@Push(E,E)|NoOp@NoOp|NoOp@NoOp|NoOp@NoOp|NoOp@NoOp|NoOp@NoOp|NoOp@NoOp|NoOp@NoOp
510149500:NoOp@NoOp|NoOp@NoOp|Push(E,E)@Push(E,E)|NoOp@NoOp|NoOp@NoOp|NoOp@NoOp|NoOp@NoOp|NoOp@NoOp|NoOp@NoOp|NoOp@NoOp
510217400:NoOp@NoOp|NoOp@NoOp|Push(E,S)@Push(E,S)|NoOp@NoOp|NoOp@NoOp|NoOp@NoOp|NoOp@NoOp|NoOp@NoOp|NoOp@NoOp|NoOp@NoOp
510277500:NoOp@NoOp|NoOp@NoOp|Push(S,S)@Push(S,S)|NoOp@NoOp|NoOp@NoOp|NoOp@NoOp|NoOp@NoOp|NoOp@NoOp|NoOp@NoOp|NoOp@NoOp
510337500:NoOp@NoOp|NoOp@NoOp|Push(S,E)@Push(S,E)|NoOp@NoOp|NoOp@NoOp|NoOp@NoOp|NoOp@NoOp|NoOp@NoOp|NoOp@NoOp|NoOp@NoOp
510399700:NoOp@NoOp|NoOp@NoOp|Push(E,E)@Push(E,E)|NoOp@NoOp|NoOp@NoOp|NoOp@NoOp|NoOp@NoOp|NoOp@NoOp|NoOp@NoOp|NoOp@NoOp
510459600:NoOp@NoOp|NoOp@NoOp|Push(E,S)@Push(E,S)|NoOp@NoOp|NoOp@NoOp|NoOp@NoOp|NoOp@NoOp|NoOp@NoOp|NoOp@NoOp|NoOp@NoOp
510523600:NoOp@NoOp|NoOp@NoOp|Push(S,S)@Push(S,S)|NoOp@NoOp|NoOp@NoOp|NoOp@NoOp|NoOp@NoOp|NoOp@NoOp|NoOp@NoOp|NoOp@NoOp
510583400:NoOp@NoOp|NoOp@NoOp|Push(S,S)@Push(S,S)|NoOp@NoOp|NoOp@NoOp|NoOp@NoOp|NoOp@NoOp|NoOp@NoOp|NoOp@NoOp|NoOp@NoOp
510646900:NoOp@NoOp|NoOp@NoOp|Push(S,S)@Push(S,S)|NoOp@NoOp|NoOp@NoOp|NoOp@NoOp|NoOp@NoOp|NoOp@NoOp|NoOp@NoOp|NoOp@NoOp
510709600:NoOp@NoOp|NoOp@NoOp|Push(S,S)@Push(S,S)|NoOp@NoOp|NoOp@NoOp|NoOp@NoOp|NoOp@NoOp|NoOp@NoOp|NoOp@NoOp|NoOp@NoOp
510769800:NoOp@NoOp|NoOp@NoOp|Push(S,W)@Push(S,W)|NoOp@NoOp|NoOp@NoOp|NoOp@NoOp|NoOp@NoOp|NoOp@NoOp|NoOp@NoOp|NoOp@NoOp
510830000:NoOp@NoOp|NoOp@NoOp|Push(W,W)@Push(W,W)|NoOp@NoOp|NoOp@NoOp|NoOp@NoOp|NoOp@NoOp|NoOp@NoOp|NoOp@NoOp|NoOp@NoOp
510890400:NoOp@NoOp|NoOp@NoOp|NoOp@NoOp|Move(S)@Move(S)|NoOp@NoOp|NoOp@NoOp|NoOp@NoOp|NoOp@NoOp|NoOp@NoOp|NoOp@NoOp
510954700:NoOp@NoOp|NoOp@NoOp|NoOp@NoOp|Move(E)@Move(E)|NoOp@NoOp|NoOp@NoOp|NoOp@NoOp|NoOp@NoOp|NoOp@NoOp|NoOp@NoOp
511047600:NoOp@NoOp|NoOp@NoOp|NoOp@NoOp|Move(S)@Move(S)|NoOp@NoOp|NoOp@NoOp|NoOp@NoOp|NoOp@NoOp|NoOp@NoOp|NoOp@NoOp
511145000:NoOp@NoOp|NoOp@NoOp|NoOp@NoOp|Move(S)@Move(S)|NoOp@NoOp|NoOp@NoOp|NoOp@NoOp|NoOp@NoOp|NoOp@NoOp|NoOp@NoOp
511322700:NoOp@NoOp|NoOp@NoOp|NoOp@NoOp|Move(E)@Move(E)|NoOp@NoOp|NoOp@NoOp|NoOp@NoOp|NoOp@NoOp|NoOp@NoOp|NoOp@NoOp
511408800:NoOp@NoOp|NoOp@NoOp|NoOp@NoOp|Move(E)@Move(E)|NoOp@NoOp|NoOp@NoOp|NoOp@NoOp|NoOp@NoOp|NoOp@NoOp|NoOp@NoOp
511478400:NoOp@NoOp|NoOp@NoOp|NoOp@NoOp|Move(E)@Move(E)|NoOp@NoOp|NoOp@NoOp|NoOp@NoOp|NoOp@NoOp|NoOp@NoOp|NoOp@NoOp
511543400:NoOp@NoOp|NoOp@NoOp|NoOp@NoOp|Move(E)@Move(E)|NoOp@NoOp|NoOp@NoOp|NoOp@NoOp|NoOp@NoOp|NoOp@NoOp|NoOp@NoOp
511607500:NoOp@NoOp|NoOp@NoOp|NoOp@NoOp|Move(E)@Move(E)|NoOp@NoOp|NoOp@NoOp|NoOp@NoOp|NoOp@NoOp|NoOp@NoOp|NoOp@NoOp
511669700:NoOp@NoOp|NoOp@NoOp|NoOp@NoOp|Move(E)@Move(E)|NoOp@NoOp|NoOp@NoOp|NoOp@NoOp|NoOp@NoOp|NoOp@NoOp|NoOp@NoOp
511724600:NoOp@NoOp|NoOp@NoOp|NoOp@NoOp|Move(E)@Move(E)|NoOp@NoOp|NoOp@NoOp|NoOp@NoOp|NoOp@NoOp|NoOp@NoOp|NoOp@NoOp
511777900:NoOp@NoOp|NoOp@NoOp|NoOp@NoOp|Move(E)@Move(E)|NoOp@NoOp|NoOp@NoOp|NoOp@NoOp|NoOp@NoOp|NoOp@NoOp|NoOp@NoOp
511842500:NoOp@NoOp|NoOp@NoOp|NoOp@NoOp|Move(N)@Move(N)|NoOp@NoOp|NoOp@NoOp|NoOp@NoOp|NoOp@NoOp|NoOp@NoOp|NoOp@NoOp
511904000:NoOp@NoOp|NoOp@NoOp|NoOp@NoOp|Move(N)@Move(N)|NoOp@NoOp|NoOp@NoOp|NoOp@NoOp|NoOp@NoOp|NoOp@NoOp|NoOp@NoOp
511958200:NoOp@NoOp|NoOp@NoOp|NoOp@NoOp|Move(N)@Move(N)|NoOp@NoOp|NoOp@NoOp|NoOp@NoOp|NoOp@NoOp|NoOp@NoOp|NoOp@NoOp
512011900:NoOp@NoOp|NoOp@NoOp|NoOp@NoOp|Move(N)@Move(N)|NoOp@NoOp|NoOp@NoOp|NoOp@NoOp|NoOp@NoOp|NoOp@NoOp|NoOp@NoOp
512077500:NoOp@NoOp|NoOp@NoOp|NoOp@NoOp|Move(N)@Move(N)|NoOp@NoOp|NoOp@NoOp|NoOp@NoOp|NoOp@NoOp|NoOp@NoOp|NoOp@NoOp
512140000:NoOp@NoOp|NoOp@NoOp|NoOp@NoOp|Move(N)@Move(N)|NoOp@NoOp|NoOp@NoOp|NoOp@NoOp|NoOp@NoOp|NoOp@NoOp|NoOp@NoOp
512195100:NoOp@NoOp|NoOp@NoOp|NoOp@NoOp|Pull(E,E)@Pull(E,E)|NoOp@NoOp|NoOp@NoOp|NoOp@NoOp|NoOp@NoOp|NoOp@NoOp|NoOp@NoOp
512249100:NoOp@NoOp|NoOp@NoOp|NoOp@NoOp|Push(W,N)@Push(W,N)|NoOp@NoOp|NoOp@NoOp|NoOp@NoOp|NoOp@NoOp|NoOp@NoOp|NoOp@NoOp
512303800:NoOp@NoOp|NoOp@NoOp|NoOp@NoOp|Push(N,N)@Push(N,N)|NoOp@NoOp|NoOp@NoOp|NoOp@NoOp|NoOp@NoOp|NoOp@NoOp|NoOp@NoOp
512367700:NoOp@NoOp|NoOp@NoOp|NoOp@NoOp|Push(N,N)@Push(N,N)|NoOp@NoOp|NoOp@NoOp|NoOp@NoOp|NoOp@NoOp|NoOp@NoOp|NoOp@NoOp
512432100:NoOp@NoOp|NoOp@NoOp|NoOp@NoOp|Push(N,N)@Push(N,N)|NoOp@NoOp|NoOp@NoOp|NoOp@NoOp|NoOp@NoOp|NoOp@NoOp|NoOp@NoOp
512497700:NoOp@NoOp|NoOp@NoOp|NoOp@NoOp|Push(N,W)@Push(N,W)|NoOp@NoOp|NoOp@NoOp|NoOp@NoOp|NoOp@NoOp|NoOp@NoOp|NoOp@NoOp
512559200:NoOp@NoOp|NoOp@NoOp|NoOp@NoOp|Push(W,W)@Push(W,W)|NoOp@NoOp|NoOp@NoOp|NoOp@NoOp|NoOp@NoOp|NoOp@NoOp|NoOp@NoOp
512620800:NoOp@NoOp|NoOp@NoOp|NoOp@NoOp|Push(W,W)@Push(W,W)|NoOp@NoOp|NoOp@NoOp|NoOp@NoOp|NoOp@NoOp|NoOp@NoOp|NoOp@NoOp
512682200:NoOp@NoOp|NoOp@NoOp|NoOp@NoOp|Push(W,W)@Push(W,W)|NoOp@NoOp|NoOp@NoOp|NoOp@NoOp|NoOp@NoOp|NoOp@NoOp|NoOp@NoOp
512743100:NoOp@NoOp|NoOp@NoOp|NoOp@NoOp|Push(W,W)@Push(W,W)|NoOp@NoOp|NoOp@NoOp|NoOp@NoOp|NoOp@NoOp|NoOp@NoOp|NoOp@NoOp
512804900:NoOp@NoOp|NoOp@NoOp|NoOp@NoOp|Push(W,W)@Push(W,W)|NoOp@NoOp|NoOp@NoOp|NoOp@NoOp|NoOp@NoOp|NoOp@NoOp|NoOp@NoOp
512865600:NoOp@NoOp|NoOp@NoOp|NoOp@NoOp|Push(W,S)@Push(W,S)|NoOp@NoOp|NoOp@NoOp|NoOp@NoOp|NoOp@NoOp|NoOp@NoOp|NoOp@NoOp
512926500:NoOp@NoOp|NoOp@NoOp|NoOp@NoOp|Push(S,S)@Push(S,S)|NoOp@NoOp|NoOp@NoOp|NoOp@NoOp|NoOp@NoOp|NoOp@NoOp|NoOp@NoOp
512987600:NoOp@NoOp|NoOp@NoOp|NoOp@NoOp|Push(S,W)@Push(S,W)|NoOp@NoOp|NoOp@NoOp|NoOp@NoOp|NoOp@NoOp|NoOp@NoOp|NoOp@NoOp
513053300:NoOp@NoOp|NoOp@NoOp|NoOp@NoOp|Push(W,W)@Push(W,W)|NoOp@NoOp|NoOp@NoOp|NoOp@NoOp|NoOp@NoOp|NoOp@NoOp|NoOp@NoOp
513144500:NoOp@NoOp|NoOp@NoOp|NoOp@NoOp|Push(W,S)@Push(W,S)|NoOp@NoOp|NoOp@NoOp|NoOp@NoOp|NoOp@NoOp|NoOp@NoOp|NoOp@NoOp
513218200:NoOp@NoOp|NoOp@NoOp|NoOp@NoOp|Push(S,S)@Push(S,S)|NoOp@NoOp|NoOp@NoOp|NoOp@NoOp|NoOp@NoOp|NoOp@NoOp|NoOp@NoOp
513277300:NoOp@NoOp|NoOp@NoOp|NoOp@NoOp|Push(S,W)@Push(S,W)|NoOp@NoOp|NoOp@NoOp|NoOp@NoOp|NoOp@NoOp|NoOp@NoOp|NoOp@NoOp
513339100:NoOp@NoOp|NoOp@NoOp|NoOp@NoOp|Push(W,W)@Push(W,W)|NoOp@NoOp|NoOp@NoOp|NoOp@NoOp|NoOp@NoOp|NoOp@NoOp|NoOp@NoOp
513403100:NoOp@NoOp|NoOp@NoOp|NoOp@NoOp|Push(W,W)@Push(W,W)|NoOp@NoOp|NoOp@NoOp|NoOp@NoOp|NoOp@NoOp|NoOp@NoOp|NoOp@NoOp
513464400:NoOp@NoOp|NoOp@NoOp|NoOp@NoOp|Push(W,N)@Push(W,N)|NoOp@NoOp|NoOp@NoOp|NoOp@NoOp|NoOp@NoOp|NoOp@NoOp|NoOp@NoOp
513525400:NoOp@NoOp|NoOp@NoOp|NoOp@NoOp|Push(N,N)@Push(N,N)|NoOp@NoOp|NoOp@NoOp|NoOp@NoOp|NoOp@NoOp|NoOp@NoOp|NoOp@NoOp
513586400:NoOp@NoOp|NoOp@NoOp|NoOp@NoOp|Push(N,N)@Push(N,N)|NoOp@NoOp|NoOp@NoOp|NoOp@NoOp|NoOp@NoOp|NoOp@NoOp|NoOp@NoOp
513647400:NoOp@NoOp|NoOp@NoOp|NoOp@NoOp|Push(N,N)@Push(N,N)|NoOp@NoOp|NoOp@NoOp|NoOp@NoOp|NoOp@NoOp|NoOp@NoOp|NoOp@NoOp
513708400:NoOp@NoOp|NoOp@NoOp|NoOp@NoOp|Push(N,W)@Push(N,W)|NoOp@NoOp|NoOp@NoOp|NoOp@NoOp|NoOp@NoOp|NoOp@NoOp|NoOp@NoOp
513769200:NoOp@NoOp|NoOp@NoOp|NoOp@NoOp|Push(W,W)@Push(W,W)|NoOp@NoOp|NoOp@NoOp|NoOp@NoOp|NoOp@NoOp|NoOp@NoOp|NoOp@NoOp
513830100:NoOp@NoOp|NoOp@NoOp|NoOp@NoOp|Push(W,W)@Push(W,W)|NoOp@NoOp|NoOp@NoOp|NoOp@NoOp|NoOp@NoOp|NoOp@NoOp|NoOp@NoOp
513890900:NoOp@NoOp|NoOp@NoOp|NoOp@NoOp|Push(W,W)@Push(W,W)|NoOp@NoOp|NoOp@NoOp|NoOp@NoOp|NoOp@NoOp|NoOp@NoOp|NoOp@NoOp
513952300:NoOp@NoOp|NoOp@NoOp|NoOp@NoOp|Push(W,W)@Push(W,W)|NoOp@NoOp|NoOp@NoOp|NoOp@NoOp|NoOp@NoOp|NoOp@NoOp|NoOp@NoOp
514013000:NoOp@NoOp|NoOp@NoOp|NoOp@NoOp|Push(W,S)@Push(W,S)|NoOp@NoOp|NoOp@NoOp|NoOp@NoOp|NoOp@NoOp|NoOp@NoOp|NoOp@NoOp
514073900:NoOp@NoOp|NoOp@NoOp|NoOp@NoOp|Push(S,W)@Push(S,W)|NoOp@NoOp|NoOp@NoOp|NoOp@NoOp|NoOp@NoOp|NoOp@NoOp|NoOp@NoOp
514134800:NoOp@NoOp|NoOp@NoOp|NoOp@NoOp|Push(W,W)@Push(W,W)|NoOp@NoOp|NoOp@NoOp|NoOp@NoOp|NoOp@NoOp|NoOp@NoOp|NoOp@NoOp
514195300:NoOp@NoOp|NoOp@NoOp|NoOp@NoOp|Push(W,S)@Push(W,S)|NoOp@NoOp|NoOp@NoOp|NoOp@NoOp|NoOp@NoOp|NoOp@NoOp|NoOp@NoOp
514256100:NoOp@NoOp|NoOp@NoOp|NoOp@NoOp|Push(S,S)@Push(S,S)|NoOp@NoOp|NoOp@NoOp|NoOp@NoOp|NoOp@NoOp|NoOp@NoOp|NoOp@NoOp
514317200:NoOp@NoOp|NoOp@NoOp|NoOp@NoOp|Push(S,S)@Push(S,S)|NoOp@NoOp|NoOp@NoOp|NoOp@NoOp|NoOp@NoOp|NoOp@NoOp|NoOp@NoOp
514378400:NoOp@NoOp|NoOp@NoOp|NoOp@NoOp|Push(S,S)@Push(S,S)|NoOp@NoOp|NoOp@NoOp|NoOp@NoOp|NoOp@NoOp|NoOp@NoOp|NoOp@NoOp
514439300:NoOp@NoOp|NoOp@NoOp|NoOp@NoOp|Push(S,S)@Push(S,S)|NoOp@NoOp|NoOp@NoOp|NoOp@NoOp|NoOp@NoOp|NoOp@NoOp|NoOp@NoOp
514500500:NoOp@NoOp|NoOp@NoOp|NoOp@NoOp|Push(S,S)@Push(S,S)|NoOp@NoOp|NoOp@NoOp|NoOp@NoOp|NoOp@NoOp|NoOp@NoOp|NoOp@NoOp
514561600:NoOp@NoOp|NoOp@NoOp|NoOp@NoOp|Push(S,S)@Push(S,S)|NoOp@NoOp|NoOp@NoOp|NoOp@NoOp|NoOp@NoOp|NoOp@NoOp|NoOp@NoOp
514622700:NoOp@NoOp|NoOp@NoOp|NoOp@NoOp|Push(S,S)@Push(S,S)|NoOp@NoOp|NoOp@NoOp|NoOp@NoOp|NoOp@NoOp|NoOp@NoOp|NoOp@NoOp
514683900:NoOp@NoOp|NoOp@NoOp|NoOp@NoOp|Push(S,S)@Push(S,S)|NoOp@NoOp|NoOp@NoOp|NoOp@NoOp|NoOp@NoOp|NoOp@NoOp|NoOp@NoOp
514745100:NoOp@NoOp|NoOp@NoOp|NoOp@NoOp|Push(S,E)@Push(S,E)|NoOp@NoOp|NoOp@NoOp|NoOp@NoOp|NoOp@NoOp|NoOp@NoOp|NoOp@NoOp
514805900:NoOp@NoOp|NoOp@NoOp|NoOp@NoOp|Push(E,E)@Push(E,E)|NoOp@NoOp|NoOp@NoOp|NoOp@NoOp|NoOp@NoOp|NoOp@NoOp|NoOp@NoOp
514866700:NoOp@NoOp|NoOp@NoOp|NoOp@NoOp|Push(E,E)@Push(E,E)|NoOp@NoOp|NoOp@NoOp|NoOp@NoOp|NoOp@NoOp|NoOp@NoOp|NoOp@NoOp
514933100:NoOp@NoOp|NoOp@NoOp|NoOp@NoOp|Push(E,E)@Push(E,E)|NoOp@NoOp|NoOp@NoOp|NoOp@NoOp|NoOp@NoOp|NoOp@NoOp|NoOp@NoOp
514996700:NoOp@NoOp|NoOp@NoOp|NoOp@NoOp|Push(E,E)@Push(E,E)|NoOp@NoOp|NoOp@NoOp|NoOp@NoOp|NoOp@NoOp|NoOp@NoOp|NoOp@NoOp
515058600:NoOp@NoOp|NoOp@NoOp|NoOp@NoOp|Push(E,E)@Push(E,E)|NoOp@NoOp|NoOp@NoOp|NoOp@NoOp|NoOp@NoOp|NoOp@NoOp|NoOp@NoOp
515119500:NoOp@NoOp|NoOp@NoOp|NoOp@NoOp|NoOp@NoOp|NoOp@NoOp|Move(E)@Move(E)|NoOp@NoOp|NoOp@NoOp|NoOp@NoOp|NoOp@NoOp
515180500:NoOp@NoOp|NoOp@NoOp|NoOp@NoOp|NoOp@NoOp|Move(N)@Move(N)|NoOp@NoOp|NoOp@NoOp|NoOp@NoOp|NoOp@NoOp|NoOp@NoOp
515241400:NoOp@NoOp|NoOp@NoOp|NoOp@NoOp|NoOp@NoOp|Move(W)@Move(W)|NoOp@NoOp|NoOp@NoOp|NoOp@NoOp|NoOp@NoOp|NoOp@NoOp
515305500:NoOp@NoOp|NoOp@NoOp|NoOp@NoOp|NoOp@NoOp|Move(W)@Move(W)|NoOp@NoOp|NoOp@NoOp|NoOp@NoOp|NoOp@NoOp|NoOp@NoOp
515366200:NoOp@NoOp|NoOp@NoOp|NoOp@NoOp|NoOp@NoOp|Move(W)@Move(W)|NoOp@NoOp|NoOp@NoOp|NoOp@NoOp|NoOp@NoOp|NoOp@NoOp
515426900:NoOp@NoOp|NoOp@NoOp|NoOp@NoOp|NoOp@NoOp|Move(W)@Move(W)|NoOp@NoOp|NoOp@NoOp|NoOp@NoOp|NoOp@NoOp|NoOp@NoOp
515487300:NoOp@NoOp|NoOp@NoOp|NoOp@NoOp|NoOp@NoOp|Move(W)@Move(W)|NoOp@NoOp|NoOp@NoOp|NoOp@NoOp|NoOp@NoOp|NoOp@NoOp
515548000:NoOp@NoOp|NoOp@NoOp|NoOp@NoOp|NoOp@NoOp|Move(W)@Move(W)|NoOp@NoOp|NoOp@NoOp|NoOp@NoOp|NoOp@NoOp|NoOp@NoOp
515608700:NoOp@NoOp|NoOp@NoOp|NoOp@NoOp|NoOp@NoOp|Move(W)@Move(W)|NoOp@NoOp|NoOp@NoOp|NoOp@NoOp|NoOp@NoOp|NoOp@NoOp
515669200:NoOp@NoOp|NoOp@NoOp|NoOp@NoOp|NoOp@NoOp|Move(W)@Move(W)|NoOp@NoOp|NoOp@NoOp|NoOp@NoOp|NoOp@NoOp|NoOp@NoOp
515733400:NoOp@NoOp|NoOp@NoOp|NoOp@NoOp|NoOp@NoOp|Move(W)@Move(W)|NoOp@NoOp|NoOp@NoOp|NoOp@NoOp|NoOp@NoOp|NoOp@NoOp
515795000:NoOp@NoOp|NoOp@NoOp|NoOp@NoOp|NoOp@NoOp|Move(W)@Move(W)|NoOp@NoOp|NoOp@NoOp|NoOp@NoOp|NoOp@NoOp|NoOp@NoOp
515855900:NoOp@NoOp|NoOp@NoOp|NoOp@NoOp|NoOp@NoOp|Move(W)@Move(W)|NoOp@NoOp|NoOp@NoOp|NoOp@NoOp|NoOp@NoOp|NoOp@NoOp
515917000:NoOp@NoOp|NoOp@NoOp|NoOp@NoOp|NoOp@NoOp|Move(W)@Move(W)|NoOp@NoOp|NoOp@NoOp|NoOp@NoOp|NoOp@NoOp|NoOp@NoOp
515977500:NoOp@NoOp|NoOp@NoOp|NoOp@NoOp|NoOp@NoOp|Move(W)@Move(W)|NoOp@NoOp|NoOp@NoOp|NoOp@NoOp|NoOp@NoOp|NoOp@NoOp
516037800:NoOp@NoOp|NoOp@NoOp|NoOp@NoOp|NoOp@NoOp|Move(W)@Move(W)|NoOp@NoOp|NoOp@NoOp|NoOp@NoOp|NoOp@NoOp|NoOp@NoOp
516098700:NoOp@NoOp|NoOp@NoOp|NoOp@NoOp|NoOp@NoOp|Pull(E,E)@Pull(E,E)|NoOp@NoOp|NoOp@NoOp|NoOp@NoOp|NoOp@NoOp|NoOp@NoOp
516160200:NoOp@NoOp|NoOp@NoOp|NoOp@NoOp|NoOp@NoOp|Pull(E,E)@Pull(E,E)|NoOp@NoOp|NoOp@NoOp|NoOp@NoOp|NoOp@NoOp|NoOp@NoOp
516222400:NoOp@NoOp|NoOp@NoOp|NoOp@NoOp|NoOp@NoOp|Pull(E,E)@Pull(E,E)|NoOp@NoOp|NoOp@NoOp|NoOp@NoOp|NoOp@NoOp|NoOp@NoOp
516284800:NoOp@NoOp|NoOp@NoOp|NoOp@NoOp|NoOp@NoOp|Pull(E,E)@Pull(E,E)|NoOp@NoOp|NoOp@NoOp|NoOp@NoOp|NoOp@NoOp|NoOp@NoOp
516345700:NoOp@NoOp|NoOp@NoOp|NoOp@NoOp|NoOp@NoOp|Pull(E,E)@Pull(E,E)|NoOp@NoOp|NoOp@NoOp|NoOp@NoOp|NoOp@NoOp|NoOp@NoOp
516406700:NoOp@NoOp|NoOp@NoOp|NoOp@NoOp|NoOp@NoOp|Pull(E,E)@Pull(E,E)|NoOp@NoOp|NoOp@NoOp|NoOp@NoOp|NoOp@NoOp|NoOp@NoOp
516467500:NoOp@NoOp|NoOp@NoOp|NoOp@NoOp|NoOp@NoOp|Pull(E,E)@Pull(E,E)|NoOp@NoOp|NoOp@NoOp|NoOp@NoOp|NoOp@NoOp|NoOp@NoOp
516528400:NoOp@NoOp|NoOp@NoOp|NoOp@NoOp|NoOp@NoOp|Pull(E,E)@Pull(E,E)|NoOp@NoOp|NoOp@NoOp|NoOp@NoOp|NoOp@NoOp|NoOp@NoOp
516589200:NoOp@NoOp|NoOp@NoOp|NoOp@NoOp|NoOp@NoOp|Pull(E,E)@Pull(E,E)|NoOp@NoOp|NoOp@NoOp|NoOp@NoOp|NoOp@NoOp|NoOp@NoOp
516649800:NoOp@NoOp|NoOp@NoOp|NoOp@NoOp|NoOp@NoOp|Pull(E,E)@Pull(E,E)|NoOp@NoOp|NoOp@NoOp|NoOp@NoOp|NoOp@NoOp|NoOp@NoOp
516710800:NoOp@NoOp|NoOp@NoOp|NoOp@NoOp|NoOp@NoOp|NoOp@NoOp|NoOp@NoOp|NoOp@NoOp|NoOp@NoOp|NoOp@NoOp|Move(W)@Move(W)
516771900:NoOp@NoOp|NoOp@NoOp|NoOp@NoOp|NoOp@NoOp|NoOp@NoOp|NoOp@NoOp|NoOp@NoOp|NoOp@NoOp|NoOp@NoOp|Move(W)@Move(W)
516832600:NoOp@NoOp|NoOp@NoOp|NoOp@NoOp|NoOp@NoOp|NoOp@NoOp|NoOp@NoOp|NoOp@NoOp|NoOp@NoOp|NoOp@NoOp|Move(W)@Move(W)
516893300:NoOp@NoOp|NoOp@NoOp|NoOp@NoOp|NoOp@NoOp|NoOp@NoOp|NoOp@NoOp|NoOp@NoOp|NoOp@NoOp|NoOp@NoOp|Move(W)@Move(W)
516954100:NoOp@NoOp|NoOp@NoOp|NoOp@NoOp|NoOp@NoOp|NoOp@NoOp|NoOp@NoOp|NoOp@NoOp|NoOp@NoOp|NoOp@NoOp|Move(S)@Move(S)
517015400:NoOp@NoOp|NoOp@NoOp|NoOp@NoOp|NoOp@NoOp|NoOp@NoOp|NoOp@NoOp|NoOp@NoOp|NoOp@NoOp|NoOp@NoOp|Move(S)@Move(S)
517076200:NoOp@NoOp|NoOp@NoOp|NoOp@NoOp|NoOp@NoOp|NoOp@NoOp|NoOp@NoOp|NoOp@NoOp|NoOp@NoOp|NoOp@NoOp|Move(E)@Move(E)
517136900:NoOp@NoOp|NoOp@NoOp|NoOp@NoOp|NoOp@NoOp|NoOp@NoOp|NoOp@NoOp|NoOp@NoOp|NoOp@NoOp|NoOp@NoOp|Move(E)@Move(E)
517197900:NoOp@NoOp|NoOp@NoOp|NoOp@NoOp|NoOp@NoOp|NoOp@NoOp|NoOp@NoOp|NoOp@NoOp|NoOp@NoOp|NoOp@NoOp|Move(E)@Move(E)
517269100:NoOp@NoOp|NoOp@NoOp|NoOp@NoOp|NoOp@NoOp|NoOp@NoOp|NoOp@NoOp|NoOp@NoOp|NoOp@NoOp|NoOp@NoOp|Move(E)@Move(E)
517332800:NoOp@NoOp|NoOp@NoOp|NoOp@NoOp|NoOp@NoOp|NoOp@NoOp|NoOp@NoOp|NoOp@NoOp|NoOp@NoOp|NoOp@NoOp|Move(S)@Move(S)
517393600:NoOp@NoOp|NoOp@NoOp|NoOp@NoOp|NoOp@NoOp|NoOp@NoOp|NoOp@NoOp|NoOp@NoOp|NoOp@NoOp|NoOp@NoOp|Move(S)@Move(S)
517454200:NoOp@NoOp|NoOp@NoOp|NoOp@NoOp|NoOp@NoOp|NoOp@NoOp|NoOp@NoOp|NoOp@NoOp|NoOp@NoOp|NoOp@NoOp|Move(E)@Move(E)
517514700:NoOp@NoOp|NoOp@NoOp|NoOp@NoOp|NoOp@NoOp|NoOp@NoOp|NoOp@NoOp|NoOp@NoOp|NoOp@NoOp|NoOp@NoOp|Move(E)@Move(E)
517575300:NoOp@NoOp|NoOp@NoOp|NoOp@NoOp|NoOp@NoOp|NoOp@NoOp|NoOp@NoOp|NoOp@NoOp|NoOp@NoOp|NoOp@NoOp|Move(E)@Move(E)
517635900:NoOp@NoOp|NoOp@NoOp|NoOp@NoOp|NoOp@NoOp|NoOp@NoOp|NoOp@NoOp|NoOp@NoOp|NoOp@NoOp|NoOp@NoOp|Move(E)@Move(E)
517696700:NoOp@NoOp|NoOp@NoOp|NoOp@NoOp|NoOp@NoOp|NoOp@NoOp|NoOp@NoOp|NoOp@NoOp|NoOp@NoOp|NoOp@NoOp|Move(E)@Move(E)
517762000:NoOp@NoOp|NoOp@NoOp|NoOp@NoOp|NoOp@NoOp|NoOp@NoOp|NoOp@NoOp|NoOp@NoOp|NoOp@NoOp|NoOp@NoOp|Move(E)@Move(E)
517822600:NoOp@NoOp|NoOp@NoOp|NoOp@NoOp|NoOp@NoOp|NoOp@NoOp|NoOp@NoOp|NoOp@NoOp|NoOp@NoOp|NoOp@NoOp|Move(N)@Move(N)
517883500:NoOp@NoOp|NoOp@NoOp|NoOp@NoOp|NoOp@NoOp|NoOp@NoOp|NoOp@NoOp|NoOp@NoOp|NoOp@NoOp|NoOp@NoOp|Move(N)@Move(N)
518005700:NoOp@NoOp|NoOp@NoOp|NoOp@NoOp|NoOp@NoOp|NoOp@NoOp|NoOp@NoOp|NoOp@NoOp|NoOp@NoOp|NoOp@NoOp|Move(W)@Move(W)
518106500:NoOp@NoOp|NoOp@NoOp|NoOp@NoOp|NoOp@NoOp|NoOp@NoOp|NoOp@NoOp|NoOp@NoOp|NoOp@NoOp|NoOp@NoOp|Move(W)@Move(W)
518198500:NoOp@NoOp|NoOp@NoOp|NoOp@NoOp|NoOp@NoOp|NoOp@NoOp|NoOp@NoOp|NoOp@NoOp|NoOp@NoOp|NoOp@NoOp|Move(N)@Move(N)
518261800:NoOp@NoOp|NoOp@NoOp|NoOp@NoOp|NoOp@NoOp|NoOp@NoOp|NoOp@NoOp|NoOp@NoOp|NoOp@NoOp|NoOp@NoOp|Move(N)@Move(N)
518322800:NoOp@NoOp|NoOp@NoOp|NoOp@NoOp|NoOp@NoOp|NoOp@NoOp|NoOp@NoOp|NoOp@NoOp|NoOp@NoOp|NoOp@NoOp|Move(N)@Move(N)
518383800:NoOp@NoOp|NoOp@NoOp|NoOp@NoOp|NoOp@NoOp|NoOp@NoOp|NoOp@NoOp|NoOp@NoOp|NoOp@NoOp|NoOp@NoOp|Move(N)@Move(N)
518448300:NoOp@NoOp|NoOp@NoOp|NoOp@NoOp|NoOp@NoOp|NoOp@NoOp|NoOp@NoOp|NoOp@NoOp|NoOp@NoOp|NoOp@NoOp|Move(N)@Move(N)
518510000:NoOp@NoOp|NoOp@NoOp|NoOp@NoOp|NoOp@NoOp|NoOp@NoOp|NoOp@NoOp|NoOp@NoOp|NoOp@NoOp|NoOp@NoOp|Push(N,E)@Push(N,E)
518573100:NoOp@NoOp|NoOp@NoOp|NoOp@NoOp|NoOp@NoOp|NoOp@NoOp|NoOp@NoOp|NoOp@NoOp|NoOp@NoOp|NoOp@NoOp|Move(S)@Move(S)
518634000:NoOp@NoOp|NoOp@NoOp|NoOp@NoOp|NoOp@NoOp|NoOp@NoOp|NoOp@NoOp|NoOp@NoOp|NoOp@NoOp|NoOp@NoOp|Move(S)@Move(S)
518694900:NoOp@NoOp|NoOp@NoOp|NoOp@NoOp|NoOp@NoOp|NoOp@NoOp|NoOp@NoOp|NoOp@NoOp|NoOp@NoOp|NoOp@NoOp|Move(W)@Move(W)
518755800:NoOp@NoOp|NoOp@NoOp|NoOp@NoOp|NoOp@NoOp|NoOp@NoOp|NoOp@NoOp|NoOp@NoOp|NoOp@NoOp|NoOp@NoOp|Push(W,N)@Push(W,N)
518817400:NoOp@NoOp|NoOp@NoOp|NoOp@NoOp|NoOp@NoOp|NoOp@NoOp|NoOp@NoOp|NoOp@NoOp|NoOp@NoOp|NoOp@NoOp|Push(N,N)@Push(N,N)
518878900:NoOp@NoOp|NoOp@NoOp|NoOp@NoOp|NoOp@NoOp|NoOp@NoOp|NoOp@NoOp|NoOp@NoOp|NoOp@NoOp|NoOp@NoOp|Push(N,E)@Push(N,E)
518944700:NoOp@NoOp|NoOp@NoOp|NoOp@NoOp|NoOp@NoOp|NoOp@NoOp|NoOp@NoOp|NoOp@NoOp|NoOp@NoOp|NoOp@NoOp|Push(E,E)@Push(E,E)
519005200:Move(N)@Move(N)|NoOp@NoOp|NoOp@NoOp|NoOp@NoOp|NoOp@NoOp|NoOp@NoOp|NoOp@NoOp|NoOp@NoOp|NoOp@NoOp|NoOp@NoOp
519070600:Move(N)@Move(N)|NoOp@NoOp|NoOp@NoOp|NoOp@NoOp|NoOp@NoOp|NoOp@NoOp|NoOp@NoOp|NoOp@NoOp|NoOp@NoOp|NoOp@NoOp
519133600:Move(N)@Move(N)|NoOp@NoOp|NoOp@NoOp|NoOp@NoOp|NoOp@NoOp|NoOp@NoOp|NoOp@NoOp|NoOp@NoOp|NoOp@NoOp|NoOp@NoOp
519195000:Move(E)@Move(E)|NoOp@NoOp|NoOp@NoOp|NoOp@NoOp|NoOp@NoOp|NoOp@NoOp|NoOp@NoOp|NoOp@NoOp|NoOp@NoOp|NoOp@NoOp
519259600:Move(E)@Move(E)|NoOp@NoOp|NoOp@NoOp|NoOp@NoOp|NoOp@NoOp|NoOp@NoOp|NoOp@NoOp|NoOp@NoOp|NoOp@NoOp|NoOp@NoOp
519323100:Move(E)@Move(E)|NoOp@NoOp|NoOp@NoOp|NoOp@NoOp|NoOp@NoOp|NoOp@NoOp|NoOp@NoOp|NoOp@NoOp|NoOp@NoOp|NoOp@NoOp
519387000:Move(E)@Move(E)|NoOp@NoOp|NoOp@NoOp|NoOp@NoOp|NoOp@NoOp|NoOp@NoOp|NoOp@NoOp|NoOp@NoOp|NoOp@NoOp|NoOp@NoOp
519449700:Move(E)@Move(E)|NoOp@NoOp|NoOp@NoOp|NoOp@NoOp|NoOp@NoOp|NoOp@NoOp|NoOp@NoOp|NoOp@NoOp|NoOp@NoOp|NoOp@NoOp
519513300:Move(S)@Move(S)|NoOp@NoOp|NoOp@NoOp|NoOp@NoOp|NoOp@NoOp|NoOp@NoOp|NoOp@NoOp|NoOp@NoOp|NoOp@NoOp|NoOp@NoOp
519574900:Move(S)@Move(S)|NoOp@NoOp|NoOp@NoOp|NoOp@NoOp|NoOp@NoOp|NoOp@NoOp|NoOp@NoOp|NoOp@NoOp|NoOp@NoOp|NoOp@NoOp
519635700:Move(E)@Move(E)|NoOp@NoOp|NoOp@NoOp|NoOp@NoOp|NoOp@NoOp|NoOp@NoOp|NoOp@NoOp|NoOp@NoOp|NoOp@NoOp|NoOp@NoOp
519696700:Move(E)@Move(E)|NoOp@NoOp|NoOp@NoOp|NoOp@NoOp|NoOp@NoOp|NoOp@NoOp|NoOp@NoOp|NoOp@NoOp|NoOp@NoOp|NoOp@NoOp
519757800:Move(S)@Move(S)|NoOp@NoOp|NoOp@NoOp|NoOp@NoOp|NoOp@NoOp|NoOp@NoOp|NoOp@NoOp|NoOp@NoOp|NoOp@NoOp|NoOp@NoOp
519818800:Move(S)@Move(S)|NoOp@NoOp|NoOp@NoOp|NoOp@NoOp|NoOp@NoOp|NoOp@NoOp|NoOp@NoOp|NoOp@NoOp|NoOp@NoOp|NoOp@NoOp
519879500:Move(S)@Move(S)|NoOp@NoOp|NoOp@NoOp|NoOp@NoOp|NoOp@NoOp|NoOp@NoOp|NoOp@NoOp|NoOp@NoOp|NoOp@NoOp|NoOp@NoOp
519940100:Move(S)@Move(S)|NoOp@NoOp|NoOp@NoOp|NoOp@NoOp|NoOp@NoOp|NoOp@NoOp|NoOp@NoOp|NoOp@NoOp|NoOp@NoOp|NoOp@NoOp
520000800:Move(S)@Move(S)|NoOp@NoOp|NoOp@NoOp|NoOp@NoOp|NoOp@NoOp|NoOp@NoOp|NoOp@NoOp|NoOp@NoOp|NoOp@NoOp|NoOp@NoOp
520061200:Move(S)@Move(S)|NoOp@NoOp|NoOp@NoOp|NoOp@NoOp|NoOp@NoOp|NoOp@NoOp|NoOp@NoOp|NoOp@NoOp|NoOp@NoOp|NoOp@NoOp
520122000:Move(S)@Move(S)|NoOp@NoOp|NoOp@NoOp|NoOp@NoOp|NoOp@NoOp|NoOp@NoOp|NoOp@NoOp|NoOp@NoOp|NoOp@NoOp|NoOp@NoOp
520182700:Move(E)@Move(E)|NoOp@NoOp|NoOp@NoOp|NoOp@NoOp|NoOp@NoOp|NoOp@NoOp|NoOp@NoOp|NoOp@NoOp|NoOp@NoOp|NoOp@NoOp
520243800:Move(S)@Move(S)|NoOp@NoOp|NoOp@NoOp|NoOp@NoOp|NoOp@NoOp|NoOp@NoOp|NoOp@NoOp|NoOp@NoOp|NoOp@NoOp|NoOp@NoOp
520306400:Move(S)@Move(S)|NoOp@NoOp|NoOp@NoOp|NoOp@NoOp|NoOp@NoOp|NoOp@NoOp|NoOp@NoOp|NoOp@NoOp|NoOp@NoOp|NoOp@NoOp
520367300:Move(E)@Move(E)|NoOp@NoOp|NoOp@NoOp|NoOp@NoOp|NoOp@NoOp|NoOp@NoOp|NoOp@NoOp|NoOp@NoOp|NoOp@NoOp|NoOp@NoOp
520428800:Push(E,N)@Push(E,N)|NoOp@NoOp|NoOp@NoOp|NoOp@NoOp|NoOp@NoOp|NoOp@NoOp|NoOp@NoOp|NoOp@NoOp|NoOp@NoOp|NoOp@NoOp
520490200:Push(N,N)@Push(N,N)|NoOp@NoOp|NoOp@NoOp|NoOp@NoOp|NoOp@NoOp|NoOp@NoOp|NoOp@NoOp|NoOp@NoOp|NoOp@NoOp|NoOp@NoOp
520554300:Push(N,N)@Push(N,N)|NoOp@NoOp|NoOp@NoOp|NoOp@NoOp|NoOp@NoOp|NoOp@NoOp|NoOp@NoOp|NoOp@NoOp|NoOp@NoOp|NoOp@NoOp
520617500:Push(N,N)@Push(N,N)|NoOp@NoOp|NoOp@NoOp|NoOp@NoOp|NoOp@NoOp|NoOp@NoOp|NoOp@NoOp|NoOp@NoOp|NoOp@NoOp|NoOp@NoOp
520678300:Push(N,N)@Push(N,N)|NoOp@NoOp|NoOp@NoOp|NoOp@NoOp|NoOp@NoOp|NoOp@NoOp|NoOp@NoOp|NoOp@NoOp|NoOp@NoOp|NoOp@NoOp
520742700:Push(N,N)@Push(N,N)|NoOp@NoOp|NoOp@NoOp|NoOp@NoOp|NoOp@NoOp|NoOp@NoOp|NoOp@NoOp|NoOp@NoOp|NoOp@NoOp|NoOp@NoOp
520804000:Push(N,N)@Push(N,N)|NoOp@NoOp|NoOp@NoOp|NoOp@NoOp|NoOp@NoOp|NoOp@NoOp|NoOp@NoOp|NoOp@NoOp|NoOp@NoOp|NoOp@NoOp
520865100:Push(N,N)@Push(N,N)|NoOp@NoOp|NoOp@NoOp|NoOp@NoOp|NoOp@NoOp|NoOp@NoOp|NoOp@NoOp|NoOp@NoOp|NoOp@NoOp|NoOp@NoOp
520926500:Push(N,N)@Push(N,N)|NoOp@NoOp|NoOp@NoOp|NoOp@NoOp|NoOp@NoOp|NoOp@NoOp|NoOp@NoOp|NoOp@NoOp|NoOp@NoOp|NoOp@NoOp
520987500:Push(N,N)@Push(N,N)|NoOp@NoOp|NoOp@NoOp|NoOp@NoOp|NoOp@NoOp|NoOp@NoOp|NoOp@NoOp|NoOp@NoOp|NoOp@NoOp|NoOp@NoOp
521048400:Push(N,N)@Push(N,N)|NoOp@NoOp|NoOp@NoOp|NoOp@NoOp|NoOp@NoOp|NoOp@NoOp|NoOp@NoOp|NoOp@NoOp|NoOp@NoOp|NoOp@NoOp
521109700:Push(N,W)@Push(N,W)|NoOp@NoOp|NoOp@NoOp|NoOp@NoOp|NoOp@NoOp|NoOp@NoOp|NoOp@NoOp|NoOp@NoOp|NoOp@NoOp|NoOp@NoOp
521173000:NoOp@NoOp|NoOp@NoOp|NoOp@NoOp|NoOp@NoOp|NoOp@NoOp|NoOp@NoOp|NoOp@NoOp|NoOp@NoOp|NoOp@NoOp|Move(S)@Move(S)
521234400:NoOp@NoOp|NoOp@NoOp|NoOp@NoOp|NoOp@NoOp|NoOp@NoOp|NoOp@NoOp|NoOp@NoOp|NoOp@NoOp|NoOp@NoOp|Move(E)@Move(E)
521295400:NoOp@NoOp|NoOp@NoOp|NoOp@NoOp|NoOp@NoOp|NoOp@NoOp|NoOp@NoOp|NoOp@NoOp|NoOp@NoOp|NoOp@NoOp|Move(E)@Move(E)
521356500:NoOp@NoOp|NoOp@NoOp|NoOp@NoOp|NoOp@NoOp|NoOp@NoOp|NoOp@NoOp|NoOp@NoOp|NoOp@NoOp|NoOp@NoOp|Pull(S,S)@Pull(S,S)
521417900:NoOp@NoOp|NoOp@NoOp|NoOp@NoOp|NoOp@NoOp|NoOp@NoOp|NoOp@NoOp|NoOp@NoOp|NoOp@NoOp|NoOp@NoOp|Push(N,W)@Push(N,W)
521480700:NoOp@NoOp|NoOp@NoOp|NoOp@NoOp|NoOp@NoOp|NoOp@NoOp|NoOp@NoOp|NoOp@NoOp|NoOp@NoOp|NoOp@NoOp|Push(W,S)@Push(W,S)
521542100:NoOp@NoOp|NoOp@NoOp|NoOp@NoOp|NoOp@NoOp|NoOp@NoOp|NoOp@NoOp|NoOp@NoOp|NoOp@NoOp|NoOp@NoOp|Push(S,W)@Push(S,W)
521612400:NoOp@NoOp|NoOp@NoOp|NoOp@NoOp|NoOp@NoOp|NoOp@NoOp|NoOp@NoOp|NoOp@NoOp|NoOp@NoOp|NoOp@NoOp|Push(W,W)@Push(W,W)
521675000:NoOp@NoOp|NoOp@NoOp|NoOp@NoOp|NoOp@NoOp|NoOp@NoOp|NoOp@NoOp|Move(N)@Move(N)|NoOp@NoOp|NoOp@NoOp|NoOp@NoOp
521738000:NoOp@NoOp|NoOp@NoOp|NoOp@NoOp|NoOp@NoOp|NoOp@NoOp|NoOp@NoOp|Move(N)@Move(N)|NoOp@NoOp|NoOp@NoOp|NoOp@NoOp
521799000:NoOp@NoOp|NoOp@NoOp|NoOp@NoOp|NoOp@NoOp|NoOp@NoOp|NoOp@NoOp|Move(W)@Move(W)|NoOp@NoOp|NoOp@NoOp|NoOp@NoOp
521860000:NoOp@NoOp|NoOp@NoOp|NoOp@NoOp|NoOp@NoOp|NoOp@NoOp|NoOp@NoOp|Move(W)@Move(W)|NoOp@NoOp|NoOp@NoOp|NoOp@NoOp
521921000:NoOp@NoOp|NoOp@NoOp|NoOp@NoOp|NoOp@NoOp|Move(S)@Move(S)|NoOp@NoOp|NoOp@NoOp|NoOp@NoOp|NoOp@NoOp|NoOp@NoOp
521984300:NoOp@NoOp|NoOp@NoOp|NoOp@NoOp|NoOp@NoOp|Move(E)@Move(E)|NoOp@NoOp|NoOp@NoOp|NoOp@NoOp|NoOp@NoOp|NoOp@NoOp
522044900:NoOp@NoOp|NoOp@NoOp|NoOp@NoOp|NoOp@NoOp|Move(E)@Move(E)|NoOp@NoOp|NoOp@NoOp|NoOp@NoOp|NoOp@NoOp|NoOp@NoOp
522106200:NoOp@NoOp|NoOp@NoOp|NoOp@NoOp|NoOp@NoOp|Move(E)@Move(E)|NoOp@NoOp|NoOp@NoOp|NoOp@NoOp|NoOp@NoOp|NoOp@NoOp
522167600:NoOp@NoOp|NoOp@NoOp|NoOp@NoOp|NoOp@NoOp|Move(E)@Move(E)|NoOp@NoOp|NoOp@NoOp|NoOp@NoOp|NoOp@NoOp|NoOp@NoOp
522250800:Move(S)@Move(S)|NoOp@NoOp|NoOp@NoOp|NoOp@NoOp|NoOp@NoOp|NoOp@NoOp|NoOp@NoOp|NoOp@NoOp|NoOp@NoOp|NoOp@NoOp
522311600:Move(W)@Move(W)|NoOp@NoOp|NoOp@NoOp|NoOp@NoOp|NoOp@NoOp|NoOp@NoOp|NoOp@NoOp|NoOp@NoOp|NoOp@NoOp|NoOp@NoOp
522374300:Move(W)@Move(W)|NoOp@NoOp|NoOp@NoOp|NoOp@NoOp|NoOp@NoOp|NoOp@NoOp|NoOp@NoOp|NoOp@NoOp|NoOp@NoOp|NoOp@NoOp
522435300:Move(N)@Move(N)|NoOp@NoOp|NoOp@NoOp|NoOp@NoOp|NoOp@NoOp|NoOp@NoOp|NoOp@NoOp|NoOp@NoOp|NoOp@NoOp|NoOp@NoOp
522498300:Move(W)@Move(W)|NoOp@NoOp|NoOp@NoOp|NoOp@NoOp|NoOp@NoOp|NoOp@NoOp|NoOp@NoOp|NoOp@NoOp|NoOp@NoOp|NoOp@NoOp
522559700:Move(W)@Move(W)|NoOp@NoOp|NoOp@NoOp|NoOp@NoOp|NoOp@NoOp|NoOp@NoOp|NoOp@NoOp|NoOp@NoOp|NoOp@NoOp|NoOp@NoOp
522624100:Move(W)@Move(W)|NoOp@NoOp|NoOp@NoOp|NoOp@NoOp|NoOp@NoOp|NoOp@NoOp|NoOp@NoOp|NoOp@NoOp|NoOp@NoOp|NoOp@NoOp
522685600:Move(W)@Move(W)|NoOp@NoOp|NoOp@NoOp|NoOp@NoOp|NoOp@NoOp|NoOp@NoOp|NoOp@NoOp|NoOp@NoOp|NoOp@NoOp|NoOp@NoOp
522746100:Move(W)@Move(W)|NoOp@NoOp|NoOp@NoOp|NoOp@NoOp|NoOp@NoOp|NoOp@NoOp|NoOp@NoOp|NoOp@NoOp|NoOp@NoOp|NoOp@NoOp
522806400:Move(W)@Move(W)|NoOp@NoOp|NoOp@NoOp|NoOp@NoOp|NoOp@NoOp|NoOp@NoOp|NoOp@NoOp|NoOp@NoOp|NoOp@NoOp|NoOp@NoOp
522866900:Move(W)@Move(W)|NoOp@NoOp|NoOp@NoOp|NoOp@NoOp|NoOp@NoOp|NoOp@NoOp|NoOp@NoOp|NoOp@NoOp|NoOp@NoOp|NoOp@NoOp
522927700:Move(S)@Move(S)|NoOp@NoOp|NoOp@NoOp|NoOp@NoOp|NoOp@NoOp|NoOp@NoOp|NoOp@NoOp|NoOp@NoOp|NoOp@NoOp|NoOp@NoOp
522988500:Move(S)@Move(S)|NoOp@NoOp|NoOp@NoOp|NoOp@NoOp|NoOp@NoOp|NoOp@NoOp|NoOp@NoOp|NoOp@NoOp|NoOp@NoOp|NoOp@NoOp
523049600:Move(W)@Move(W)|NoOp@NoOp|NoOp@NoOp|NoOp@NoOp|NoOp@NoOp|NoOp@NoOp|NoOp@NoOp|NoOp@NoOp|NoOp@NoOp|NoOp@NoOp
523110300:Move(S)@Move(S)|NoOp@NoOp|NoOp@NoOp|NoOp@NoOp|NoOp@NoOp|NoOp@NoOp|NoOp@NoOp|NoOp@NoOp|NoOp@NoOp|NoOp@NoOp
523172400:Move(S)@Move(S)|NoOp@NoOp|NoOp@NoOp|NoOp@NoOp|NoOp@NoOp|NoOp@NoOp|NoOp@NoOp|NoOp@NoOp|NoOp@NoOp|NoOp@NoOp
523233400:Move(W)@Move(W)|NoOp@NoOp|NoOp@NoOp|NoOp@NoOp|NoOp@NoOp|NoOp@NoOp|NoOp@NoOp|NoOp@NoOp|NoOp@NoOp|NoOp@NoOp
523294600:Move(W)@Move(W)|NoOp@NoOp|NoOp@NoOp|NoOp@NoOp|NoOp@NoOp|NoOp@NoOp|NoOp@NoOp|NoOp@NoOp|NoOp@NoOp|NoOp@NoOp
523355400:Move(W)@Move(W)|NoOp@NoOp|NoOp@NoOp|NoOp@NoOp|NoOp@NoOp|NoOp@NoOp|NoOp@NoOp|NoOp@NoOp|NoOp@NoOp|NoOp@NoOp
523420100:Move(W)@Move(W)|NoOp@NoOp|NoOp@NoOp|NoOp@NoOp|NoOp@NoOp|NoOp@NoOp|NoOp@NoOp|NoOp@NoOp|NoOp@NoOp|NoOp@NoOp
523484100:Move(N)@Move(N)|NoOp@NoOp|NoOp@NoOp|NoOp@NoOp|NoOp@NoOp|NoOp@NoOp|NoOp@NoOp|NoOp@NoOp|NoOp@NoOp|NoOp@NoOp
523545100:Move(N)@Move(N)|NoOp@NoOp|NoOp@NoOp|NoOp@NoOp|NoOp@NoOp|NoOp@NoOp|NoOp@NoOp|NoOp@NoOp|NoOp@NoOp|NoOp@NoOp
523605700:Move(N)@Move(N)|NoOp@NoOp|NoOp@NoOp|NoOp@NoOp|NoOp@NoOp|NoOp@NoOp|NoOp@NoOp|NoOp@NoOp|NoOp@NoOp|NoOp@NoOp
523670000:Move(N)@Move(N)|NoOp@NoOp|NoOp@NoOp|NoOp@NoOp|NoOp@NoOp|NoOp@NoOp|NoOp@NoOp|NoOp@NoOp|NoOp@NoOp|NoOp@NoOp
523730900:Move(W)@Move(W)|NoOp@NoOp|NoOp@NoOp|NoOp@NoOp|NoOp@NoOp|NoOp@NoOp|NoOp@NoOp|NoOp@NoOp|NoOp@NoOp|NoOp@NoOp
523791900:Move(W)@Move(W)|NoOp@NoOp|NoOp@NoOp|NoOp@NoOp|NoOp@NoOp|NoOp@NoOp|NoOp@NoOp|NoOp@NoOp|NoOp@NoOp|NoOp@NoOp
523852300:Move(W)@Move(W)|NoOp@NoOp|NoOp@NoOp|NoOp@NoOp|NoOp@NoOp|NoOp@NoOp|NoOp@NoOp|NoOp@NoOp|NoOp@NoOp|NoOp@NoOp
523912900:Move(W)@Move(W)|NoOp@NoOp|NoOp@NoOp|NoOp@NoOp|NoOp@NoOp|NoOp@NoOp|NoOp@NoOp|NoOp@NoOp|NoOp@NoOp|NoOp@NoOp
523973400:Move(W)@Move(W)|NoOp@NoOp|NoOp@NoOp|NoOp@NoOp|NoOp@NoOp|NoOp@NoOp|NoOp@NoOp|NoOp@NoOp|NoOp@NoOp|NoOp@NoOp
524034000:NoOp@NoOp|NoOp@NoOp|NoOp@NoOp|NoOp@NoOp|NoOp@NoOp|NoOp@NoOp|NoOp@NoOp|Move(W)@Move(W)|NoOp@NoOp|NoOp@NoOp
524095000:NoOp@NoOp|NoOp@NoOp|NoOp@NoOp|NoOp@NoOp|NoOp@NoOp|NoOp@NoOp|NoOp@NoOp|Move(W)@Move(W)|NoOp@NoOp|NoOp@NoOp
524165600:NoOp@NoOp|NoOp@NoOp|NoOp@NoOp|NoOp@NoOp|NoOp@NoOp|NoOp@NoOp|NoOp@NoOp|Move(W)@Move(W)|NoOp@NoOp|NoOp@NoOp
524243500:NoOp@NoOp|NoOp@NoOp|NoOp@NoOp|NoOp@NoOp|NoOp@NoOp|NoOp@NoOp|NoOp@NoOp|Move(W)@Move(W)|NoOp@NoOp|NoOp@NoOp
524304400:NoOp@NoOp|NoOp@NoOp|NoOp@NoOp|NoOp@NoOp|NoOp@NoOp|NoOp@NoOp|NoOp@NoOp|Move(W)@Move(W)|NoOp@NoOp|NoOp@NoOp
524365400:NoOp@NoOp|NoOp@NoOp|NoOp@NoOp|NoOp@NoOp|NoOp@NoOp|NoOp@NoOp|NoOp@NoOp|Move(W)@Move(W)|NoOp@NoOp|NoOp@NoOp
524426200:NoOp@NoOp|NoOp@NoOp|NoOp@NoOp|NoOp@NoOp|NoOp@NoOp|NoOp@NoOp|NoOp@NoOp|Move(W)@Move(W)|NoOp@NoOp|NoOp@NoOp
524489200:NoOp@NoOp|NoOp@NoOp|NoOp@NoOp|NoOp@NoOp|NoOp@NoOp|NoOp@NoOp|NoOp@NoOp|Move(W)@Move(W)|NoOp@NoOp|NoOp@NoOp
524549800:NoOp@NoOp|NoOp@NoOp|NoOp@NoOp|NoOp@NoOp|NoOp@NoOp|NoOp@NoOp|NoOp@NoOp|Move(N)@Move(N)|NoOp@NoOp|NoOp@NoOp
524610900:NoOp@NoOp|NoOp@NoOp|NoOp@NoOp|NoOp@NoOp|NoOp@NoOp|NoOp@NoOp|NoOp@NoOp|Move(N)@Move(N)|NoOp@NoOp|NoOp@NoOp
524673000:NoOp@NoOp|NoOp@NoOp|NoOp@NoOp|NoOp@NoOp|NoOp@NoOp|NoOp@NoOp|NoOp@NoOp|Move(N)@Move(N)|NoOp@NoOp|NoOp@NoOp
524733900:NoOp@NoOp|NoOp@NoOp|NoOp@NoOp|NoOp@NoOp|NoOp@NoOp|NoOp@NoOp|NoOp@NoOp|Move(N)@Move(N)|NoOp@NoOp|NoOp@NoOp
524794800:NoOp@NoOp|NoOp@NoOp|NoOp@NoOp|NoOp@NoOp|NoOp@NoOp|NoOp@NoOp|NoOp@NoOp|Move(N)@Move(N)|NoOp@NoOp|NoOp@NoOp
524856100:NoOp@NoOp|NoOp@NoOp|NoOp@NoOp|NoOp@NoOp|NoOp@NoOp|NoOp@NoOp|NoOp@NoOp|Move(N)@Move(N)|NoOp@NoOp|NoOp@NoOp
524920000:NoOp@NoOp|NoOp@NoOp|NoOp@NoOp|NoOp@NoOp|NoOp@NoOp|NoOp@NoOp|NoOp@NoOp|Move(N)@Move(N)|NoOp@NoOp|NoOp@NoOp
524983700:NoOp@NoOp|NoOp@NoOp|NoOp@NoOp|NoOp@NoOp|NoOp@NoOp|NoOp@NoOp|NoOp@NoOp|Move(N)@Move(N)|NoOp@NoOp|NoOp@NoOp
525045200:NoOp@NoOp|NoOp@NoOp|NoOp@NoOp|NoOp@NoOp|NoOp@NoOp|NoOp@NoOp|NoOp@NoOp|Move(N)@Move(N)|NoOp@NoOp|NoOp@NoOp
525109800:NoOp@NoOp|NoOp@NoOp|NoOp@NoOp|Move(W)@Move(W)|NoOp@NoOp|NoOp@NoOp|NoOp@NoOp|NoOp@NoOp|NoOp@NoOp|NoOp@NoOp
525173600:NoOp@NoOp|NoOp@NoOp|NoOp@NoOp|Move(W)@Move(W)|NoOp@NoOp|NoOp@NoOp|NoOp@NoOp|NoOp@NoOp|NoOp@NoOp|NoOp@NoOp
525234900:NoOp@NoOp|NoOp@NoOp|NoOp@NoOp|Move(W)@Move(W)|NoOp@NoOp|NoOp@NoOp|NoOp@NoOp|NoOp@NoOp|NoOp@NoOp|NoOp@NoOp
525299200:NoOp@NoOp|NoOp@NoOp|NoOp@NoOp|Move(W)@Move(W)|NoOp@NoOp|NoOp@NoOp|NoOp@NoOp|NoOp@NoOp|NoOp@NoOp|NoOp@NoOp
525359900:NoOp@NoOp|NoOp@NoOp|NoOp@NoOp|Move(W)@Move(W)|NoOp@NoOp|NoOp@NoOp|NoOp@NoOp|NoOp@NoOp|NoOp@NoOp|NoOp@NoOp
525432800:NoOp@NoOp|NoOp@NoOp|NoOp@NoOp|Move(N)@Move(N)|NoOp@NoOp|NoOp@NoOp|NoOp@NoOp|NoOp@NoOp|NoOp@NoOp|NoOp@NoOp
525545500:NoOp@NoOp|NoOp@NoOp|NoOp@NoOp|Move(N)@Move(N)|NoOp@NoOp|NoOp@NoOp|NoOp@NoOp|NoOp@NoOp|NoOp@NoOp|NoOp@NoOp
525664100:NoOp@NoOp|NoOp@NoOp|NoOp@NoOp|Move(N)@Move(N)|NoOp@NoOp|NoOp@NoOp|NoOp@NoOp|NoOp@NoOp|NoOp@NoOp|NoOp@NoOp
525749300:NoOp@NoOp|NoOp@NoOp|NoOp@NoOp|Move(N)@Move(N)|NoOp@NoOp|NoOp@NoOp|NoOp@NoOp|NoOp@NoOp|NoOp@NoOp|NoOp@NoOp
525810900:NoOp@NoOp|NoOp@NoOp|NoOp@NoOp|Move(N)@Move(N)|NoOp@NoOp|NoOp@NoOp|NoOp@NoOp|NoOp@NoOp|NoOp@NoOp|NoOp@NoOp
525872000:NoOp@NoOp|NoOp@NoOp|NoOp@NoOp|Move(N)@Move(N)|NoOp@NoOp|NoOp@NoOp|NoOp@NoOp|NoOp@NoOp|NoOp@NoOp|NoOp@NoOp
525932800:NoOp@NoOp|NoOp@NoOp|NoOp@NoOp|Move(N)@Move(N)|NoOp@NoOp|NoOp@NoOp|NoOp@NoOp|NoOp@NoOp|NoOp@NoOp|NoOp@NoOp
525993200:NoOp@NoOp|NoOp@NoOp|NoOp@NoOp|Move(N)@Move(N)|NoOp@NoOp|NoOp@NoOp|NoOp@NoOp|NoOp@NoOp|NoOp@NoOp|NoOp@NoOp
526054000:NoOp@NoOp|NoOp@NoOp|NoOp@NoOp|Move(N)@Move(N)|NoOp@NoOp|NoOp@NoOp|NoOp@NoOp|NoOp@NoOp|NoOp@NoOp|NoOp@NoOp
526114300:NoOp@NoOp|NoOp@NoOp|NoOp@NoOp|Move(N)@Move(N)|NoOp@NoOp|NoOp@NoOp|NoOp@NoOp|NoOp@NoOp|NoOp@NoOp|NoOp@NoOp
526175400:NoOp@NoOp|NoOp@NoOp|NoOp@NoOp|Move(E)@Move(E)|NoOp@NoOp|NoOp@NoOp|NoOp@NoOp|NoOp@NoOp|NoOp@NoOp|NoOp@NoOp
526240400:Move(S)@Move(S)|NoOp@NoOp|NoOp@NoOp|NoOp@NoOp|NoOp@NoOp|NoOp@NoOp|NoOp@NoOp|NoOp@NoOp|NoOp@NoOp|NoOp@NoOp
526301300:NoOp@NoOp|NoOp@NoOp|NoOp@NoOp|Move(E)@Move(E)|NoOp@NoOp|NoOp@NoOp|NoOp@NoOp|NoOp@NoOp|NoOp@NoOp|NoOp@NoOp
526362900:NoOp@NoOp|NoOp@NoOp|NoOp@NoOp|Move(E)@Move(E)|NoOp@NoOp|NoOp@NoOp|NoOp@NoOp|NoOp@NoOp|NoOp@NoOp|NoOp@NoOp
526423700:NoOp@NoOp|NoOp@NoOp|NoOp@NoOp|Move(E)@Move(E)|NoOp@NoOp|NoOp@NoOp|NoOp@NoOp|NoOp@NoOp|NoOp@NoOp|NoOp@NoOp
526484300:NoOp@NoOp|NoOp@NoOp|NoOp@NoOp|Move(E)@Move(E)|NoOp@NoOp|NoOp@NoOp|NoOp@NoOp|NoOp@NoOp|NoOp@NoOp|NoOp@NoOp
526548800:NoOp@NoOp|NoOp@NoOp|NoOp@NoOp|Move(E)@Move(E)|NoOp@NoOp|NoOp@NoOp|NoOp@NoOp|NoOp@NoOp|NoOp@NoOp|NoOp@NoOp
526609500:NoOp@NoOp|NoOp@NoOp|NoOp@NoOp|Move(S)@Move(S)|NoOp@NoOp|NoOp@NoOp|NoOp@NoOp|NoOp@NoOp|NoOp@NoOp|NoOp@NoOp
526673100:NoOp@NoOp|NoOp@NoOp|NoOp@NoOp|Move(S)@Move(S)|NoOp@NoOp|NoOp@NoOp|NoOp@NoOp|NoOp@NoOp|NoOp@NoOp|NoOp@NoOp
526737500:NoOp@NoOp|NoOp@NoOp|NoOp@NoOp|Move(E)@Move(E)|NoOp@NoOp|NoOp@NoOp|NoOp@NoOp|NoOp@NoOp|NoOp@NoOp|NoOp@NoOp
526799200:NoOp@NoOp|NoOp@NoOp|NoOp@NoOp|Move(S)@Move(S)|NoOp@NoOp|NoOp@NoOp|NoOp@NoOp|NoOp@NoOp|NoOp@NoOp|NoOp@NoOp
526860100:NoOp@NoOp|NoOp@NoOp|NoOp@NoOp|Move(S)@Move(S)|NoOp@NoOp|NoOp@NoOp|NoOp@NoOp|NoOp@NoOp|NoOp@NoOp|NoOp@NoOp
526921000:NoOp@NoOp|NoOp@NoOp|NoOp@NoOp|Move(E)@Move(E)|NoOp@NoOp|NoOp@NoOp|NoOp@NoOp|NoOp@NoOp|NoOp@NoOp|NoOp@NoOp
526982000:NoOp@NoOp|NoOp@NoOp|NoOp@NoOp|Move(E)@Move(E)|NoOp@NoOp|NoOp@NoOp|NoOp@NoOp|NoOp@NoOp|NoOp@NoOp|NoOp@NoOp
527042900:NoOp@NoOp|NoOp@NoOp|NoOp@NoOp|Move(E)@Move(E)|NoOp@NoOp|NoOp@NoOp|NoOp@NoOp|NoOp@NoOp|NoOp@NoOp|NoOp@NoOp
527107700:NoOp@NoOp|NoOp@NoOp|NoOp@NoOp|Move(N)@Move(N)|NoOp@NoOp|NoOp@NoOp|NoOp@NoOp|NoOp@NoOp|NoOp@NoOp|NoOp@NoOp
527168300:NoOp@NoOp|NoOp@NoOp|NoOp@NoOp|Move(N)@Move(N)|NoOp@NoOp|NoOp@NoOp|NoOp@NoOp|NoOp@NoOp|NoOp@NoOp|NoOp@NoOp
527229200:NoOp@NoOp|NoOp@NoOp|NoOp@NoOp|Move(N)@Move(N)|NoOp@NoOp|NoOp@NoOp|NoOp@NoOp|NoOp@NoOp|NoOp@NoOp|NoOp@NoOp
527324600:NoOp@NoOp|NoOp@NoOp|NoOp@NoOp|Move(N)@Move(N)|NoOp@NoOp|NoOp@NoOp|NoOp@NoOp|NoOp@NoOp|NoOp@NoOp|NoOp@NoOp
527422600:NoOp@NoOp|NoOp@NoOp|NoOp@NoOp|Move(E)@Move(E)|NoOp@NoOp|NoOp@NoOp|NoOp@NoOp|NoOp@NoOp|NoOp@NoOp|NoOp@NoOp
527503600:NoOp@NoOp|NoOp@NoOp|NoOp@NoOp|Move(E)@Move(E)|NoOp@NoOp|NoOp@NoOp|NoOp@NoOp|NoOp@NoOp|NoOp@NoOp|NoOp@NoOp
527574800:NoOp@NoOp|NoOp@NoOp|NoOp@NoOp|Move(E)@Move(E)|NoOp@NoOp|NoOp@NoOp|NoOp@NoOp|NoOp@NoOp|NoOp@NoOp|NoOp@NoOp
527647900:NoOp@NoOp|NoOp@NoOp|NoOp@NoOp|Move(E)@Move(E)|NoOp@NoOp|NoOp@NoOp|NoOp@NoOp|NoOp@NoOp|NoOp@NoOp|NoOp@NoOp
527706000:NoOp@NoOp|NoOp@NoOp|NoOp@NoOp|Move(E)@Move(E)|NoOp@NoOp|NoOp@NoOp|NoOp@NoOp|NoOp@NoOp|NoOp@NoOp|NoOp@NoOp
527760000:NoOp@NoOp|NoOp@NoOp|NoOp@NoOp|Move(E)@Move(E)|NoOp@NoOp|NoOp@NoOp|NoOp@NoOp|NoOp@NoOp|NoOp@NoOp|NoOp@NoOp
527813800:NoOp@NoOp|NoOp@NoOp|NoOp@NoOp|Move(S)@Move(S)|NoOp@NoOp|NoOp@NoOp|NoOp@NoOp|NoOp@NoOp|NoOp@NoOp|NoOp@NoOp
527866300:NoOp@NoOp|NoOp@NoOp|NoOp@NoOp|Move(S)@Move(S)|NoOp@NoOp|NoOp@NoOp|NoOp@NoOp|NoOp@NoOp|NoOp@NoOp|NoOp@NoOp
527918600:NoOp@NoOp|NoOp@NoOp|NoOp@NoOp|Move(E)@Move(E)|NoOp@NoOp|NoOp@NoOp|NoOp@NoOp|NoOp@NoOp|NoOp@NoOp|NoOp@NoOp
527969800:NoOp@NoOp|NoOp@NoOp|NoOp@NoOp|Move(E)@Move(E)|NoOp@NoOp|NoOp@NoOp|NoOp@NoOp|NoOp@NoOp|NoOp@NoOp|NoOp@NoOp
528045600:NoOp@NoOp|NoOp@NoOp|NoOp@NoOp|Move(S)@Move(S)|NoOp@NoOp|NoOp@NoOp|NoOp@NoOp|NoOp@NoOp|NoOp@NoOp|NoOp@NoOp
528120900:NoOp@NoOp|NoOp@NoOp|NoOp@NoOp|Move(S)@Move(S)|NoOp@NoOp|NoOp@NoOp|NoOp@NoOp|NoOp@NoOp|NoOp@NoOp|NoOp@NoOp
528208700:NoOp@NoOp|NoOp@NoOp|NoOp@NoOp|Move(S)@Move(S)|NoOp@NoOp|NoOp@NoOp|NoOp@NoOp|NoOp@NoOp|NoOp@NoOp|NoOp@NoOp
528293600:NoOp@NoOp|NoOp@NoOp|NoOp@NoOp|Move(S)@Move(S)|NoOp@NoOp|NoOp@NoOp|NoOp@NoOp|NoOp@NoOp|NoOp@NoOp|NoOp@NoOp
528368100:NoOp@NoOp|NoOp@NoOp|NoOp@NoOp|Move(S)@Move(S)|NoOp@NoOp|NoOp@NoOp|NoOp@NoOp|NoOp@NoOp|NoOp@NoOp|NoOp@NoOp
528440000:NoOp@NoOp|NoOp@NoOp|NoOp@NoOp|Move(S)@Move(S)|NoOp@NoOp|NoOp@NoOp|NoOp@NoOp|NoOp@NoOp|NoOp@NoOp|NoOp@NoOp
528513000:NoOp@NoOp|NoOp@NoOp|NoOp@NoOp|Move(S)@Move(S)|NoOp@NoOp|NoOp@NoOp|NoOp@NoOp|NoOp@NoOp|NoOp@NoOp|NoOp@NoOp
528576100:NoOp@NoOp|NoOp@NoOp|NoOp@NoOp|Move(S)@Move(S)|NoOp@NoOp|NoOp@NoOp|NoOp@NoOp|NoOp@NoOp|NoOp@NoOp|NoOp@NoOp
528633400:NoOp@NoOp|NoOp@NoOp|NoOp@NoOp|Move(S)@Move(S)|NoOp@NoOp|NoOp@NoOp|NoOp@NoOp|NoOp@NoOp|NoOp@NoOp|NoOp@NoOp
528687900:NoOp@NoOp|NoOp@NoOp|NoOp@NoOp|Move(W)@Move(W)|NoOp@NoOp|NoOp@NoOp|NoOp@NoOp|NoOp@NoOp|NoOp@NoOp|NoOp@NoOp
528741300:NoOp@NoOp|NoOp@NoOp|NoOp@NoOp|Move(W)@Move(W)|NoOp@NoOp|NoOp@NoOp|NoOp@NoOp|NoOp@NoOp|NoOp@NoOp|NoOp@NoOp
528805400:NoOp@NoOp|NoOp@NoOp|NoOp@NoOp|Move(W)@Move(W)|NoOp@NoOp|NoOp@NoOp|NoOp@NoOp|NoOp@NoOp|NoOp@NoOp|NoOp@NoOp
528866700:NoOp@NoOp|NoOp@NoOp|NoOp@NoOp|Move(W)@Move(W)|NoOp@NoOp|NoOp@NoOp|NoOp@NoOp|NoOp@NoOp|NoOp@NoOp|NoOp@NoOp
528921000:Move(N)@Move(N)|NoOp@NoOp|NoOp@NoOp|NoOp@NoOp|NoOp@NoOp|NoOp@NoOp|NoOp@NoOp|NoOp@NoOp|NoOp@NoOp|NoOp@NoOp
#end
#solved
true
#numactions
780
#time
528921000
#end
