#domain
hospital
#levelname
WeTried
#colors
red: 0, A, B, C, D
cyan: 1, I, J, K, L
purple: 2, M, N, O, P
#initial
+++++++++++++++++++++++++++++++++++++++++
+0   A   B   C   D     +                +
+                      +                +
+ +++++++ +++++++ +++++ + +++++ ++++++++
+       +       +       +       +      +
+       +       +       +       +      +
+   +   +   +   +   +   +   +   +   +  +
+   +       +       +       +       +  +
+   +++++ +++++ +++++ +++++ +++++ +++  +
+                                       +
+   +++++ +++++ +++++ +++++ +++++ +++  +
+   +       +       +       +       +  +
+   +   +   +   +   +   +   +   +   +  +
+       +       +       +       +      +
+       +       +       +       +      +
+ +++++++ +++++++ +++++ + +++++ ++++++++
+1   I   J   K   L     +     M   N   2  +
+                      +                +
+                             O   P     +
+++++++++++++++++++++++++++++++++++++++++
#goal
+++++++++++++++++++++++++++++++++++++++++
+                      +                +
+   P   O   N   M      +   L   K   J   I+
+ +++++++ +++++++ +++++ + +++++ ++++++++
+       +       +       +       +      +
+       +       +       +       +      +
+   +   +   +   +   +   +   +   +   +  +
+   +       +       +       +       +  +
+   +++++ +++++ +++++ +++++ +++++ +++  +
+                                       +
+   +++++ +++++ +++++ +++++ +++++ +++  +
+   +       +       +       +       +  +
+   +   +   +   +   +   +   +   +   +  +
+       +       +       +       +      +
+       +       +       +       +      +
+ +++++++ +++++++ +++++ + +++++ ++++++++
+   D   C   B   A      +                +
+                      +                +
+                                       +
+++++++++++++++++++++++++++++++++++++++++
#end
#clientname
Dracarys
#actions
12437386000:NoOp@NoOp|NoOp@NoOp|Move(S)@Move(S)
12437517900:NoOp@NoOp|NoOp@NoOp|Move(S)@Move(S)
12437626600:NoOp@NoOp|NoOp@NoOp|Move(W)@Move(W)
12437794900:NoOp@NoOp|NoOp@NoOp|Move(W)@Move(W)
12437945400:NoOp@NoOp|NoOp@NoOp|Push(W,N)@Push(W,N)
12438100800:NoOp@NoOp|NoOp@NoOp|Push(N,W)@Push(N,W)
12438214400:NoOp@NoOp|NoOp@NoOp|Push(W,W)@Push(W,W)
12438316700:NoOp@NoOp|NoOp@NoOp|Push(W,N)@Push(W,N)
12438421100:NoOp@NoOp|NoOp@NoOp|Push(N,W)@Push(N,W)
12438545900:NoOp@NoOp|NoOp@NoOp|Push(W,N)@Push(W,N)
12438665600:NoOp@NoOp|NoOp@NoOp|Push(N,N)@Push(N,N)
12438778100:NoOp@NoOp|NoOp@NoOp|Push(N,N)@Push(N,N)
12438900200:NoOp@NoOp|NoOp@NoOp|Push(N,W)@Push(N,W)
12439015300:NoOp@NoOp|NoOp@NoOp|Push(W,W)@Push(W,W)
12439105800:NoOp@NoOp|NoOp@NoOp|Push(W,W)@Push(W,W)
12439192800:NoOp@NoOp|NoOp@NoOp|Push(W,W)@Push(W,W)
12439315500:NoOp@NoOp|NoOp@NoOp|Push(W,N)@Push(W,N)
12439420700:NoOp@NoOp|NoOp@NoOp|Push(N,N)@Push(N,N)
12439504100:NoOp@NoOp|NoOp@NoOp|Push(N,N)@Push(N,N)
12439598100:NoOp@NoOp|NoOp@NoOp|Push(N,N)@Push(N,N)
12439705800:NoOp@NoOp|NoOp@NoOp|Push(N,N)@Push(N,N)
12439768500:NoOp@NoOp|NoOp@NoOp|Push(N,N)@Push(N,N)
12439838000:NoOp@NoOp|NoOp@NoOp|Push(N,W)@Push(N,W)
12439901200:NoOp@NoOp|NoOp@NoOp|Push(W,W)@Push(W,W)
12439960500:NoOp@NoOp|NoOp@NoOp|Push(W,W)@Push(W,W)
12440024800:NoOp@NoOp|NoOp@NoOp|Push(W,W)@Push(W,W)
12440124200:NoOp@NoOp|NoOp@NoOp|Push(W,N)@Push(W,N)
12440199000:NoOp@NoOp|NoOp@NoOp|Push(N,N)@Push(N,N)
12440256500:NoOp@NoOp|NoOp@NoOp|Push(N,N)@Push(N,N)
12440313700:NoOp@NoOp|NoOp@NoOp|Push(N,W)@Push(N,W)
12440370800:NoOp@NoOp|NoOp@NoOp|Push(W,W)@Push(W,W)
12440427900:NoOp@NoOp|NoOp@NoOp|Push(W,W)@Push(W,W)
12440485600:NoOp@NoOp|NoOp@NoOp|Push(W,W)@Push(W,W)
12440542900:NoOp@NoOp|NoOp@NoOp|Push(W,W)@Push(W,W)
12440601400:NoOp@NoOp|NoOp@NoOp|Push(W,W)@Push(W,W)
12440666000:NoOp@NoOp|NoOp@NoOp|Push(W,N)@Push(W,N)
12440723200:NoOp@NoOp|NoOp@NoOp|Push(N,N)@Push(N,N)
12440780300:NoOp@NoOp|NoOp@NoOp|Push(N,W)@Push(N,W)
12440837200:NoOp@NoOp|NoOp@NoOp|Push(W,W)@Push(W,W)
12440894000:NoOp@NoOp|NoOp@NoOp|Push(W,W)@Push(W,W)
12440951100:NoOp@NoOp|NoOp@NoOp|Push(W,W)@Push(W,W)
12441007800:NoOp@NoOp|NoOp@NoOp|Push(W,W)@Push(W,W)
12441065000:NoOp@NoOp|NoOp@NoOp|Push(W,W)@Push(W,W)
12441122100:NoOp@NoOp|NoOp@NoOp|Push(W,W)@Push(W,W)
12441179000:NoOp@NoOp|NoOp@NoOp|Push(W,W)@Push(W,W)
12441236200:NoOp@NoOp|NoOp@NoOp|Push(W,W)@Push(W,W)
12441293200:NoOp@NoOp|NoOp@NoOp|Push(W,W)@Push(W,W)
12441350100:NoOp@NoOp|NoOp@NoOp|Push(W,W)@Push(W,W)
12441407300:NoOp@NoOp|NoOp@NoOp|Push(W,W)@Push(W,W)
12441464300:NoOp@NoOp|NoOp@NoOp|Push(W,W)@Push(W,W)
12441521200:NoOp@NoOp|NoOp@NoOp|Move(E)@Move(E)
12441581400:NoOp@NoOp|NoOp@NoOp|Move(E)@Move(E)
12441645100:NoOp@NoOp|NoOp@NoOp|Move(E)@Move(E)
12441702000:NoOp@NoOp|NoOp@NoOp|Move(E)@Move(E)
12441758700:NoOp@NoOp|NoOp@NoOp|Move(S)@Move(S)
12441815400:NoOp@NoOp|NoOp@NoOp|Move(S)@Move(S)
12441871600:NoOp@NoOp|NoOp@NoOp|Move(S)@Move(S)
12441928200:NoOp@NoOp|NoOp@NoOp|Move(S)@Move(S)
12441985400:NoOp@NoOp|NoOp@NoOp|Move(S)@Move(S)
12442042200:NoOp@NoOp|NoOp@NoOp|Move(S)@Move(S)
12442098700:NoOp@NoOp|NoOp@NoOp|Move(S)@Move(S)
12442155200:NoOp@NoOp|NoOp@NoOp|Move(E)@Move(E)
12442211900:NoOp@NoOp|NoOp@NoOp|Move(E)@Move(E)
12442268400:NoOp@NoOp|NoOp@NoOp|Move(E)@Move(E)
12442325300:NoOp@NoOp|NoOp@NoOp|Move(E)@Move(E)
12442381900:NoOp@NoOp|NoOp@NoOp|Move(E)@Move(E)
12442438500:NoOp@NoOp|NoOp@NoOp|Move(E)@Move(E)
12442495100:NoOp@NoOp|NoOp@NoOp|Move(E)@Move(E)
12442551700:NoOp@NoOp|NoOp@NoOp|Move(E)@Move(E)
12442608600:NoOp@NoOp|NoOp@NoOp|Move(E)@Move(E)
12442665600:NoOp@NoOp|NoOp@NoOp|Move(E)@Move(E)
12442722300:NoOp@NoOp|NoOp@NoOp|Move(E)@Move(E)
12442778900:NoOp@NoOp|NoOp@NoOp|Move(E)@Move(E)
12442835400:NoOp@NoOp|NoOp@NoOp|Move(S)@Move(S)
12442891900:NoOp@NoOp|NoOp@NoOp|Move(S)@Move(S)
12442948500:NoOp@NoOp|NoOp@NoOp|Move(E)@Move(E)
12443004900:NoOp@NoOp|NoOp@NoOp|Move(E)@Move(E)
12443061300:NoOp@NoOp|NoOp@NoOp|Move(E)@Move(E)
12443117600:NoOp@NoOp|NoOp@NoOp|Move(E)@Move(E)
12443174300:NoOp@NoOp|NoOp@NoOp|Move(S)@Move(S)
12443230900:NoOp@NoOp|NoOp@NoOp|Move(S)@Move(S)
12443287600:NoOp@NoOp|NoOp@NoOp|Move(S)@Move(S)
12443344100:NoOp@NoOp|NoOp@NoOp|Move(S)@Move(S)
12443401000:NoOp@NoOp|NoOp@NoOp|Move(S)@Move(S)
12443457800:NoOp@NoOp|NoOp@NoOp|Move(S)@Move(S)
12443514600:NoOp@NoOp|NoOp@NoOp|Move(S)@Move(S)
12443571700:NoOp@NoOp|NoOp@NoOp|Move(E)@Move(E)
12443630000:NoOp@NoOp|NoOp@NoOp|Move(E)@Move(E)
12443687000:NoOp@NoOp|NoOp@NoOp|Move(E)@Move(E)
12443743400:NoOp@NoOp|NoOp@NoOp|Move(E)@Move(E)
12443800300:NoOp@NoOp|NoOp@NoOp|Push(E,N)@Push(E,N)
12443857600:NoOp@NoOp|NoOp@NoOp|Push(N,W)@Push(N,W)
12443914800:NoOp@NoOp|NoOp@NoOp|Push(W,W)@Push(W,W)
12443971800:NoOp@NoOp|NoOp@NoOp|Push(W,N)@Push(W,N)
12444028800:NoOp@NoOp|NoOp@NoOp|Push(N,W)@Push(N,W)
12444085900:NoOp@NoOp|NoOp@NoOp|Push(W,W)@Push(W,W)
12444143300:NoOp@NoOp|NoOp@NoOp|Push(W,W)@Push(W,W)
12444200500:NoOp@NoOp|NoOp@NoOp|Push(W,N)@Push(W,N)
12444257300:NoOp@NoOp|NoOp@NoOp|Push(N,N)@Push(N,N)
12444314100:NoOp@NoOp|NoOp@NoOp|Push(N,N)@Push(N,N)
12444371000:NoOp@NoOp|NoOp@NoOp|Push(N,N)@Push(N,N)
12444427900:NoOp@NoOp|NoOp@NoOp|Push(N,N)@Push(N,N)
12444484800:NoOp@NoOp|NoOp@NoOp|Push(N,W)@Push(N,W)
12444541600:NoOp@NoOp|NoOp@NoOp|Push(W,W)@Push(W,W)
12444599600:NoOp@NoOp|NoOp@NoOp|Push(W,W)@Push(W,W)
12444656800:NoOp@NoOp|NoOp@NoOp|Push(W,W)@Push(W,W)
12444713800:NoOp@NoOp|NoOp@NoOp|Push(W,N)@Push(W,N)
12444770900:NoOp@NoOp|NoOp@NoOp|Push(N,N)@Push(N,N)
12444827600:NoOp@NoOp|NoOp@NoOp|Push(N,N)@Push(N,N)
12444884900:NoOp@NoOp|NoOp@NoOp|Push(N,N)@Push(N,N)
12444942100:NoOp@NoOp|NoOp@NoOp|Push(N,N)@Push(N,N)
12444999000:NoOp@NoOp|NoOp@NoOp|Push(N,N)@Push(N,N)
12445056200:NoOp@NoOp|NoOp@NoOp|Push(N,N)@Push(N,N)
12445113400:NoOp@NoOp|NoOp@NoOp|Push(N,W)@Push(N,W)
12445170500:NoOp@NoOp|NoOp@NoOp|Push(W,W)@Push(W,W)
12445227200:NoOp@NoOp|NoOp@NoOp|Push(W,W)@Push(W,W)
12445284200:NoOp@NoOp|NoOp@NoOp|Push(W,W)@Push(W,W)
12445341200:NoOp@NoOp|NoOp@NoOp|Push(W,N)@Push(W,N)
12445398100:NoOp@NoOp|NoOp@NoOp|Push(N,N)@Push(N,N)
12445455100:NoOp@NoOp|NoOp@NoOp|Push(N,W)@Push(N,W)
12445514900:NoOp@NoOp|NoOp@NoOp|Push(W,W)@Push(W,W)
12445572600:NoOp@NoOp|NoOp@NoOp|Push(W,W)@Push(W,W)
12445631200:NoOp@NoOp|NoOp@NoOp|Push(W,W)@Push(W,W)
12445688200:NoOp@NoOp|NoOp@NoOp|Push(W,W)@Push(W,W)
12445745200:NoOp@NoOp|NoOp@NoOp|Push(W,W)@Push(W,W)
12445802100:NoOp@NoOp|NoOp@NoOp|Push(W,W)@Push(W,W)
12445859000:NoOp@NoOp|NoOp@NoOp|Push(W,W)@Push(W,W)
12445915600:NoOp@NoOp|NoOp@NoOp|Push(W,W)@Push(W,W)
12445975500:NoOp@NoOp|NoOp@NoOp|Move(S)@Move(S)
12446032600:NoOp@NoOp|NoOp@NoOp|Move(S)@Move(S)
12446089500:NoOp@NoOp|NoOp@NoOp|Move(S)@Move(S)
12446146500:NoOp@NoOp|NoOp@NoOp|Move(S)@Move(S)
12446203300:NoOp@NoOp|NoOp@NoOp|Move(S)@Move(S)
12446260400:NoOp@NoOp|NoOp@NoOp|Move(S)@Move(S)
12446317500:NoOp@NoOp|NoOp@NoOp|Move(S)@Move(S)
12446374100:NoOp@NoOp|NoOp@NoOp|Move(E)@Move(E)
12446431200:NoOp@NoOp|NoOp@NoOp|Move(E)@Move(E)
12446487900:NoOp@NoOp|NoOp@NoOp|Move(E)@Move(E)
12446544600:NoOp@NoOp|NoOp@NoOp|Move(E)@Move(E)
12446602300:NoOp@NoOp|NoOp@NoOp|Move(E)@Move(E)
12446659300:NoOp@NoOp|NoOp@NoOp|Move(E)@Move(E)
12446716200:NoOp@NoOp|NoOp@NoOp|Move(E)@Move(E)
12446793400:NoOp@NoOp|NoOp@NoOp|Move(E)@Move(E)
12446851800:NoOp@NoOp|NoOp@NoOp|Move(E)@Move(E)
12446926300:NoOp@NoOp|NoOp@NoOp|Move(E)@Move(E)
12446983200:NoOp@NoOp|NoOp@NoOp|Move(E)@Move(E)
12447040100:NoOp@NoOp|NoOp@NoOp|Move(E)@Move(E)
12447096700:NoOp@NoOp|NoOp@NoOp|Move(S)@Move(S)
12447153400:NoOp@NoOp|NoOp@NoOp|Move(S)@Move(S)
12447210100:NoOp@NoOp|NoOp@NoOp|Move(E)@Move(E)
12447266900:NoOp@NoOp|NoOp@NoOp|Move(E)@Move(E)
12447323600:NoOp@NoOp|NoOp@NoOp|Move(E)@Move(E)
12447380400:NoOp@NoOp|NoOp@NoOp|Move(E)@Move(E)
12447437300:NoOp@NoOp|NoOp@NoOp|Move(S)@Move(S)
12447494100:NoOp@NoOp|NoOp@NoOp|Move(S)@Move(S)
12447550600:NoOp@NoOp|NoOp@NoOp|Move(S)@Move(S)
12447613700:NoOp@NoOp|NoOp@NoOp|Move(E)@Move(E)
12447790900:NoOp@NoOp|NoOp@NoOp|Move(E)@Move(E)
12447882900:NoOp@NoOp|NoOp@NoOp|Move(E)@Move(E)
12447994200:NoOp@NoOp|NoOp@NoOp|Move(E)@Move(E)
12448083200:NoOp@NoOp|NoOp@NoOp|Move(E)@Move(E)
12448169400:NoOp@NoOp|NoOp@NoOp|Move(E)@Move(E)
12448249200:NoOp@NoOp|NoOp@NoOp|Move(S)@Move(S)
12448316000:NoOp@NoOp|NoOp@NoOp|Move(S)@Move(S)
12448390400:NoOp@NoOp|NoOp@NoOp|Move(E)@Move(E)
12448461500:NoOp@NoOp|NoOp@NoOp|Pull(W,W)@Pull(W,W)
12448540400:NoOp@NoOp|NoOp@NoOp|Pull(W,W)@Pull(W,W)
12448615000:NoOp@NoOp|NoOp@NoOp|Push(E,N)@Push(E,N)
12448673400:NoOp@NoOp|NoOp@NoOp|Push(N,N)@Push(N,N)
12448724000:NoOp@NoOp|NoOp@NoOp|Push(N,N)@Push(N,N)
12448789300:NoOp@NoOp|NoOp@NoOp|Push(N,W)@Push(N,W)
12448849100:NoOp@NoOp|NoOp@NoOp|Push(W,W)@Push(W,W)
12448898900:NoOp@NoOp|NoOp@NoOp|Push(W,W)@Push(W,W)
12448949900:NoOp@NoOp|NoOp@NoOp|Push(W,W)@Push(W,W)
12449022300:NoOp@NoOp|NoOp@NoOp|Push(W,N)@Push(W,N)
12449085700:NoOp@NoOp|NoOp@NoOp|Push(N,N)@Push(N,N)
12449139400:NoOp@NoOp|NoOp@NoOp|Push(N,N)@Push(N,N)
12449238800:NoOp@NoOp|NoOp@NoOp|Push(N,N)@Push(N,N)
12449309300:NoOp@NoOp|NoOp@NoOp|Push(N,N)@Push(N,N)
12449370700:NoOp@NoOp|NoOp@NoOp|Push(N,N)@Push(N,N)
12449430800:NoOp@NoOp|NoOp@NoOp|Push(N,W)@Push(N,W)
12449489900:NoOp@NoOp|NoOp@NoOp|Push(W,W)@Push(W,W)
12449556700:NoOp@NoOp|NoOp@NoOp|Push(W,W)@Push(W,W)
12449615000:NoOp@NoOp|NoOp@NoOp|Push(W,W)@Push(W,W)
12449665200:NoOp@NoOp|NoOp@NoOp|Push(W,N)@Push(W,N)
12449726200:NoOp@NoOp|NoOp@NoOp|Push(N,N)@Push(N,N)
12449791600:NoOp@NoOp|NoOp@NoOp|Push(N,N)@Push(N,N)
12449868800:NoOp@NoOp|NoOp@NoOp|Push(N,W)@Push(N,W)
12449934600:NoOp@NoOp|NoOp@NoOp|Push(W,W)@Push(W,W)
12449999400:NoOp@NoOp|NoOp@NoOp|Push(W,W)@Push(W,W)
12450064900:NoOp@NoOp|NoOp@NoOp|Push(W,W)@Push(W,W)
12450126400:NoOp@NoOp|NoOp@NoOp|Push(W,W)@Push(W,W)
12450215700:NoOp@NoOp|NoOp@NoOp|Push(W,W)@Push(W,W)
12450279300:NoOp@NoOp|NoOp@NoOp|Push(W,N)@Push(W,N)
12450339400:NoOp@NoOp|NoOp@NoOp|Push(N,N)@Push(N,N)
12450399300:NoOp@NoOp|NoOp@NoOp|Push(N,W)@Push(N,W)
12450458200:NoOp@NoOp|NoOp@NoOp|Push(W,W)@Push(W,W)
12450517000:NoOp@NoOp|NoOp@NoOp|Push(W,W)@Push(W,W)
12450575600:NoOp@NoOp|NoOp@NoOp|Push(W,W)@Push(W,W)
12450633000:NoOp@NoOp|NoOp@NoOp|Push(W,W)@Push(W,W)
12450691700:NoOp@NoOp|NoOp@NoOp|Move(E)@Move(E)
12450750000:NoOp@NoOp|NoOp@NoOp|Move(E)@Move(E)
12450808300:NoOp@NoOp|NoOp@NoOp|Move(E)@Move(E)
12450866500:NoOp@NoOp|NoOp@NoOp|Move(E)@Move(E)
12450924400:NoOp@NoOp|NoOp@NoOp|Move(S)@Move(S)
12450982600:NoOp@NoOp|NoOp@NoOp|Move(S)@Move(S)
12451040400:NoOp@NoOp|NoOp@NoOp|Move(S)@Move(S)
12451097900:NoOp@NoOp|NoOp@NoOp|Move(E)@Move(E)
12451155900:NoOp@NoOp|NoOp@NoOp|Move(E)@Move(E)
12451214500:NoOp@NoOp|NoOp@NoOp|Move(E)@Move(E)
12451272600:NoOp@NoOp|NoOp@NoOp|Move(E)@Move(E)
12451331100:NoOp@NoOp|NoOp@NoOp|Move(S)@Move(S)
12451389400:NoOp@NoOp|NoOp@NoOp|Move(S)@Move(S)
12451447300:NoOp@NoOp|NoOp@NoOp|Move(S)@Move(S)
12451505400:NoOp@NoOp|NoOp@NoOp|Move(S)@Move(S)
12451570400:NoOp@NoOp|NoOp@NoOp|Move(S)@Move(S)
12451633900:NoOp@NoOp|NoOp@NoOp|Move(S)@Move(S)
12451691600:NoOp@NoOp|NoOp@NoOp|Move(E)@Move(E)
12451749600:NoOp@NoOp|NoOp@NoOp|Move(E)@Move(E)
12451807700:NoOp@NoOp|NoOp@NoOp|Move(E)@Move(E)
12451865800:NoOp@NoOp|NoOp@NoOp|Move(E)@Move(E)
12451924000:NoOp@NoOp|NoOp@NoOp|Move(S)@Move(S)
12451981800:NoOp@NoOp|NoOp@NoOp|Move(S)@Move(S)
12452039900:NoOp@NoOp|NoOp@NoOp|Move(S)@Move(S)
12452098100:NoOp@NoOp|NoOp@NoOp|Move(S)@Move(S)
12452155700:NoOp@NoOp|NoOp@NoOp|Move(S)@Move(S)
12452213600:NoOp@NoOp|NoOp@NoOp|Move(E)@Move(E)
12452273800:NoOp@NoOp|NoOp@NoOp|Move(E)@Move(E)
12452337100:NoOp@NoOp|NoOp@NoOp|Move(E)@Move(E)
12452398800:NoOp@NoOp|NoOp@NoOp|Pull(W,W)@Pull(W,W)
12452458600:NoOp@NoOp|NoOp@NoOp|Pull(W,W)@Pull(W,W)
12452517300:NoOp@NoOp|NoOp@NoOp|Pull(W,W)@Pull(W,W)
12452576000:NoOp@NoOp|NoOp@NoOp|Pull(W,W)@Pull(W,W)
12452636400:NoOp@NoOp|NoOp@NoOp|Push(E,N)@Push(E,N)
12452696000:NoOp@NoOp|NoOp@NoOp|Push(N,N)@Push(N,N)
12452755100:NoOp@NoOp|NoOp@NoOp|Push(N,N)@Push(N,N)
12452813900:NoOp@NoOp|NoOp@NoOp|Push(N,N)@Push(N,N)
12452872800:NoOp@NoOp|NoOp@NoOp|Push(N,N)@Push(N,N)
12452931600:NoOp@NoOp|NoOp@NoOp|Push(N,W)@Push(N,W)
12452990500:NoOp@NoOp|NoOp@NoOp|Push(W,W)@Push(W,W)
12453049400:NoOp@NoOp|NoOp@NoOp|Push(W,W)@Push(W,W)
12453108400:NoOp@NoOp|NoOp@NoOp|Push(W,W)@Push(W,W)
12453167200:NoOp@NoOp|NoOp@NoOp|Push(W,N)@Push(W,N)
12453225900:NoOp@NoOp|NoOp@NoOp|Push(N,N)@Push(N,N)
12453284600:NoOp@NoOp|NoOp@NoOp|Push(N,N)@Push(N,N)
12453343400:NoOp@NoOp|NoOp@NoOp|Push(N,N)@Push(N,N)
12453402300:NoOp@NoOp|NoOp@NoOp|Push(N,N)@Push(N,N)
12453467500:NoOp@NoOp|NoOp@NoOp|Push(N,N)@Push(N,N)
12453526200:NoOp@NoOp|NoOp@NoOp|Push(N,N)@Push(N,N)
12453588300:NoOp@NoOp|NoOp@NoOp|Push(N,W)@Push(N,W)
12453651500:NoOp@NoOp|NoOp@NoOp|Push(W,W)@Push(W,W)
12453719800:NoOp@NoOp|NoOp@NoOp|Push(W,W)@Push(W,W)
12453795100:NoOp@NoOp|NoOp@NoOp|Push(W,W)@Push(W,W)
12453878700:NoOp@NoOp|NoOp@NoOp|Push(W,N)@Push(W,N)
12453959700:NoOp@NoOp|NoOp@NoOp|Push(N,N)@Push(N,N)
12454032800:NoOp@NoOp|NoOp@NoOp|Push(N,W)@Push(N,W)
12454122900:NoOp@NoOp|Move(S)@Move(S)|NoOp@NoOp
12454204700:NoOp@NoOp|Move(E)@Move(E)|NoOp@NoOp
12454308800:NoOp@NoOp|Move(E)@Move(E)|NoOp@NoOp
12454471900:NoOp@NoOp|Move(E)@Move(E)|NoOp@NoOp
12454617100:NoOp@NoOp|Move(E)@Move(E)|NoOp@NoOp
12454790400:NoOp@NoOp|Move(E)@Move(E)|NoOp@NoOp
12454999300:NoOp@NoOp|Move(E)@Move(E)|NoOp@NoOp
12455186800:NoOp@NoOp|Move(E)@Move(E)|NoOp@NoOp
12455364500:NoOp@NoOp|Move(E)@Move(E)|NoOp@NoOp
12455625600:NoOp@NoOp|Move(E)@Move(E)|NoOp@NoOp
12455741500:NoOp@NoOp|Move(E)@Move(E)|NoOp@NoOp
12455804900:NoOp@NoOp|Move(E)@Move(E)|NoOp@NoOp
12455869800:NoOp@NoOp|Move(E)@Move(E)|NoOp@NoOp
12455945100:NoOp@NoOp|Move(E)@Move(E)|NoOp@NoOp
12456017100:NoOp@NoOp|Move(N)@Move(N)|NoOp@NoOp
12456079300:NoOp@NoOp|Move(E)@Move(E)|NoOp@NoOp
12456150000:NoOp@NoOp|Move(E)@Move(E)|NoOp@NoOp
12456226700:NoOp@NoOp|Push(E,N)@Push(E,N)|NoOp@NoOp
12456314100:NoOp@NoOp|Push(N,N)@Push(N,N)|NoOp@NoOp
12456387900:NoOp@NoOp|Push(N,N)@Push(N,N)|NoOp@NoOp
12456460000:NoOp@NoOp|Push(N,E)@Push(N,E)|NoOp@NoOp
12456521700:NoOp@NoOp|Push(E,E)@Push(E,E)|NoOp@NoOp
12456581000:NoOp@NoOp|Push(E,E)@Push(E,E)|NoOp@NoOp
12456645500:NoOp@NoOp|Push(E,E)@Push(E,E)|NoOp@NoOp
12456704400:NoOp@NoOp|Push(E,N)@Push(E,N)|NoOp@NoOp
12456820400:NoOp@NoOp|Push(N,N)@Push(N,N)|NoOp@NoOp
12456906900:NoOp@NoOp|Push(N,N)@Push(N,N)|NoOp@NoOp
12456965100:NoOp@NoOp|Push(N,N)@Push(N,N)|NoOp@NoOp
12457023200:NoOp@NoOp|Push(N,N)@Push(N,N)|NoOp@NoOp
12457085900:NoOp@NoOp|Push(N,N)@Push(N,N)|NoOp@NoOp
12457144300:NoOp@NoOp|Push(N,E)@Push(N,E)|NoOp@NoOp
12457202400:NoOp@NoOp|Push(E,E)@Push(E,E)|NoOp@NoOp
12457260200:NoOp@NoOp|Push(E,E)@Push(E,E)|NoOp@NoOp
12457317800:NoOp@NoOp|Push(E,E)@Push(E,E)|NoOp@NoOp
12457384800:NoOp@NoOp|Push(E,N)@Push(E,N)|NoOp@NoOp
12457448200:NoOp@NoOp|Push(N,N)@Push(N,N)|NoOp@NoOp
12457510600:NoOp@NoOp|Push(N,N)@Push(N,N)|NoOp@NoOp
12457567700:NoOp@NoOp|Push(N,N)@Push(N,N)|NoOp@NoOp
12457627100:NoOp@NoOp|Push(N,N)@Push(N,N)|NoOp@NoOp
12457690600:NoOp@NoOp|Push(N,E)@Push(N,E)|NoOp@NoOp
12457751700:NoOp@NoOp|Push(E,E)@Push(E,E)|NoOp@NoOp
12457811300:NoOp@NoOp|Move(W)@Move(W)|NoOp@NoOp
12457869900:NoOp@NoOp|Move(S)@Move(S)|NoOp@NoOp
12457928800:NoOp@NoOp|Move(S)@Move(S)|NoOp@NoOp
12457987000:NoOp@NoOp|Move(S)@Move(S)|NoOp@NoOp
12458045700:NoOp@NoOp|Move(S)@Move(S)|NoOp@NoOp
12458103800:NoOp@NoOp|Move(S)@Move(S)|NoOp@NoOp
12458161900:NoOp@NoOp|Move(W)@Move(W)|NoOp@NoOp
12458220400:NoOp@NoOp|Move(W)@Move(W)|NoOp@NoOp
12458278300:NoOp@NoOp|Move(W)@Move(W)|NoOp@NoOp
12458336500:NoOp@NoOp|Move(W)@Move(W)|NoOp@NoOp
12458394900:NoOp@NoOp|Move(S)@Move(S)|NoOp@NoOp
12458461800:NoOp@NoOp|Move(S)@Move(S)|NoOp@NoOp
12458519800:NoOp@NoOp|Move(S)@Move(S)|NoOp@NoOp
12458578000:NoOp@NoOp|Move(S)@Move(S)|NoOp@NoOp
12458637800:NoOp@NoOp|Move(S)@Move(S)|NoOp@NoOp
12458696100:NoOp@NoOp|Move(S)@Move(S)|NoOp@NoOp
12458754800:NoOp@NoOp|Move(S)@Move(S)|NoOp@NoOp
12458813100:NoOp@NoOp|Move(W)@Move(W)|NoOp@NoOp
12458871500:NoOp@NoOp|Move(W)@Move(W)|NoOp@NoOp
12458929500:NoOp@NoOp|Move(W)@Move(W)|NoOp@NoOp
12458987800:NoOp@NoOp|Move(W)@Move(W)|NoOp@NoOp
12459045800:NoOp@NoOp|Move(S)@Move(S)|NoOp@NoOp
12459104000:NoOp@NoOp|Move(S)@Move(S)|NoOp@NoOp
12459162600:NoOp@NoOp|Move(W)@Move(W)|NoOp@NoOp
12459220800:NoOp@NoOp|Move(W)@Move(W)|NoOp@NoOp
12459279500:NoOp@NoOp|Move(W)@Move(W)|NoOp@NoOp
12459337900:NoOp@NoOp|Pull(E,E)@Pull(E,E)|NoOp@NoOp
12459396900:NoOp@NoOp|Pull(E,E)@Pull(E,E)|NoOp@NoOp
12459455300:NoOp@NoOp|Pull(E,E)@Pull(E,E)|NoOp@NoOp
12459514000:NoOp@NoOp|Pull(E,E)@Pull(E,E)|NoOp@NoOp
12459572400:NoOp@NoOp|Push(W,N)@Push(W,N)|NoOp@NoOp
12459631500:NoOp@NoOp|Push(N,N)@Push(N,N)|NoOp@NoOp
12459690100:NoOp@NoOp|Push(N,N)@Push(N,N)|NoOp@NoOp
12459748600:NoOp@NoOp|Push(N,E)@Push(N,E)|NoOp@NoOp
12459807200:NoOp@NoOp|Push(E,E)@Push(E,E)|NoOp@NoOp
12459869900:NoOp@NoOp|Push(E,E)@Push(E,E)|NoOp@NoOp
12459931500:NoOp@NoOp|Push(E,E)@Push(E,E)|NoOp@NoOp
12459993600:NoOp@NoOp|Push(E,N)@Push(E,N)|NoOp@NoOp
12460063900:NoOp@NoOp|Push(N,N)@Push(N,N)|NoOp@NoOp
12460159300:NoOp@NoOp|Push(N,N)@Push(N,N)|NoOp@NoOp
12460248700:NoOp@NoOp|Push(N,N)@Push(N,N)|NoOp@NoOp
12460332600:NoOp@NoOp|Push(N,N)@Push(N,N)|NoOp@NoOp
12460433900:NoOp@NoOp|Push(N,N)@Push(N,N)|NoOp@NoOp
12460526600:NoOp@NoOp|Push(N,E)@Push(N,E)|NoOp@NoOp
12460691400:NoOp@NoOp|Push(E,E)@Push(E,E)|NoOp@NoOp
12460824900:NoOp@NoOp|Push(E,E)@Push(E,E)|NoOp@NoOp
12461054100:NoOp@NoOp|Push(E,E)@Push(E,E)|NoOp@NoOp
12461209400:NoOp@NoOp|Push(E,N)@Push(E,N)|NoOp@NoOp
12461396700:NoOp@NoOp|Push(N,N)@Push(N,N)|NoOp@NoOp
12461520800:NoOp@NoOp|Push(N,N)@Push(N,N)|NoOp@NoOp
12461586800:NoOp@NoOp|Push(N,E)@Push(N,E)|NoOp@NoOp
12461656200:NoOp@NoOp|Push(E,E)@Push(E,E)|NoOp@NoOp
12461718300:NoOp@NoOp|Push(E,E)@Push(E,E)|NoOp@NoOp
12461780600:NoOp@NoOp|Push(E,E)@Push(E,E)|NoOp@NoOp
12461843800:NoOp@NoOp|Push(E,E)@Push(E,E)|NoOp@NoOp
12461905200:NoOp@NoOp|Push(E,E)@Push(E,E)|NoOp@NoOp
12461960400:NoOp@NoOp|Push(E,N)@Push(E,N)|NoOp@NoOp
12462019400:NoOp@NoOp|Push(N,N)@Push(N,N)|NoOp@NoOp
12462081300:NoOp@NoOp|Move(S)@Move(S)|NoOp@NoOp
12462136700:NoOp@NoOp|Move(S)@Move(S)|NoOp@NoOp
12462195000:NoOp@NoOp|Move(W)@Move(W)|NoOp@NoOp
12462260500:NoOp@NoOp|Move(W)@Move(W)|NoOp@NoOp
12462321300:NoOp@NoOp|Move(W)@Move(W)|NoOp@NoOp
12462394900:NoOp@NoOp|Move(W)@Move(W)|NoOp@NoOp
12462512300:NoOp@NoOp|Move(S)@Move(S)|NoOp@NoOp
12462575400:NoOp@NoOp|Move(S)@Move(S)|NoOp@NoOp
12462650700:NoOp@NoOp|Move(S)@Move(S)|NoOp@NoOp
12462710400:NoOp@NoOp|Move(S)@Move(S)|NoOp@NoOp
12462767600:NoOp@NoOp|Move(S)@Move(S)|NoOp@NoOp
12462825600:NoOp@NoOp|Move(S)@Move(S)|NoOp@NoOp
12462883100:NoOp@NoOp|Move(W)@Move(W)|NoOp@NoOp
12462940600:NoOp@NoOp|Move(W)@Move(W)|NoOp@NoOp
12462997900:NoOp@NoOp|Move(W)@Move(W)|NoOp@NoOp
12463055200:NoOp@NoOp|Move(W)@Move(W)|NoOp@NoOp
12463112600:NoOp@NoOp|Move(S)@Move(S)|NoOp@NoOp
12463185300:NoOp@NoOp|Move(S)@Move(S)|NoOp@NoOp
12463242800:NoOp@NoOp|Move(S)@Move(S)|NoOp@NoOp
12463300200:NoOp@NoOp|Move(W)@Move(W)|NoOp@NoOp
12463357900:NoOp@NoOp|Move(W)@Move(W)|NoOp@NoOp
12463415500:NoOp@NoOp|Move(W)@Move(W)|NoOp@NoOp
12463472900:NoOp@NoOp|Move(W)@Move(W)|NoOp@NoOp
12463530700:NoOp@NoOp|Move(W)@Move(W)|NoOp@NoOp
12463588200:NoOp@NoOp|Move(W)@Move(W)|NoOp@NoOp
12463697000:NoOp@NoOp|Move(S)@Move(S)|NoOp@NoOp
12463778900:NoOp@NoOp|Move(S)@Move(S)|NoOp@NoOp
12463857200:NoOp@NoOp|Move(W)@Move(W)|NoOp@NoOp
12463926500:NoOp@NoOp|Move(W)@Move(W)|NoOp@NoOp
12463985500:NoOp@NoOp|Move(W)@Move(W)|NoOp@NoOp
12464043900:NoOp@NoOp|Move(W)@Move(W)|NoOp@NoOp
12464102100:NoOp@NoOp|Move(W)@Move(W)|NoOp@NoOp
12464159900:NoOp@NoOp|Move(W)@Move(W)|NoOp@NoOp
12464217500:NoOp@NoOp|Move(W)@Move(W)|NoOp@NoOp
12464275200:NoOp@NoOp|Push(W,N)@Push(W,N)|NoOp@NoOp
12464333600:NoOp@NoOp|Push(N,N)@Push(N,N)|NoOp@NoOp
12464391700:NoOp@NoOp|Push(N,N)@Push(N,N)|NoOp@NoOp
12464449400:NoOp@NoOp|Push(N,N)@Push(N,N)|NoOp@NoOp
12464507200:NoOp@NoOp|Push(N,N)@Push(N,N)|NoOp@NoOp
12464564800:NoOp@NoOp|Push(N,N)@Push(N,N)|NoOp@NoOp
12464628500:NoOp@NoOp|Push(N,N)@Push(N,N)|NoOp@NoOp
12464686300:NoOp@NoOp|Push(N,E)@Push(N,E)|NoOp@NoOp
12464744200:NoOp@NoOp|Push(E,E)@Push(E,E)|NoOp@NoOp
12464807200:NoOp@NoOp|Push(E,E)@Push(E,E)|NoOp@NoOp
12464865200:NoOp@NoOp|Push(E,E)@Push(E,E)|NoOp@NoOp
12464922800:NoOp@NoOp|Push(E,E)@Push(E,E)|NoOp@NoOp
12464980600:NoOp@NoOp|Push(E,E)@Push(E,E)|NoOp@NoOp
12465038300:NoOp@NoOp|Push(E,E)@Push(E,E)|NoOp@NoOp
12465095900:NoOp@NoOp|Push(E,E)@Push(E,E)|NoOp@NoOp
12465153600:NoOp@NoOp|Push(E,E)@Push(E,E)|NoOp@NoOp
12465211300:NoOp@NoOp|Push(E,E)@Push(E,E)|NoOp@NoOp
12465269000:NoOp@NoOp|Push(E,E)@Push(E,E)|NoOp@NoOp
12465326400:NoOp@NoOp|Push(E,E)@Push(E,E)|NoOp@NoOp
12465384100:NoOp@NoOp|Push(E,N)@Push(E,N)|NoOp@NoOp
12465441800:NoOp@NoOp|Push(N,N)@Push(N,N)|NoOp@NoOp
12465499300:NoOp@NoOp|Push(N,E)@Push(N,E)|NoOp@NoOp
12465557100:NoOp@NoOp|Push(E,E)@Push(E,E)|NoOp@NoOp
12465625800:NoOp@NoOp|Push(E,E)@Push(E,E)|NoOp@NoOp
12465685600:NoOp@NoOp|Push(E,E)@Push(E,E)|NoOp@NoOp
12465743200:NoOp@NoOp|Push(E,N)@Push(E,N)|NoOp@NoOp
12465800700:NoOp@NoOp|Push(N,N)@Push(N,N)|NoOp@NoOp
12465858400:NoOp@NoOp|Push(N,N)@Push(N,N)|NoOp@NoOp
12465916700:NoOp@NoOp|Push(N,N)@Push(N,N)|NoOp@NoOp
12465974700:NoOp@NoOp|Push(N,N)@Push(N,N)|NoOp@NoOp
12466032700:NoOp@NoOp|Push(N,N)@Push(N,N)|NoOp@NoOp
12466090700:NoOp@NoOp|Push(N,E)@Push(N,E)|NoOp@NoOp
12466148600:NoOp@NoOp|Push(E,E)@Push(E,E)|NoOp@NoOp
12466206600:NoOp@NoOp|Push(E,E)@Push(E,E)|NoOp@NoOp
12466264600:NoOp@NoOp|Push(E,E)@Push(E,E)|NoOp@NoOp
12466322300:NoOp@NoOp|Push(E,E)@Push(E,E)|NoOp@NoOp
12466379800:NoOp@NoOp|Push(E,E)@Push(E,E)|NoOp@NoOp
12466437700:NoOp@NoOp|Push(E,E)@Push(E,E)|NoOp@NoOp
12466495500:NoOp@NoOp|Push(E,S)@Push(E,S)|NoOp@NoOp
12466553500:NoOp@NoOp|Push(S,E)@Push(S,E)|NoOp@NoOp
12466611100:NoOp@NoOp|Push(E,E)@Push(E,E)|NoOp@NoOp
12466674600:NoOp@NoOp|Push(E,E)@Push(E,E)|NoOp@NoOp
12466732700:NoOp@NoOp|Move(N)@Move(N)|NoOp@NoOp
12466790500:NoOp@NoOp|Move(W)@Move(W)|NoOp@NoOp
12466847900:NoOp@NoOp|Move(W)@Move(W)|NoOp@NoOp
12466905200:NoOp@NoOp|Move(W)@Move(W)|NoOp@NoOp
12466962700:NoOp@NoOp|Move(W)@Move(W)|NoOp@NoOp
12467020400:NoOp@NoOp|Move(W)@Move(W)|NoOp@NoOp
12467077800:NoOp@NoOp|Move(W)@Move(W)|NoOp@NoOp
12467135600:NoOp@NoOp|Move(W)@Move(W)|NoOp@NoOp
12467193000:NoOp@NoOp|Move(W)@Move(W)|NoOp@NoOp
12467250500:NoOp@NoOp|Move(S)@Move(S)|NoOp@NoOp
12467307900:NoOp@NoOp|Move(W)@Move(W)|NoOp@NoOp
12467365500:NoOp@NoOp|Move(S)@Move(S)|NoOp@NoOp
12467423000:NoOp@NoOp|Move(S)@Move(S)|NoOp@NoOp
12467480700:NoOp@NoOp|Move(S)@Move(S)|NoOp@NoOp
12467538000:NoOp@NoOp|Move(S)@Move(S)|NoOp@NoOp
12467597200:NoOp@NoOp|Move(S)@Move(S)|NoOp@NoOp
12467670700:NoOp@NoOp|Move(W)@Move(W)|NoOp@NoOp
12467730300:NoOp@NoOp|Move(W)@Move(W)|NoOp@NoOp
12467792900:NoOp@NoOp|Move(W)@Move(W)|NoOp@NoOp
12467864200:NoOp@NoOp|Move(W)@Move(W)|NoOp@NoOp
12467922100:NoOp@NoOp|Move(S)@Move(S)|NoOp@NoOp
12467979900:NoOp@NoOp|Move(S)@Move(S)|NoOp@NoOp
12468037400:NoOp@NoOp|Move(S)@Move(S)|NoOp@NoOp
12468094800:NoOp@NoOp|Move(S)@Move(S)|NoOp@NoOp
12468152800:NoOp@NoOp|Move(S)@Move(S)|NoOp@NoOp
12468210400:NoOp@NoOp|Move(S)@Move(S)|NoOp@NoOp
12468268000:NoOp@NoOp|Move(S)@Move(S)|NoOp@NoOp
12468325100:NoOp@NoOp|Move(W)@Move(W)|NoOp@NoOp
12468382500:NoOp@NoOp|Move(W)@Move(W)|NoOp@NoOp
12468440000:NoOp@NoOp|Move(W)@Move(W)|NoOp@NoOp
12468497300:NoOp@NoOp|Move(W)@Move(W)|NoOp@NoOp
12468554600:NoOp@NoOp|Move(S)@Move(S)|NoOp@NoOp
12468612200:NoOp@NoOp|Move(S)@Move(S)|NoOp@NoOp
12468675000:NoOp@NoOp|Move(W)@Move(W)|NoOp@NoOp
12468732400:NoOp@NoOp|Move(W)@Move(W)|NoOp@NoOp
12468789900:NoOp@NoOp|Move(W)@Move(W)|NoOp@NoOp
12468847100:NoOp@NoOp|Move(W)@Move(W)|NoOp@NoOp
12468904500:NoOp@NoOp|Move(W)@Move(W)|NoOp@NoOp
12468962100:NoOp@NoOp|Move(W)@Move(W)|NoOp@NoOp
12469019600:NoOp@NoOp|Move(W)@Move(W)|NoOp@NoOp
12469077100:NoOp@NoOp|Move(W)@Move(W)|NoOp@NoOp
12469134700:NoOp@NoOp|Move(W)@Move(W)|NoOp@NoOp
12469192100:NoOp@NoOp|Move(W)@Move(W)|NoOp@NoOp
12469249600:NoOp@NoOp|Move(W)@Move(W)|NoOp@NoOp
12469307400:NoOp@NoOp|Pull(E,E)@Pull(E,E)|NoOp@NoOp
12469365800:NoOp@NoOp|Pull(E,E)@Pull(E,E)|NoOp@NoOp
12469423400:NoOp@NoOp|Pull(E,E)@Pull(E,E)|NoOp@NoOp
12469481100:NoOp@NoOp|Pull(E,E)@Pull(E,E)|NoOp@NoOp
12469550700:NoOp@NoOp|Push(W,N)@Push(W,N)|NoOp@NoOp
12469609000:NoOp@NoOp|Push(N,N)@Push(N,N)|NoOp@NoOp
12469671500:NoOp@NoOp|Push(N,N)@Push(N,N)|NoOp@NoOp
12469729500:NoOp@NoOp|Push(N,N)@Push(N,N)|NoOp@NoOp
12469787200:NoOp@NoOp|Push(N,N)@Push(N,N)|NoOp@NoOp
12469845000:NoOp@NoOp|Push(N,N)@Push(N,N)|NoOp@NoOp
12469902400:NoOp@NoOp|Push(N,N)@Push(N,N)|NoOp@NoOp
12469960400:NoOp@NoOp|Push(N,E)@Push(N,E)|NoOp@NoOp
12470018400:NoOp@NoOp|Push(E,E)@Push(E,E)|NoOp@NoOp
12470076300:NoOp@NoOp|Push(E,E)@Push(E,E)|NoOp@NoOp
12470139600:NoOp@NoOp|Push(E,E)@Push(E,E)|NoOp@NoOp
12470197500:NoOp@NoOp|Push(E,E)@Push(E,E)|NoOp@NoOp
12470255500:NoOp@NoOp|Push(E,E)@Push(E,E)|NoOp@NoOp
12470313400:NoOp@NoOp|Push(E,E)@Push(E,E)|NoOp@NoOp
12470371100:NoOp@NoOp|Push(E,E)@Push(E,E)|NoOp@NoOp
12470428900:NoOp@NoOp|Push(E,E)@Push(E,E)|NoOp@NoOp
12470486600:NoOp@NoOp|Push(E,E)@Push(E,E)|NoOp@NoOp
12470544300:NoOp@NoOp|Push(E,E)@Push(E,E)|NoOp@NoOp
12470602000:NoOp@NoOp|Push(E,E)@Push(E,E)|NoOp@NoOp
12470659900:NoOp@NoOp|Push(E,N)@Push(E,N)|NoOp@NoOp
12470717700:NoOp@NoOp|Push(N,N)@Push(N,N)|NoOp@NoOp
12470775200:NoOp@NoOp|Push(N,E)@Push(N,E)|NoOp@NoOp
12470832900:NoOp@NoOp|Push(E,E)@Push(E,E)|NoOp@NoOp
12470890600:NoOp@NoOp|Push(E,E)@Push(E,E)|NoOp@NoOp
12470948300:NoOp@NoOp|Push(E,E)@Push(E,E)|NoOp@NoOp
12471006100:NoOp@NoOp|Push(E,N)@Push(E,N)|NoOp@NoOp
12471063700:NoOp@NoOp|Push(N,N)@Push(N,N)|NoOp@NoOp
12471121300:NoOp@NoOp|Push(N,N)@Push(N,N)|NoOp@NoOp
12471178900:NoOp@NoOp|Push(N,N)@Push(N,N)|NoOp@NoOp
12471237000:NoOp@NoOp|Push(N,N)@Push(N,N)|NoOp@NoOp
12471294600:NoOp@NoOp|Push(N,N)@Push(N,N)|NoOp@NoOp
12471352700:NoOp@NoOp|Push(N,E)@Push(N,E)|NoOp@NoOp
12471410400:NoOp@NoOp|Push(E,E)@Push(E,E)|NoOp@NoOp
12471468000:NoOp@NoOp|Push(E,E)@Push(E,E)|NoOp@NoOp
12471525700:NoOp@NoOp|Push(E,E)@Push(E,E)|NoOp@NoOp
12471583300:NoOp@NoOp|Push(E,E)@Push(E,E)|NoOp@NoOp
12471640800:NoOp@NoOp|Push(E,E)@Push(E,E)|NoOp@NoOp
12471696900:NoOp@NoOp|Push(E,E)@Push(E,E)|NoOp@NoOp
12471754600:NoOp@NoOp|Push(E,E)@Push(E,E)|NoOp@NoOp
12471812300:NoOp@NoOp|Push(E,E)@Push(E,E)|NoOp@NoOp
12471870000:NoOp@NoOp|Push(E,E)@Push(E,E)|NoOp@NoOp
12471927600:NoOp@NoOp|Push(E,E)@Push(E,E)|NoOp@NoOp
12471985500:NoOp@NoOp|Push(E,S)@Push(E,S)|NoOp@NoOp
12472043500:NoOp@NoOp|Push(S,E)@Push(S,E)|NoOp@NoOp
12472101600:NoOp@NoOp|Push(E,E)@Push(E,E)|NoOp@NoOp
12472159700:NoOp@NoOp|Push(E,E)@Push(E,E)|NoOp@NoOp
12472217500:NoOp@NoOp|NoOp@NoOp|Move(E)@Move(E)
12472275400:Move(S)@Move(S)|NoOp@NoOp|NoOp@NoOp
12472333200:Move(S)@Move(S)|NoOp@NoOp|NoOp@NoOp
12472391000:Move(S)@Move(S)|NoOp@NoOp|NoOp@NoOp
12472448700:Move(S)@Move(S)|NoOp@NoOp|NoOp@NoOp
12472505900:Move(S)@Move(S)|NoOp@NoOp|NoOp@NoOp
12472563400:Move(S)@Move(S)|NoOp@NoOp|NoOp@NoOp
12472620800:Move(S)@Move(S)|NoOp@NoOp|NoOp@NoOp
12472683300:Move(S)@Move(S)|NoOp@NoOp|NoOp@NoOp
12472740700:Move(E)@Move(E)|NoOp@NoOp|NoOp@NoOp
12472798300:Move(E)@Move(E)|NoOp@NoOp|NoOp@NoOp
12472856200:Move(E)@Move(E)|NoOp@NoOp|NoOp@NoOp
12472913900:Move(E)@Move(E)|NoOp@NoOp|NoOp@NoOp
12472971200:Move(E)@Move(E)|NoOp@NoOp|NoOp@NoOp
12473028500:Move(E)@Move(E)|NoOp@NoOp|NoOp@NoOp
12473086000:Move(E)@Move(E)|NoOp@NoOp|NoOp@NoOp
12473143600:Move(E)@Move(E)|NoOp@NoOp|NoOp@NoOp
12473201100:Move(E)@Move(E)|NoOp@NoOp|NoOp@NoOp
12473258400:Move(E)@Move(E)|NoOp@NoOp|NoOp@NoOp
12473315700:Move(E)@Move(E)|NoOp@NoOp|NoOp@NoOp
12473373100:Move(E)@Move(E)|NoOp@NoOp|NoOp@NoOp
12473430600:Move(E)@Move(E)|NoOp@NoOp|NoOp@NoOp
12473488200:Move(E)@Move(E)|NoOp@NoOp|NoOp@NoOp
12473545900:Move(N)@Move(N)|NoOp@NoOp|NoOp@NoOp
12473603500:Move(N)@Move(N)|NoOp@NoOp|NoOp@NoOp
12473661100:Move(E)@Move(E)|NoOp@NoOp|NoOp@NoOp
12473718500:Move(E)@Move(E)|NoOp@NoOp|NoOp@NoOp
12473776100:Move(N)@Move(N)|NoOp@NoOp|NoOp@NoOp
12473833800:Move(N)@Move(N)|NoOp@NoOp|NoOp@NoOp
12473891500:Move(N)@Move(N)|NoOp@NoOp|NoOp@NoOp
12473949500:Move(N)@Move(N)|NoOp@NoOp|NoOp@NoOp
12474006700:Move(N)@Move(N)|NoOp@NoOp|NoOp@NoOp
12474064300:Pull(S,S)@Pull(S,S)|NoOp@NoOp|NoOp@NoOp
12474122500:Pull(S,S)@Pull(S,S)|NoOp@NoOp|NoOp@NoOp
12474180700:Pull(S,S)@Pull(S,S)|NoOp@NoOp|NoOp@NoOp
12474238400:Pull(S,S)@Pull(S,S)|NoOp@NoOp|NoOp@NoOp
12474296300:Pull(S,S)@Pull(S,S)|NoOp@NoOp|NoOp@NoOp
12474354300:Pull(E,S)@Pull(E,S)|NoOp@NoOp|NoOp@NoOp
12474412000:Push(W,W)@Push(W,W)|NoOp@NoOp|NoOp@NoOp
12474470000:Push(W,W)@Push(W,W)|NoOp@NoOp|NoOp@NoOp
12474528300:Push(W,S)@Push(W,S)|NoOp@NoOp|NoOp@NoOp
12474588100:Push(S,S)@Push(S,S)|NoOp@NoOp|NoOp@NoOp
12474646100:Push(S,S)@Push(S,S)|NoOp@NoOp|NoOp@NoOp
12474702300:Push(S,S)@Push(S,S)|NoOp@NoOp|NoOp@NoOp
12474760300:Push(S,S)@Push(S,S)|NoOp@NoOp|NoOp@NoOp
12474817900:Push(S,S)@Push(S,S)|NoOp@NoOp|NoOp@NoOp
12474888200:Push(S,S)@Push(S,S)|NoOp@NoOp|NoOp@NoOp
12474945800:Push(S,W)@Push(S,W)|NoOp@NoOp|NoOp@NoOp
12475003700:Push(W,W)@Push(W,W)|NoOp@NoOp|NoOp@NoOp
12475061200:Push(W,W)@Push(W,W)|NoOp@NoOp|NoOp@NoOp
12475118900:Push(W,W)@Push(W,W)|NoOp@NoOp|NoOp@NoOp
12475176500:Push(W,W)@Push(W,W)|NoOp@NoOp|NoOp@NoOp
12475234100:Push(W,W)@Push(W,W)|NoOp@NoOp|NoOp@NoOp
12475291700:Push(W,S)@Push(W,S)|NoOp@NoOp|NoOp@NoOp
12475349400:Push(S,S)@Push(S,S)|NoOp@NoOp|NoOp@NoOp
12475410300:Push(S,W)@Push(S,W)|NoOp@NoOp|NoOp@NoOp
12475468000:Push(W,W)@Push(W,W)|NoOp@NoOp|NoOp@NoOp
12475525700:Push(W,W)@Push(W,W)|NoOp@NoOp|NoOp@NoOp
12475583400:Push(W,W)@Push(W,W)|NoOp@NoOp|NoOp@NoOp
12475640900:Push(W,W)@Push(W,W)|NoOp@NoOp|NoOp@NoOp
12475694200:Move(E)@Move(E)|NoOp@NoOp|NoOp@NoOp
12475752100:Move(E)@Move(E)|NoOp@NoOp|NoOp@NoOp
12475809700:Move(E)@Move(E)|NoOp@NoOp|NoOp@NoOp
12475867400:Move(E)@Move(E)|NoOp@NoOp|NoOp@NoOp
12475924700:Move(N)@Move(N)|NoOp@NoOp|NoOp@NoOp
12475982200:Move(N)@Move(N)|NoOp@NoOp|NoOp@NoOp
12476039500:Move(N)@Move(N)|NoOp@NoOp|NoOp@NoOp
12476097200:Move(N)@Move(N)|NoOp@NoOp|NoOp@NoOp
12476154800:Move(N)@Move(N)|NoOp@NoOp|NoOp@NoOp
12476212300:Move(N)@Move(N)|NoOp@NoOp|NoOp@NoOp
12476269800:Move(N)@Move(N)|NoOp@NoOp|NoOp@NoOp
12476326800:Move(N)@Move(N)|NoOp@NoOp|NoOp@NoOp
12476384200:Move(N)@Move(N)|NoOp@NoOp|NoOp@NoOp
12476441500:Move(N)@Move(N)|NoOp@NoOp|NoOp@NoOp
12476499000:Move(N)@Move(N)|NoOp@NoOp|NoOp@NoOp
12476556300:Move(N)@Move(N)|NoOp@NoOp|NoOp@NoOp
12476613900:Move(N)@Move(N)|NoOp@NoOp|NoOp@NoOp
12476677000:Move(N)@Move(N)|NoOp@NoOp|NoOp@NoOp
12476734800:Move(E)@Move(E)|NoOp@NoOp|NoOp@NoOp
12476792300:Move(N)@Move(N)|NoOp@NoOp|NoOp@NoOp
12476849700:Move(E)@Move(E)|NoOp@NoOp|NoOp@NoOp
12476907200:Move(E)@Move(E)|NoOp@NoOp|NoOp@NoOp
12476964700:Pull(W,W)@Pull(W,W)|NoOp@NoOp|NoOp@NoOp
12477022700:Pull(W,W)@Pull(W,W)|NoOp@NoOp|NoOp@NoOp
12477080800:Push(E,S)@Push(E,S)|NoOp@NoOp|NoOp@NoOp
12477138600:Push(S,W)@Push(S,W)|NoOp@NoOp|NoOp@NoOp
12477196400:Push(W,W)@Push(W,W)|NoOp@NoOp|NoOp@NoOp
12477254400:Push(W,S)@Push(W,S)|NoOp@NoOp|NoOp@NoOp
12477312400:Push(S,S)@Push(S,S)|NoOp@NoOp|NoOp@NoOp
12477370100:Push(S,S)@Push(S,S)|NoOp@NoOp|NoOp@NoOp
12477427700:Push(S,S)@Push(S,S)|NoOp@NoOp|NoOp@NoOp
12477485600:Push(S,S)@Push(S,S)|NoOp@NoOp|NoOp@NoOp
12477543200:Push(S,S)@Push(S,S)|NoOp@NoOp|NoOp@NoOp
12477600900:Push(S,S)@Push(S,S)|NoOp@NoOp|NoOp@NoOp
12477680300:Push(S,S)@Push(S,S)|NoOp@NoOp|NoOp@NoOp
12477738500:Push(S,S)@Push(S,S)|NoOp@NoOp|NoOp@NoOp
12477796200:Push(S,S)@Push(S,S)|NoOp@NoOp|NoOp@NoOp
12477854200:Push(S,S)@Push(S,S)|NoOp@NoOp|NoOp@NoOp
12477912200:Push(S,S)@Push(S,S)|NoOp@NoOp|NoOp@NoOp
12477970100:Push(S,S)@Push(S,S)|NoOp@NoOp|NoOp@NoOp
12478027800:Push(S,S)@Push(S,S)|NoOp@NoOp|NoOp@NoOp
12478085500:Push(S,W)@Push(S,W)|NoOp@NoOp|NoOp@NoOp
12478143500:Move(N)@Move(N)|NoOp@NoOp|NoOp@NoOp
12478201100:Move(N)@Move(N)|NoOp@NoOp|NoOp@NoOp
12478258700:Move(N)@Move(N)|NoOp@NoOp|NoOp@NoOp
12478316200:Move(N)@Move(N)|NoOp@NoOp|NoOp@NoOp
12478373500:Move(N)@Move(N)|NoOp@NoOp|NoOp@NoOp
12478431000:Move(N)@Move(N)|NoOp@NoOp|NoOp@NoOp
12478488600:Move(N)@Move(N)|NoOp@NoOp|NoOp@NoOp
12478546000:Move(N)@Move(N)|NoOp@NoOp|NoOp@NoOp
12478603400:Move(N)@Move(N)|NoOp@NoOp|NoOp@NoOp
12478661000:Move(N)@Move(N)|NoOp@NoOp|NoOp@NoOp
12478718300:Move(N)@Move(N)|NoOp@NoOp|NoOp@NoOp
12478776100:Move(N)@Move(N)|NoOp@NoOp|NoOp@NoOp
12478833500:Move(N)@Move(N)|NoOp@NoOp|NoOp@NoOp
12478891000:Move(N)@Move(N)|NoOp@NoOp|NoOp@NoOp
12478948900:Pull(S,S)@Pull(S,S)|NoOp@NoOp|NoOp@NoOp
12479007000:Pull(S,S)@Pull(S,S)|NoOp@NoOp|NoOp@NoOp
12479065300:Pull(S,S)@Pull(S,S)|NoOp@NoOp|NoOp@NoOp
12479123200:Pull(S,S)@Pull(S,S)|NoOp@NoOp|NoOp@NoOp
12479181200:Pull(S,S)@Pull(S,S)|NoOp@NoOp|NoOp@NoOp
12479239300:Pull(S,S)@Pull(S,S)|NoOp@NoOp|NoOp@NoOp
12479297000:Pull(S,S)@Pull(S,S)|NoOp@NoOp|NoOp@NoOp
12479354900:Pull(S,S)@Pull(S,S)|NoOp@NoOp|NoOp@NoOp
12479412900:Pull(S,S)@Pull(S,S)|NoOp@NoOp|NoOp@NoOp
12479470800:Pull(S,S)@Pull(S,S)|NoOp@NoOp|NoOp@NoOp
12479528700:Pull(S,S)@Pull(S,S)|NoOp@NoOp|NoOp@NoOp
12479586700:Pull(S,S)@Pull(S,S)|NoOp@NoOp|NoOp@NoOp
12479644700:Pull(S,S)@Pull(S,S)|NoOp@NoOp|NoOp@NoOp
12479720500:Pull(S,S)@Pull(S,S)|NoOp@NoOp|NoOp@NoOp
12479805800:Pull(S,S)@Pull(S,S)|NoOp@NoOp|NoOp@NoOp
12479871000:Push(N,E)@Push(N,E)|NoOp@NoOp|NoOp@NoOp
12479934300:Push(E,E)@Push(E,E)|NoOp@NoOp|NoOp@NoOp
12479992900:Push(E,E)@Push(E,E)|NoOp@NoOp|NoOp@NoOp
12480050600:Move(W)@Move(W)|NoOp@NoOp|NoOp@NoOp
12480108500:Move(W)@Move(W)|NoOp@NoOp|NoOp@NoOp
12480166400:Move(N)@Move(N)|NoOp@NoOp|NoOp@NoOp
12480224000:Move(N)@Move(N)|NoOp@NoOp|NoOp@NoOp
12480281800:Move(N)@Move(N)|NoOp@NoOp|NoOp@NoOp
12480339400:Move(N)@Move(N)|NoOp@NoOp|NoOp@NoOp
12480397100:Move(N)@Move(N)|NoOp@NoOp|NoOp@NoOp
12480454700:Move(N)@Move(N)|NoOp@NoOp|NoOp@NoOp
12480512400:Move(N)@Move(N)|NoOp@NoOp|NoOp@NoOp
12480570000:Move(N)@Move(N)|NoOp@NoOp|NoOp@NoOp
12480627600:Move(N)@Move(N)|NoOp@NoOp|NoOp@NoOp
12480696000:Move(N)@Move(N)|NoOp@NoOp|NoOp@NoOp
12480756000:Move(N)@Move(N)|NoOp@NoOp|NoOp@NoOp
12480813600:Move(N)@Move(N)|NoOp@NoOp|NoOp@NoOp
12480871200:Move(N)@Move(N)|NoOp@NoOp|NoOp@NoOp
12480928600:Move(N)@Move(N)|NoOp@NoOp|NoOp@NoOp
12480992500:Move(N)@Move(N)|NoOp@NoOp|NoOp@NoOp
12481050100:Move(W)@Move(W)|NoOp@NoOp|NoOp@NoOp
12481107600:Move(W)@Move(W)|NoOp@NoOp|NoOp@NoOp
12481165500:Move(W)@Move(W)|NoOp@NoOp|NoOp@NoOp
12481223300:Pull(E,E)@Pull(E,E)|NoOp@NoOp|NoOp@NoOp
12481281500:Pull(E,E)@Pull(E,E)|NoOp@NoOp|NoOp@NoOp
12481339600:Pull(E,E)@Pull(E,E)|NoOp@NoOp|NoOp@NoOp
12481397300:Pull(E,E)@Pull(E,E)|NoOp@NoOp|NoOp@NoOp
12481455500:Push(W,S)@Push(W,S)|NoOp@NoOp|NoOp@NoOp
12481514100:Push(S,S)@Push(S,S)|NoOp@NoOp|NoOp@NoOp
12481572500:Push(S,S)@Push(S,S)|NoOp@NoOp|NoOp@NoOp
12481630300:Push(S,S)@Push(S,S)|NoOp@NoOp|NoOp@NoOp
12481691800:Push(S,S)@Push(S,S)|NoOp@NoOp|NoOp@NoOp
12481749700:Push(S,S)@Push(S,S)|NoOp@NoOp|NoOp@NoOp
12481807900:Push(S,S)@Push(S,S)|NoOp@NoOp|NoOp@NoOp
12481865700:Push(S,S)@Push(S,S)|NoOp@NoOp|NoOp@NoOp
12481923800:Push(S,S)@Push(S,S)|NoOp@NoOp|NoOp@NoOp
12481981200:Push(S,S)@Push(S,S)|NoOp@NoOp|NoOp@NoOp
12482039000:Push(S,S)@Push(S,S)|NoOp@NoOp|NoOp@NoOp
12482097000:Push(S,S)@Push(S,S)|NoOp@NoOp|NoOp@NoOp
12482155000:Push(S,S)@Push(S,S)|NoOp@NoOp|NoOp@NoOp
12482213100:Push(S,S)@Push(S,S)|NoOp@NoOp|NoOp@NoOp
12482271200:Push(S,S)@Push(S,S)|NoOp@NoOp|NoOp@NoOp
12482329200:Push(S,S)@Push(S,S)|NoOp@NoOp|NoOp@NoOp
12482386900:Push(S,E)@Push(S,E)|NoOp@NoOp|NoOp@NoOp
12482444900:Push(E,E)@Push(E,E)|NoOp@NoOp|NoOp@NoOp
12482502600:Push(E,E)@Push(E,E)|NoOp@NoOp|NoOp@NoOp
12482560500:Push(E,E)@Push(E,E)|NoOp@NoOp|NoOp@NoOp
12482618100:Push(E,N)@Push(E,N)|NoOp@NoOp|NoOp@NoOp
12482681600:Push(N,E)@Push(N,E)|NoOp@NoOp|NoOp@NoOp
12482739600:Push(E,E)@Push(E,E)|NoOp@NoOp|NoOp@NoOp
12482797800:Push(E,E)@Push(E,E)|NoOp@NoOp|NoOp@NoOp
#end
#solved
true
#numactions
707
#time
12482797800
#end
